<html>
<body>
<pre>
<h1>µVision Build Log</h1>
<h2>Tool Versions:</h2>
IDE-Version: ¦ÌVision V5.43.1.0
Copyright (C) 2025 ARM Ltd and ARM Germany GmbH. All rights reserved.
License Information: a YZY, a, LIC=ZB4EI-TM0PJ-MM89I-TRKZ8-G69JU-XXQ4E
 
Tool Versions:
Toolchain:       MDK-ARM Plus  Version: 5.43.0.0
Toolchain Path:  D:\Keil\ARM\ARMCLANG\Bin
C Compiler:      ArmClang.exe V6.24
Assembler:       Armasm.exe V6.24
Linker/Locator:  ArmLink.exe V6.24
Library Manager: ArmAr.exe V6.24
Hex Converter:   FromElf.exe V6.24
CPU DLL:         SARMCM3.DLL V5.43.0.0
Dialog DLL:      DCM.DLL V1.17.5.0
Target DLL:      CMSIS_AGDI.dll V1.33.24.0
Dialog DLL:      TCM.DLL V1.56.6.0
 
<h2>Project:</h2>
F:\ACU\MDK-ARM\JP.uvprojx
Project File Date:  05/12/2026

<h2>Output:</h2>
*** Using Compiler 'V6.24', folder: 'D:\Keil\ARM\ARMCLANG\Bin'
Rebuild target 'JP'
assembling startup_stm32f103xe.s...
compiling stm32f1xx_it.c...
compiling main.c...
compiling flash.c...
compiling get_maf.c...
compiling exhaust.c...
compiling stm32f1xx_hal_msp.c...
compiling pump.c...
compiling flex.c...
compiling display_comm.c...
compiling display_show.c...
compiling spray.c...
compiling log.c...
compiling stm32f1xx_hal_gpio_ex.c...
compiling stm32f1xx_hal.c...
compiling stm32f1xx_hal_adc.c...
compiling stm32f1xx_hal_gpio.c...
compiling stm32f1xx_hal_rcc_ex.c...
compiling stm32f1xx_hal_rcc.c...
compiling stm32f1xx_hal_adc_ex.c...
compiling stm32f1xx_hal_tim_ex.c...
compiling stm32f1xx_hal_uart.c...
compiling stm32f1xx_hal_dma.c...
compiling stm32f1xx_hal_cortex.c...
compiling stm32f1xx_hal_pwr.c...
compiling stm32f1xx_hal_tim.c...
compiling stm32f1xx_hal_flash.c...
compiling stm32f1xx_hal_exti.c...
compiling stm32f1xx_hal_flash_ex.c...
compiling stm32f1xx_hal_dac_ex.c...
compiling stm32f1xx_hal_dac.c...
compiling system_stm32f1xx.c...
linking...
Program Size: Code=36248 RO-data=1912 RW-data=52 ZI-data=5988  
FromELF: creating hex file...
"JP\JP.axf" - 0 Error(s), 0 Warning(s).

<h2>Software Packages used:</h2>

Package Vendor: ARM
                https://www.keil.com/pack/ARM.CMSIS.6.2.0.pack
                ARM::CMSIS@6.2.0
                CMSIS (Common Microcontroller Software Interface Standard)
   * Component: CORE Version: 6.1.1

Package Vendor: Keil
                https://www.keil.com/pack/Keil.STM32F1xx_DFP.2.4.1.pack
                Keil::STM32F1xx_DFP@2.4.1
                STMicroelectronics STM32F1 Series Device Support, Drivers and Examples

<h2>Collection of Component include folders:</h2>
  ./RTE/_JP
  D:/Keil/ARM/CMSIS/6.2.0/CMSIS/Core/Include
  D:/Keil/Keil/STM32F1xx_DFP/2.4.1/Device/Include

<h2>Collection of Component Files used:</h2>

   * Component: ARM::CMSIS:CORE@6.1.1
Build Time Elapsed:  00:00:02
</pre>
</body>
</html>
