Component: Arm Compiler for Embedded 6.24 Tool: armlink [5f371500]

==============================================================================

Section Cross References

    startup_stm32f103xe.o(RESET) refers to startup_stm32f103xe.o(STACK) for __initial_sp
    startup_stm32f103xe.o(RESET) refers to startup_stm32f103xe.o(.text) for Reset_Handler
    startup_stm32f103xe.o(RESET) refers to stm32f1xx_it.o(.text.NMI_Handler) for NMI_Handler
    startup_stm32f103xe.o(RESET) refers to stm32f1xx_it.o(.text.HardFault_Handler) for HardFault_Handler
    startup_stm32f103xe.o(RESET) refers to stm32f1xx_it.o(.text.MemManage_Handler) for MemManage_Handler
    startup_stm32f103xe.o(RESET) refers to stm32f1xx_it.o(.text.BusFault_Handler) for BusFault_Handler
    startup_stm32f103xe.o(RESET) refers to stm32f1xx_it.o(.text.UsageFault_Handler) for UsageFault_Handler
    startup_stm32f103xe.o(RESET) refers to stm32f1xx_it.o(.text.SVC_Handler) for SVC_Handler
    startup_stm32f103xe.o(RESET) refers to stm32f1xx_it.o(.text.DebugMon_Handler) for DebugMon_Handler
    startup_stm32f103xe.o(RESET) refers to stm32f1xx_it.o(.text.PendSV_Handler) for PendSV_Handler
    startup_stm32f103xe.o(RESET) refers to stm32f1xx_it.o(.text.SysTick_Handler) for SysTick_Handler
    startup_stm32f103xe.o(RESET) refers to stm32f1xx_it.o(.text.DMA1_Channel1_IRQHandler) for DMA1_Channel1_IRQHandler
    startup_stm32f103xe.o(RESET) refers to stm32f1xx_it.o(.text.DMA1_Channel6_IRQHandler) for DMA1_Channel6_IRQHandler
    startup_stm32f103xe.o(RESET) refers to stm32f1xx_it.o(.text.EXTI9_5_IRQHandler) for EXTI9_5_IRQHandler
    startup_stm32f103xe.o(RESET) refers to stm32f1xx_it.o(.text.USART2_IRQHandler) for USART2_IRQHandler
    startup_stm32f103xe.o(.text) refers to system_stm32f1xx.o(.text.SystemInit) for SystemInit
    startup_stm32f103xe.o(.text) refers to entry.o(.ARM.Collect$$$$00000000) for __main
    main.o(.ARM.exidx.text.fputc) refers to main.o(.text.fputc) for [Anonymous Symbol]
    main.o(.text.main) refers to flash.o(.text.USER_FlashReadProtection) for USER_FlashReadProtection
    main.o(.text.main) refers to stm32f1xx_hal.o(.text.HAL_Init) for HAL_Init
    main.o(.text.main) refers to main.o(.text.SystemClock_Config) for SystemClock_Config
    main.o(.text.main) refers to main.o(.text.MX_GPIO_Init) for MX_GPIO_Init
    main.o(.text.main) refers to get_maf.o(.text.MX_ADC1_Init) for MX_ADC1_Init
    main.o(.text.main) refers to pump.o(.text.MX_TIM2_Init) for MX_TIM2_Init
    main.o(.text.main) refers to display_comm.o(.text.MX_USART2_UART_Init) for MX_USART2_UART_Init
    main.o(.text.main) refers to main.o(.text.MX_USART3_UART_Init) for MX_USART3_UART_Init
    main.o(.text.main) refers to flex.o(.text.MX_DAC_Init) for MX_DAC_Init
    main.o(.text.main) refers to display_show.o(.text.Flash_Init) for Flash_Init
    main.o(.text.main) refers to exhaust.o(.text.Exhaust_Init) for Exhaust_Init
    main.o(.text.main) refers to spray.o(.text.Spray_Init) for Spray_Init
    main.o(.text.main) refers to display_comm.o(.text.InitCommBuffer) for InitCommBuffer
    main.o(.text.main) refers to display_show.o(.text.Display_StartPage) for Display_StartPage
    main.o(.text.main) refers to display_show.o(.text.GetMode) for GetMode
    main.o(.text.main) refers to stm32f1xx_hal.o(.text.HAL_GetTick) for HAL_GetTick
    main.o(.text.main) refers to get_maf.o(.text.GetFreqHz_Task) for GetFreqHz_Task
    main.o(.text.main) refers to log.o(.text.Log_Task) for Log_Task
    main.o(.text.main) refers to flex.o(.text.Flex_DAC_Out) for Flex_DAC_Out
    main.o(.text.main) refers to pump.o(.text.A_MotorPump_Task) for A_MotorPump_Task
    main.o(.text.main) refers to pump.o(.text.B_MotorPump_Task) for B_MotorPump_Task
    main.o(.text.main) refers to exhaust.o(.text.ExhaustValve_Task) for ExhaustValve_Task
    main.o(.text.main) refers to spray.o(.text.Spray_Task) for Spray_Task
    main.o(.text.main) refers to display_show.o(.text.Display_Warning) for Display_Warning
    main.o(.text.main) refers to display_show.o(.text.Display_FactoryPage) for Display_FactoryPage
    main.o(.text.main) refers to display_show.o(.text.Display_BackgroundSetting) for Display_BackgroundSetting
    main.o(.text.main) refers to display_show.o(.text.Refresh_Setting) for Refresh_Setting
    main.o(.text.main) refers to display_comm.o(.text.Comm_unpack) for Comm_unpack
    main.o(.text.main) refers to display_comm.o(.text.Esp_unpack) for Esp_unpack
    main.o(.ARM.exidx.text.main) refers to main.o(.text.main) for [Anonymous Symbol]
    main.o(.text.SystemClock_Config) refers to memseta.o(.text) for __aeabi_memclr4
    main.o(.text.SystemClock_Config) refers to stm32f1xx_hal_rcc.o(.text.HAL_RCC_OscConfig) for HAL_RCC_OscConfig
    main.o(.text.SystemClock_Config) refers to main.o(.text.Error_Handler) for Error_Handler
    main.o(.text.SystemClock_Config) refers to stm32f1xx_hal_rcc.o(.text.HAL_RCC_ClockConfig) for HAL_RCC_ClockConfig
[...]
    .L.str.4                                 0x08008de3   Data          27  display_show.o(.rodata.str1.1)
    .L.str.6                                 0x08008dfe   Data          22  display_show.o(.rodata.str1.1)
    .L.str.5                                 0x08008e14   Data          20  display_show.o(.rodata.str1.1)
    .L.str.2                                 0x08008e28   Data          26  display_show.o(.rodata.str1.1)
    .L.str.1                                 0x08008e42   Data          27  display_show.o(.rodata.str1.1)
    .L.str.13                                0x08008e5d   Data          17  display_show.o(.rodata.str1.1)
    .L.str.61                                0x08008e6e   Data          12  display_show.o(.rodata.str1.1)
    .L.str.48                                0x08008e7a   Data          17  display_show.o(.rodata.str1.1)
    .L.str                                   0x08008e8b   Data          14  display_show.o(.rodata.str1.1)
    .L.str.62                                0x08008e99   Data          12  display_show.o(.rodata.str1.1)
    .L.str.47                                0x08008ea5   Data          17  display_show.o(.rodata.str1.1)
    .L.str.23                                0x08008eb6   Data          14  display_show.o(.rodata.str1.1)
    .L.str.20                                0x08008ec4   Data          19  display_show.o(.rodata.str1.1)
    .L.str.21                                0x08008ed7   Data          16  display_show.o(.rodata.str1.1)
    .L.str.18                                0x08008ee7   Data          18  display_show.o(.rodata.str1.1)
    .L.str.22                                0x08008ef9   Data          17  display_show.o(.rodata.str1.1)
    .L.str.12                                0x08008f0a   Data          16  display_show.o(.rodata.str1.1)
    .L.str.11                                0x08008f1a   Data          15  display_show.o(.rodata.str1.1)
    .L.str.7                                 0x08008f29   Data          20  display_show.o(.rodata.str1.1)
    .L.str.8                                 0x08008f3d   Data          20  display_show.o(.rodata.str1.1)
    .L.str                                   0x08008f51   Data          19  display_show.o(.rodata.str1.1)
    .L.str.9                                 0x08008f51   Data          19  display_show.o(.rodata.str1.1)
    .L.str                                   0x08008f64   Data          17  display_show.o(.rodata.str1.1)
    .L.str.10                                0x08008f64   Data          17  display_show.o(.rodata.str1.1)
    .L.str.41                                0x08008f75   Data          18  display_show.o(.rodata.str1.1)
    .L.str.40                                0x08008f87   Data          16  display_show.o(.rodata.str1.1)
    .L.str.24                                0x08008f97   Data          15  display_show.o(.rodata.str1.1)
    .L.str.25                                0x08008fa6   Data          16  display_show.o(.rodata.str1.1)
    .L.str.26                                0x08008fb6   Data          22  display_show.o(.rodata.str1.1)
    .L.str.53                                0x08008fcc   Data          17  display_show.o(.rodata.str1.1)
    .L.str.16                                0x08008fdd   Data          16  display_show.o(.rodata.str1.1)
    .L.str.27                                0x08008fed   Data          15  display_show.o(.rodata.str1.1)
    .L.str.28                                0x08008ffc   Data          16  display_show.o(.rodata.str1.1)
    .L.str.29                                0x0800900c   Data          22  display_show.o(.rodata.str1.1)
    .L.str.54                                0x08009022   Data          17  display_show.o(.rodata.str1.1)
    .L.str.17                                0x08009033   Data          16  display_show.o(.rodata.str1.1)
    .L.str.55                                0x08009043   Data          17  display_show.o(.rodata.str1.1)
    .L.str.32                                0x08009054   Data          17  display_show.o(.rodata.str1.1)
    .L.str.31                                0x08009065   Data          15  display_show.o(.rodata.str1.1)
    .L.str.34                                0x08009074   Data          17  display_show.o(.rodata.str1.1)
    .L.str.35                                0x08009085   Data          19  display_show.o(.rodata.str1.1)
    .L.str.46                                0x08009098   Data          18  display_show.o(.rodata.str1.1)
    .L.str.49                                0x080090aa   Data          18  display_show.o(.rodata.str1.1)
    .L.str.56                                0x080090bc   Data          19  display_show.o(.rodata.str1.1)
    .L.str.57                                0x080090cf   Data          19  display_show.o(.rodata.str1.1)
    .L.str.50                                0x080090e2   Data          18  display_show.o(.rodata.str1.1)
    .L.str.51                                0x080090f4   Data          18  display_show.o(.rodata.str1.1)
    .L.str.52                                0x08009106   Data          18  display_show.o(.rodata.str1.1)
    .L.str.38                                0x08009118   Data          19  display_show.o(.rodata.str1.1)
    .L.str.42                                0x0800912b   Data          20  display_show.o(.rodata.str1.1)
    .L.str.30                                0x0800913f   Data          20  display_show.o(.rodata.str1.1)
    .L.str.58                                0x08009153   Data          18  display_show.o(.rodata.str1.1)
    .L.str.33                                0x08009165   Data          20  display_show.o(.rodata.str1.1)
    .L.str.59                                0x08009179   Data          22  display_show.o(.rodata.str1.1)
    .L.str.44                                0x0800918f   Data          22  display_show.o(.rodata.str1.1)
    .L.str.37                                0x080091a5   Data          24  display_show.o(.rodata.str1.1)
    .L.str.39                                0x080091bd   Data          17  display_show.o(.rodata.str1.1)
    .L.str.45                                0x080091ce   Data          24  display_show.o(.rodata.str1.1)
    .L.str.43                                0x080091e6   Data          17  display_show.o(.rodata.str1.1)
    .L.str.36                                0x080091f7   Data          21  display_show.o(.rodata.str1.1)
    .L.str.60                                0x0800920c   Data          10  display_show.o(.rodata.str1.1)
    .L.str.63                                0x08009216   Data          23  display_show.o(.rodata.str1.1)
    .L.str                                   0x0800922d   Data           6  pump.o(.rodata.str1.1)
    [Anonymous Symbol]                       0x0800922d   Section        0  pump.o(.rodata.str1.1)
    .L.str.1                                 0x08009233   Data           6  pump.o(.rodata.str1.1)
    .L.str.2                                 0x08009239   Data          12  pump.o(.rodata.str1.1)
    .L.str.3                                 0x08009245   Data          13  pump.o(.rodata.str1.1)
    .L.str                                   0x08009252   Data          22  flex.o(.rodata.str1.1)
    [Anonymous Symbol]                       0x08009252   Section        0  flex.o(.rodata.str1.1)
    .L.str.2                                 0x08009268   Data          22  flex.o(.rodata.str1.1)
    .L.str.1                                 0x0800927e   Data          26  flex.o(.rodata.str1.1)
    .L.str.3                                 0x08009298   Data          26  flex.o(.rodata.str1.1)
    .L.str.4                                 0x080092b2   Data          27  flex.o(.rodata.str1.1)
    .L.str                                   0x080092cd   Data           9  log.o(.rodata.str1.1)
    [Anonymous Symbol]                       0x080092cd   Section        0  log.o(.rodata.str1.1)
    .L.str.2                                 0x080092d6   Data          16  log.o(.rodata.str1.1)
    .L.str.1                                 0x080092e6   Data          18  log.o(.rodata.str1.1)
    tim2_channels                            0x080092f8   Data          16  pump.o(.rodata.tim2_channels)
    [Anonymous Symbol]                       0x080092f8   Section        0  pump.o(.rodata.tim2_channels)
    warn_icons                               0x08009308   Data          12  display_show.o(.rodata.warn_icons)
    [Anonymous Symbol]                       0x08009308   Section        0  display_show.o(.rodata.warn_icons)
    .data                                    0x20000000   Section        4  stdout.o(.data)
    pump_a                                   0x20000008   Data          16  pump.o(.data.pump_a)
    [Anonymous Symbol]                       0x20000008   Section        0  pump.o(.data.pump_a)
    pump_b                                   0x20000018   Data          16  pump.o(.data.pump_b)
    [Anonymous Symbol]                       0x20000018   Section        0  pump.o(.data.pump_b)
    warn_shown                               0x20000030   Data           1  display_show.o(.data.warn_shown)
    [Anonymous Symbol]                       0x20000030   Section        0  display_show.o(.data.warn_shown)
    Comm_unpack.lens                         0x2000004c   Data           1  display_comm.o(.bss.Comm_unpack.lens)
    [Anonymous Symbol]                       0x2000004c   Section        0  display_comm.o(.bss.Comm_unpack.lens)
    Comm_unpack.temp                         0x2000004d   Data         100  display_comm.o(.bss.Comm_unpack.temp)
    [Anonymous Symbol]                       0x2000004d   Section        0  display_comm.o(.bss.Comm_unpack.temp)
    EspFrame_Type                            0x200000f2   Data          10  display_comm.o(.bss.EspFrame_Type)
    [Anonymous Symbol]                       0x200000f2   Section        0  display_comm.o(.bss.EspFrame_Type)
    Esp_unpack.lens                          0x20000160   Data           1  display_comm.o(.bss.Esp_unpack.lens)
    [Anonymous Symbol]                       0x20000160   Section        0  display_comm.o(.bss.Esp_unpack.lens)
    Esp_unpack.temp                          0x20000161   Data         100  display_comm.o(.bss.Esp_unpack.temp)
    [Anonymous Symbol]                       0x20000161   Section        0  display_comm.o(.bss.Esp_unpack.temp)
    Mode                                     0x200001c5   Data           1  display_show.o(.bss.Mode)
    [Anonymous Symbol]                       0x200001c5   Section        0  display_show.o(.bss.Mode)
    TransportFrame_Type                      0x20000a6a   Data          10  display_comm.o(.bss.TransportFrame_Type)
    [Anonymous Symbol]                       0x20000a6a   Section        0  display_comm.o(.bss.TransportFrame_Type)
    close_delay_active                       0x20000a74   Data           1  exhaust.o(.bss.close_delay_active)
    [Anonymous Symbol]                       0x20000a74   Section        0  exhaust.o(.bss.close_delay_active)
    close_delay_start                        0x20000a78   Data           4  exhaust.o(.bss.close_delay_start)
    [Anonymous Symbol]                       0x20000a78   Section        0  exhaust.o(.bss.close_delay_start)
    comm_buffer                              0x20000a7c   Data         100  display_comm.o(.bss.comm_buffer)
    [Anonymous Symbol]                       0x20000a7c   Section        0  display_comm.o(.bss.comm_buffer)
    display_cmd                              0x20000ae0   Data           2  display_comm.o(.bss.display_cmd)
    [Anonymous Symbol]                       0x20000ae0   Section        0  display_comm.o(.bss.display_cmd)
    esp_buffer                               0x20000ae2   Data         100  display_comm.o(.bss.esp_buffer)
    [Anonymous Symbol]                       0x20000ae2   Section        0  display_comm.o(.bss.esp_buffer)
    esp_cmd                                  0x20000b46   Data           2  display_comm.o(.bss.esp_cmd)
    [Anonymous Symbol]                       0x20000b46   Section        0  display_comm.o(.bss.esp_cmd)
    esp_recv_offset                          0x20000b48   Data           1  display_comm.o(.bss.esp_recv_offset)
    [Anonymous Symbol]                       0x20000b48   Section        0  display_comm.o(.bss.esp_recv_offset)
    exit_cnt                                 0x20000b4a   Data           2  stm32f1xx_it.o(.bss.exit_cnt)
    [Anonymous Symbol]                       0x20000b4a   Section        0  stm32f1xx_it.o(.bss.exit_cnt)
    freq_hz                                  0x20000b4c   Data           2  stm32f1xx_it.o(.bss.freq_hz)
    [Anonymous Symbol]                       0x20000b4c   Section        0  stm32f1xx_it.o(.bss.freq_hz)
    freq_show                                0x20000b4e   Data           2  get_maf.o(.bss.freq_show)
    [Anonymous Symbol]                       0x20000b4e   Section        0  get_maf.o(.bss.freq_show)
    last_dim                                 0x20000d30   Data           1  display_show.o(.bss.last_dim)
    [Anonymous Symbol]                       0x20000d30   Section        0  display_show.o(.bss.last_dim)
    last_main                                0x20000d31   Data           1  spray.o(.bss.last_main)
    [Anonymous Symbol]                       0x20000d31   Section        0  spray.o(.bss.last_main)
    log_buf                                  0x20000d32   Data        1518  log.o(.bss.log_buf)
    [Anonymous Symbol]                       0x20000d32   Section        0  log.o(.bss.log_buf)
    log_count                                0x20001320   Data           6  log.o(.bss.log_count)
    [Anonymous Symbol]                       0x20001320   Section        0  log.o(.bss.log_count)
    log_cur                                  0x20001326   Data           1  log.o(.bss.log_cur)
    [Anonymous Symbol]                       0x20001326   Section        0  log.o(.bss.log_cur)
    log_flush_cnt                            0x20001328   Data           1  log.o(.bss.log_flush_cnt)
    [Anonymous Symbol]                       0x20001328   Section        0  log.o(.bss.log_flush_cnt)
    log_len                                  0x2000132a   Data          12  log.o(.bss.log_len)
    [Anonymous Symbol]                       0x2000132a   Section        0  log.o(.bss.log_len)
    log_seq                                  0x20001336   Data           2  log.o(.bss.log_seq)
    [Anonymous Symbol]                       0x20001336   Section        0  log.o(.bss.log_seq)
    log_started                              0x20001338   Data           1  log.o(.bss.log_started)
    [Anonymous Symbol]                       0x20001338   Section        0  log.o(.bss.log_started)
    low_cnt                                  0x2000133c   Data           4  flex.o(.bss.low_cnt)
    [Anonymous Symbol]                       0x2000133c   Section        0  flex.o(.bss.low_cnt)
    pa1_duty                                 0x20001360   Data           1  flex.o(.bss.pa1_duty)
    [Anonymous Symbol]                       0x20001360   Section        0  flex.o(.bss.pa1_duty)
    pa1_ethanol                              0x20001362   Data           2  flex.o(.bss.pa1_ethanol)
    [Anonymous Symbol]                       0x20001362   Section        0  flex.o(.bss.pa1_ethanol)
    pa1_ethanol_sum                          0x20001364   Data           4  flex.o(.bss.pa1_ethanol_sum)
    [Anonymous Symbol]                       0x20001364   Section        0  flex.o(.bss.pa1_ethanol_sum)
    pa1_freq                                 0x20001368   Data           2  flex.o(.bss.pa1_freq)
    [Anonymous Symbol]                       0x20001368   Section        0  flex.o(.bss.pa1_freq)
    pa1_high_cnt                             0x2000136a   Data           2  flex.o(.bss.pa1_high_cnt)
    [Anonymous Symbol]                       0x2000136a   Section        0  flex.o(.bss.pa1_high_cnt)
    pa1_last_state                           0x2000136c   Data           1  flex.o(.bss.pa1_last_state)
    [Anonymous Symbol]                       0x2000136c   Section        0  flex.o(.bss.pa1_last_state)
    pa1_rising_cnt                           0x2000136e   Data           2  flex.o(.bss.pa1_rising_cnt)
    [Anonymous Symbol]                       0x2000136e   Section        0  flex.o(.bss.pa1_rising_cnt)
    pa1_temp_sum                             0x20001370   Data           4  flex.o(.bss.pa1_temp_sum)
    [Anonymous Symbol]                       0x20001370   Section        0  flex.o(.bss.pa1_temp_sum)
    pa1_temp_x10                             0x20001374   Data           2  flex.o(.bss.pa1_temp_x10)
    [Anonymous Symbol]                       0x20001374   Section        0  flex.o(.bss.pa1_temp_x10)
    pa1_window_cnt                           0x20001376   Data           2  flex.o(.bss.pa1_window_cnt)
    [Anonymous Symbol]                       0x20001376   Section        0  flex.o(.bss.pa1_window_cnt)
    raw_eth                                  0x20001378   Data           2  flex.o(.bss.raw_eth)
    [Anonymous Symbol]                       0x20001378   Section        0  flex.o(.bss.raw_eth)
    raw_temp                                 0x2000137a   Data           2  flex.o(.bss.raw_temp)
    [Anonymous Symbol]                       0x2000137a   Section        0  flex.o(.bss.raw_temp)
    recv_offset                              0x2000137c   Data           1  display_comm.o(.bss.recv_offset)
    [Anonymous Symbol]                       0x2000137c   Section        0  display_comm.o(.bss.recv_offset)
    spray_on                                 0x2000137d   Data           1  spray.o(.bss.spray_on)
    [Anonymous Symbol]                       0x2000137d   Section        0  spray.o(.bss.spray_on)
    state_start                              0x20001380   Data           4  spray.o(.bss.state_start)
    [Anonymous Symbol]                       0x20001380   Section        0  spray.o(.bss.state_start)
    time                                     0x20001386   Data           2  stm32f1xx_it.o(.bss.time)
    [Anonymous Symbol]                       0x20001386   Section        0  stm32f1xx_it.o(.bss.time)
    valve_open                               0x2000138c   Data           1  exhaust.o(.bss.valve_open)
    [Anonymous Symbol]                       0x2000138c   Section        0  exhaust.o(.bss.valve_open)
    warn_slot                                0x2000138d   Data           1  display_show.o(.bss.warn_slot)
    [Anonymous Symbol]                       0x2000138d   Section        0  display_show.o(.bss.warn_slot)
    warn_tick                                0x20001390   Data           4  display_show.o(.bss.warn_tick)
    [Anonymous Symbol]                       0x20001390   Section        0  display_show.o(.bss.warn_tick)
    STACK                                    0x20001398   Section     1024  startup_stm32f103xe.o(STACK)

    Global Symbols

    Symbol Name                              Value     Ov Type        Size  Object(Section)

    BuildAttributes$$THM_ISAv4$P$D$K$B$S$PE$A:L22UL41UL21$X:L11$S22US41US21$IEEE1$IW$~IW$USESV6$~STKCKD$USESV7$~SHL$OSPACE$ROPI$EBA8$MICROLIB$REQ8$PRES8$EABIv2 0x00000000   Number         0  anon$$obj.o ABSOLUTE
    __cpp_initialize__aeabi_                  - Undefined Weak Reference
    __cxa_finalize                            - Undefined Weak Reference
    __decompress                              - Undefined Weak Reference
    _clock_init                               - Undefined Weak Reference
    _microlib_exit                            - Undefined Weak Reference
    __Vectors_Size                           0x00000130   Number         0  startup_stm32f103xe.o ABSOLUTE
    __Vectors                                0x08000000   Data           4  startup_stm32f103xe.o(RESET)
    __Vectors_End                            0x08000130   Data           0  startup_stm32f103xe.o(RESET)
    __main                                   0x08000131   Thumb Code     0  entry.o(.ARM.Collect$$$$00000000)
    _main_stk                                0x08000131   Thumb Code     0  entry2.o(.ARM.Collect$$$$00000001)
    _main_scatterload                        0x08000135   Thumb Code     0  entry5.o(.ARM.Collect$$$$00000004)
    __main_after_scatterload                 0x08000139   Thumb Code     0  entry5.o(.ARM.Collect$$$$00000004)
    _main_clock                              0x08000139   Thumb Code     0  entry7b.o(.ARM.Collect$$$$00000008)
    _main_cpp_init                           0x08000139   Thumb Code     0  entry8b.o(.ARM.Collect$$$$0000000A)
    _main_init                               0x08000139   Thumb Code     0  entry9a.o(.ARM.Collect$$$$0000000B)
    __rt_final_cpp                           0x08000141   Thumb Code     0  entry10a.o(.ARM.Collect$$$$0000000D)
    __rt_final_exit                          0x08000141   Thumb Code     0  entry11a.o(.ARM.Collect$$$$0000000F)
    Reset_Handler                            0x08000145   Thumb Code     8  startup_stm32f103xe.o(.text)
    ADC1_2_IRQHandler                        0x0800015f   Thumb Code     0  startup_stm32f103xe.o(.text)
    ADC3_IRQHandler                          0x0800015f   Thumb Code     0  startup_stm32f103xe.o(.text)
    CAN1_RX1_IRQHandler                      0x0800015f   Thumb Code     0  startup_stm32f103xe.o(.text)
    CAN1_SCE_IRQHandler                      0x0800015f   Thumb Code     0  startup_stm32f103xe.o(.text)
    DMA1_Channel2_IRQHandler                 0x0800015f   Thumb Code     0  startup_stm32f103xe.o(.text)
    DMA1_Channel3_IRQHandler                 0x0800015f   Thumb Code     0  startup_stm32f103xe.o(.text)
    DMA1_Channel4_IRQHandler                 0x0800015f   Thumb Code     0  startup_stm32f103xe.o(.text)
    DMA1_Channel5_IRQHandler                 0x0800015f   Thumb Code     0  startup_stm32f103xe.o(.text)
    DMA1_Channel7_IRQHandler                 0x0800015f   Thumb Code     0  startup_stm32f103xe.o(.text)
    DMA2_Channel1_IRQHandler                 0x0800015f   Thumb Code     0  startup_stm32f103xe.o(.text)
    DMA2_Channel2_IRQHandler                 0x0800015f   Thumb Code     0  startup_stm32f103xe.o(.text)
    DMA2_Channel3_IRQHandler                 0x0800015f   Thumb Code     0  startup_stm32f103xe.o(.text)
    DMA2_Channel4_5_IRQHandler               0x0800015f   Thumb Code     0  startup_stm32f103xe.o(.text)
    EXTI0_IRQHandler                         0x0800015f   Thumb Code     0  startup_stm32f103xe.o(.text)
    EXTI15_10_IRQHandler                     0x0800015f   Thumb Code     0  startup_stm32f103xe.o(.text)
    EXTI1_IRQHandler                         0x0800015f   Thumb Code     0  startup_stm32f103xe.o(.text)
    EXTI2_IRQHandler                         0x0800015f   Thumb Code     0  startup_stm32f103xe.o(.text)
    EXTI3_IRQHandler                         0x0800015f   Thumb Code     0  startup_stm32f103xe.o(.text)
    EXTI4_IRQHandler                         0x0800015f   Thumb Code     0  startup_stm32f103xe.o(.text)
    FLASH_IRQHandler                         0x0800015f   Thumb Code     0  startup_stm32f103xe.o(.text)
    FSMC_IRQHandler                          0x0800015f   Thumb Code     0  startup_stm32f103xe.o(.text)
    I2C1_ER_IRQHandler                       0x0800015f   Thumb Code     0  startup_stm32f103xe.o(.text)
    I2C1_EV_IRQHandler                       0x0800015f   Thumb Code     0  startup_stm32f103xe.o(.text)
    I2C2_ER_IRQHandler                       0x0800015f   Thumb Code     0  startup_stm32f103xe.o(.text)
    I2C2_EV_IRQHandler                       0x0800015f   Thumb Code     0  startup_stm32f103xe.o(.text)
    PVD_IRQHandler                           0x0800015f   Thumb Code     0  startup_stm32f103xe.o(.text)
    RCC_IRQHandler                           0x0800015f   Thumb Code     0  startup_stm32f103xe.o(.text)
    RTC_Alarm_IRQHandler                     0x0800015f   Thumb Code     0  startup_stm32f103xe.o(.text)
    RTC_IRQHandler                           0x0800015f   Thumb Code     0  startup_stm32f103xe.o(.text)
    SDIO_IRQHandler                          0x0800015f   Thumb Code     0  startup_stm32f103xe.o(.text)
    SPI1_IRQHandler                          0x0800015f   Thumb Code     0  startup_stm32f103xe.o(.text)
    SPI2_IRQHandler                          0x0800015f   Thumb Code     0  startup_stm32f103xe.o(.text)
    SPI3_IRQHandler                          0x0800015f   Thumb Code     0  startup_stm32f103xe.o(.text)
    TAMPER_IRQHandler                        0x0800015f   Thumb Code     0  startup_stm32f103xe.o(.text)
    TIM1_BRK_IRQHandler                      0x0800015f   Thumb Code     0  startup_stm32f103xe.o(.text)
    TIM1_CC_IRQHandler                       0x0800015f   Thumb Code     0  startup_stm32f103xe.o(.text)
    TIM1_TRG_COM_IRQHandler                  0x0800015f   Thumb Code     0  startup_stm32f103xe.o(.text)
    TIM1_UP_IRQHandler                       0x0800015f   Thumb Code     0  startup_stm32f103xe.o(.text)
    TIM2_IRQHandler                          0x0800015f   Thumb Code     0  startup_stm32f103xe.o(.text)
    TIM3_IRQHandler                          0x0800015f   Thumb Code     0  startup_stm32f103xe.o(.text)
    TIM4_IRQHandler                          0x0800015f   Thumb Code     0  startup_stm32f103xe.o(.text)
    TIM5_IRQHandler                          0x0800015f   Thumb Code     0  startup_stm32f103xe.o(.text)
    TIM6_IRQHandler                          0x0800015f   Thumb Code     0  startup_stm32f103xe.o(.text)
    TIM7_IRQHandler                          0x0800015f   Thumb Code     0  startup_stm32f103xe.o(.text)
    TIM8_BRK_IRQHandler                      0x0800015f   Thumb Code     0  startup_stm32f103xe.o(.text)
    TIM8_CC_IRQHandler                       0x0800015f   Thumb Code     0  startup_stm32f103xe.o(.text)
    TIM8_TRG_COM_IRQHandler                  0x0800015f   Thumb Code     0  startup_stm32f103xe.o(.text)
    TIM8_UP_IRQHandler                       0x0800015f   Thumb Code     0  startup_stm32f103xe.o(.text)
    UART4_IRQHandler                         0x0800015f   Thumb Code     0  startup_stm32f103xe.o(.text)
    UART5_IRQHandler                         0x0800015f   Thumb Code     0  startup_stm32f103xe.o(.text)
    USART1_IRQHandler                        0x0800015f   Thumb Code     0  startup_stm32f103xe.o(.text)
    USART3_IRQHandler                        0x0800015f   Thumb Code     0  startup_stm32f103xe.o(.text)
    USBWakeUp_IRQHandler                     0x0800015f   Thumb Code     0  startup_stm32f103xe.o(.text)
    USB_HP_CAN1_TX_IRQHandler                0x0800015f   Thumb Code     0  startup_stm32f103xe.o(.text)
    USB_LP_CAN1_RX0_IRQHandler               0x0800015f   Thumb Code     0  startup_stm32f103xe.o(.text)
    WWDG_IRQHandler                          0x0800015f   Thumb Code     0  startup_stm32f103xe.o(.text)
    __aeabi_uldivmod                         0x08000169   Thumb Code    98  uldiv.o(.text)
    __aeabi_ldivmod                          0x080001cb   Thumb Code    98  ldiv.o(.text)
    __aeabi_memcpy                           0x0800022d   Thumb Code    36  memcpya.o(.text)
    __aeabi_memcpy4                          0x0800022d   Thumb Code     0  memcpya.o(.text)
    __aeabi_memcpy8                          0x0800022d   Thumb Code     0  memcpya.o(.text)
    __aeabi_memset                           0x08000251   Thumb Code    14  memseta.o(.text)
    __aeabi_memset4                          0x08000251   Thumb Code     0  memseta.o(.text)
    __aeabi_memset8                          0x08000251   Thumb Code     0  memseta.o(.text)
    __aeabi_memclr                           0x0800025f   Thumb Code     4  memseta.o(.text)
    __aeabi_memclr4                          0x0800025f   Thumb Code     0  memseta.o(.text)
    __aeabi_memclr8                          0x0800025f   Thumb Code     0  memseta.o(.text)
    _memset$wrapper                          0x08000263   Thumb Code    18  memseta.o(.text)
    memcmp                                   0x08000275   Thumb Code    26  memcmp.o(.text)
    __aeabi_uidiv                            0x0800028f   Thumb Code     0  uidiv.o(.text)
    __aeabi_uidivmod                         0x0800028f   Thumb Code    44  uidiv.o(.text)
    __aeabi_llsl                             0x080002bb   Thumb Code    30  llshl.o(.text)
    _ll_shift_l                              0x080002bb   Thumb Code     0  llshl.o(.text)
    __aeabi_llsr                             0x080002d9   Thumb Code    32  llushr.o(.text)
    _ll_ushift_r                             0x080002d9   Thumb Code     0  llushr.o(.text)
    __I$use$fp                               0x080002f9   Thumb Code     0  iusefp.o(.text)
    __aeabi_dadd                             0x080002f9   Thumb Code   322  dadd.o(.text)
    __aeabi_dsub                             0x0800043b   Thumb Code     6  dadd.o(.text)
    __aeabi_drsub                            0x08000441   Thumb Code     6  dadd.o(.text)
    __aeabi_dmul                             0x08000447   Thumb Code   228  dmul.o(.text)
    __aeabi_ddiv                             0x0800052b   Thumb Code   222  ddiv.o(.text)
    __aeabi_d2ulz                            0x08000609   Thumb Code    48  dfixul.o(.text)
    __aeabi_cdrcmple                         0x08000639   Thumb Code    48  cdrcmple.o(.text)
    __scatterload                            0x08000669   Thumb Code    38  init.o(.text)
    __scatterload_rt2                        0x08000669   Thumb Code     0  init.o(.text)
    __aeabi_lasr                             0x08000699   Thumb Code    36  llsshr.o(.text)
    _ll_sshift_r                             0x08000699   Thumb Code     0  llsshr.o(.text)
    _double_round                            0x080006bd   Thumb Code    30  depilogue.o(.text)
    _double_epilogue                         0x080006db   Thumb Code   156  depilogue.o(.text)
    ADC_ConversionStop_Disable               0x08000779   Thumb Code   130  stm32f1xx_hal_adc.o(.text.ADC_ConversionStop_Disable)
    ADC_DMAConvCplt                          0x080007fd   Thumb Code   120  stm32f1xx_hal_adc.o(.text.ADC_DMAConvCplt)
    ADC_DMAError                             0x08000875   Thumb Code    42  stm32f1xx_hal_adc.o(.text.ADC_DMAError)
    ADC_DMAHalfConvCplt                      0x080008a1   Thumb Code    22  stm32f1xx_hal_adc.o(.text.ADC_DMAHalfConvCplt)
    ADC_Enable                               0x080008b9   Thumb Code   188  stm32f1xx_hal_adc.o(.text.ADC_Enable)
    A_MotorPump_Task                         0x08000975   Thumb Code    92  pump.o(.text.A_MotorPump_Task)
    B_MotorPump_Task                         0x080009d1   Thumb Code    92  pump.o(.text.B_MotorPump_Task)
    BusFault_Handler                         0x08000a2d   Thumb Code     4  stm32f1xx_it.o(.text.BusFault_Handler)
    Comm_unpack                              0x08000b9d   Thumb Code   528  display_comm.o(.text.Comm_unpack)
    DMA1_Channel1_IRQHandler                 0x08000ec1   Thumb Code    16  stm32f1xx_it.o(.text.DMA1_Channel1_IRQHandler)
    DMA1_Channel6_IRQHandler                 0x08000ed1   Thumb Code     2  stm32f1xx_it.o(.text.DMA1_Channel6_IRQHandler)
    DebugMon_Handler                         0x08000f25   Thumb Code     2  stm32f1xx_it.o(.text.DebugMon_Handler)
    Display_BackgroundSetting                0x08000f29   Thumb Code   148  display_show.o(.text.Display_BackgroundSetting)
    Display_FactoryPage                      0x08000fbd   Thumb Code   316  display_show.o(.text.Display_FactoryPage)
    Display_SettingPage                      0x080010f9   Thumb Code   858  display_show.o(.text.Display_SettingPage)
    Display_StartPage                        0x08001455   Thumb Code   764  display_show.o(.text.Display_StartPage)
    Display_Warning                          0x08001751   Thumb Code   388  display_show.o(.text.Display_Warning)
    EXTI9_5_IRQHandler                       0x080018d5   Thumb Code    48  stm32f1xx_it.o(.text.EXTI9_5_IRQHandler)
    Error_Handler                            0x08001905   Thumb Code     2  main.o(.text.Error_Handler)
    Esp_unpack                               0x080019f9   Thumb Code   528  display_comm.o(.text.Esp_unpack)
    ExhaustValve_GetState                    0x08001c61   Thumb Code    12  exhaust.o(.text.ExhaustValve_GetState)
    ExhaustValve_Task                        0x08001c6d   Thumb Code   304  exhaust.o(.text.ExhaustValve_Task)
    Exhaust_Init                             0x08001d9d   Thumb Code    76  exhaust.o(.text.Exhaust_Init)
    FLASH_PageErase                          0x080022a5   Thumb Code    56  stm32f1xx_hal_flash_ex.o(.text.FLASH_PageErase)
    FLASH_WaitForLastOperation               0x0800241d   Thumb Code   280  stm32f1xx_hal_flash.o(.text.FLASH_WaitForLastOperation)
    Flash_Init                               0x08002535   Thumb Code    48  display_show.o(.text.Flash_Init)
    Flash_ReadSetting                        0x08002565   Thumb Code    32  flash.o(.text.Flash_ReadSetting)
    Flash_WriteSetting                       0x08002585   Thumb Code    32  flash.o(.text.Flash_WriteSetting)
    Flex_DAC_Out                             0x080025a5   Thumb Code   412  flex.o(.text.Flex_DAC_Out)
    GetDisplay_Cmd                           0x08002741   Thumb Code    70  display_comm.o(.text.GetDisplay_Cmd)
    GetFreqHz_Task                           0x08002789   Thumb Code   116  get_maf.o(.text.GetFreqHz_Task)
    GetFreqShow                              0x080027fd   Thumb Code    12  get_maf.o(.text.GetFreqShow)
    GetMode                                  0x08002809   Thumb Code    12  display_show.o(.text.GetMode)
    GetTestData                              0x08002815   Thumb Code    12  display_show.o(.text.GetTestData)
    Get_Flex_Ethanol                         0x08002821   Thumb Code    12  flex.o(.text.Get_Flex_Ethanol)
    Get_Flex_Temp_x10                        0x0800282d   Thumb Code    14  flex.o(.text.Get_Flex_Temp_x10)
    Get_FreqHz                               0x0800283d   Thumb Code    12  stm32f1xx_it.o(.text.Get_FreqHz)
    Get_Mv_Maf                               0x08002849   Thumb Code    18  get_maf.o(.text.Get_Mv_Maf)
    Get_Mv_Maf_FromAdc                       0x0800285d   Thumb Code    56  get_maf.o(.text.Get_Mv_Maf_FromAdc)
    HAL_ADCEx_Calibration_Start              0x08002895   Thumb Code   390  stm32f1xx_hal_adc_ex.o(.text.HAL_ADCEx_Calibration_Start)
    HAL_ADC_ConfigChannel                    0x08002a1d   Thumb Code   436  stm32f1xx_hal_adc.o(.text.HAL_ADC_ConfigChannel)
    HAL_ADC_ConvCpltCallback                 0x08002bd1   Thumb Code     8  stm32f1xx_hal_adc.o(.text.HAL_ADC_ConvCpltCallback)
    HAL_ADC_ConvHalfCpltCallback             0x08002bd9   Thumb Code     8  stm32f1xx_hal_adc.o(.text.HAL_ADC_ConvHalfCpltCallback)
    HAL_ADC_ErrorCallback                    0x08002be1   Thumb Code     8  stm32f1xx_hal_adc.o(.text.HAL_ADC_ErrorCallback)
    HAL_ADC_Init                             0x08002be9   Thumb Code   594  stm32f1xx_hal_adc.o(.text.HAL_ADC_Init)
    HAL_ADC_MspInit                          0x08002e3d   Thumb Code   338  stm32f1xx_hal_msp.o(.text.HAL_ADC_MspInit)
    HAL_ADC_Start_DMA                        0x08002f91   Thumb Code   550  stm32f1xx_hal_adc.o(.text.HAL_ADC_Start_DMA)
    HAL_DAC_ConfigChannel                    0x080031b9   Thumb Code   162  stm32f1xx_hal_dac.o(.text.HAL_DAC_ConfigChannel)
    HAL_DAC_Init                             0x0800325d   Thumb Code    74  stm32f1xx_hal_dac.o(.text.HAL_DAC_Init)
    HAL_DAC_MspInit                          0x080032a9   Thumb Code   122  stm32f1xx_hal_msp.o(.text.HAL_DAC_MspInit)
    HAL_DAC_SetValue                         0x08003325   Thumb Code    62  stm32f1xx_hal_dac.o(.text.HAL_DAC_SetValue)
    HAL_DAC_Start                            0x08003365   Thumb Code   176  stm32f1xx_hal_dac.o(.text.HAL_DAC_Start)
    HAL_DMA_IRQHandler                       0x08003415   Thumb Code  1668  stm32f1xx_hal_dma.o(.text.HAL_DMA_IRQHandler)
    HAL_DMA_Init                             0x08003a99   Thumb Code   244  stm32f1xx_hal_dma.o(.text.HAL_DMA_Init)
    HAL_DMA_Start_IT                         0x08003b8d   Thumb Code   202  stm32f1xx_hal_dma.o(.text.HAL_DMA_Start_IT)
    HAL_Delay                                0x08003c59   Thumb Code    66  stm32f1xx_hal.o(.text.HAL_Delay)
    HAL_FLASHEx_OBErase                      0x08003c9d   Thumb Code   136  stm32f1xx_hal_flash_ex.o(.text.HAL_FLASHEx_OBErase)
    HAL_FLASHEx_OBGetConfig                  0x08003d25   Thumb Code    40  stm32f1xx_hal_flash_ex.o(.text.HAL_FLASHEx_OBGetConfig)
    HAL_FLASHEx_OBProgram                    0x08003d4d   Thumb Code   354  stm32f1xx_hal_flash_ex.o(.text.HAL_FLASHEx_OBProgram)
    HAL_FLASH_Lock                           0x08003eb1   Thumb Code    20  stm32f1xx_hal_flash.o(.text.HAL_FLASH_Lock)
    HAL_FLASH_OB_Launch                      0x08003ec5   Thumb Code     8  stm32f1xx_hal_flash.o(.text.HAL_FLASH_OB_Launch)
    HAL_FLASH_OB_Unlock                      0x08003ecd   Thumb Code    74  stm32f1xx_hal_flash.o(.text.HAL_FLASH_OB_Unlock)
    HAL_FLASH_Program                        0x08003f19   Thumb Code   300  stm32f1xx_hal_flash.o(.text.HAL_FLASH_Program)
    HAL_FLASH_Unlock                         0x08004045   Thumb Code    90  stm32f1xx_hal_flash.o(.text.HAL_FLASH_Unlock)
    HAL_GPIO_Init                            0x080040a1   Thumb Code   854  stm32f1xx_hal_gpio.o(.text.HAL_GPIO_Init)
    HAL_GPIO_ReadPin                         0x080043f9   Thumb Code    46  stm32f1xx_hal_gpio.o(.text.HAL_GPIO_ReadPin)
    HAL_GPIO_WritePin                        0x08004429   Thumb Code    46  stm32f1xx_hal_gpio.o(.text.HAL_GPIO_WritePin)
    HAL_GetTick                              0x08004459   Thumb Code    12  stm32f1xx_hal.o(.text.HAL_GetTick)
    HAL_IncTick                              0x08004465   Thumb Code    26  stm32f1xx_hal.o(.text.HAL_IncTick)
    HAL_Init                                 0x08004481   Thumb Code    44  stm32f1xx_hal.o(.text.HAL_Init)
    HAL_InitTick                             0x080044ad   Thumb Code   112  stm32f1xx_hal.o(.text.HAL_InitTick)
    HAL_MspInit                              0x0800451d   Thumb Code   100  stm32f1xx_hal_msp.o(.text.HAL_MspInit)
    HAL_NVIC_EnableIRQ                       0x08004581   Thumb Code    20  stm32f1xx_hal_cortex.o(.text.HAL_NVIC_EnableIRQ)
    HAL_NVIC_SetPriority                     0x08004595   Thumb Code    50  stm32f1xx_hal_cortex.o(.text.HAL_NVIC_SetPriority)
    HAL_NVIC_SetPriorityGrouping             0x080045c9   Thumb Code    16  stm32f1xx_hal_cortex.o(.text.HAL_NVIC_SetPriorityGrouping)
    HAL_NVIC_SystemReset                     0x080045d9   Thumb Code     4  stm32f1xx_hal_cortex.o(.text.HAL_NVIC_SystemReset)
    HAL_RCCEx_GetPeriphCLKFreq               0x080045dd   Thumb Code   470  stm32f1xx_hal_rcc_ex.o(.text.HAL_RCCEx_GetPeriphCLKFreq)
    HAL_RCCEx_PeriphCLKConfig                0x080047b5   Thumb Code   456  stm32f1xx_hal_rcc_ex.o(.text.HAL_RCCEx_PeriphCLKConfig)
    HAL_RCC_ClockConfig                      0x0800497d   Thumb Code   598  stm32f1xx_hal_rcc.o(.text.HAL_RCC_ClockConfig)
    HAL_RCC_GetHCLKFreq                      0x08004bd5   Thumb Code    12  stm32f1xx_hal_rcc.o(.text.HAL_RCC_GetHCLKFreq)
    HAL_RCC_GetPCLK1Freq                     0x08004be1   Thumb Code    34  stm32f1xx_hal_rcc.o(.text.HAL_RCC_GetPCLK1Freq)
    HAL_RCC_GetPCLK2Freq                     0x08004c05   Thumb Code    34  stm32f1xx_hal_rcc.o(.text.HAL_RCC_GetPCLK2Freq)
    HAL_RCC_GetSysClockFreq                  0x08004c29   Thumb Code   228  stm32f1xx_hal_rcc.o(.text.HAL_RCC_GetSysClockFreq)
    HAL_RCC_OscConfig                        0x08004d0d   Thumb Code  1658  stm32f1xx_hal_rcc.o(.text.HAL_RCC_OscConfig)
    HAL_SYSTICK_Config                       0x08005389   Thumb Code    16  stm32f1xx_hal_cortex.o(.text.HAL_SYSTICK_Config)
    HAL_TIMEx_MasterConfigSynchronization    0x08005399   Thumb Code   256  stm32f1xx_hal_tim_ex.o(.text.HAL_TIMEx_MasterConfigSynchronization)
    HAL_TIM_Base_Init                        0x08005499   Thumb Code   156  stm32f1xx_hal_tim.o(.text.HAL_TIM_Base_Init)
    HAL_TIM_Base_MspInit                     0x08005535   Thumb Code    52  stm32f1xx_hal_msp.o(.text.HAL_TIM_Base_MspInit)
    HAL_TIM_ConfigClockSource                0x08005569   Thumb Code   374  stm32f1xx_hal_tim.o(.text.HAL_TIM_ConfigClockSource)
    HAL_TIM_MspPostInit                      0x080056e1   Thumb Code   132  stm32f1xx_hal_msp.o(.text.HAL_TIM_MspPostInit)
    HAL_TIM_PWM_ConfigChannel                0x08005765   Thumb Code   308  stm32f1xx_hal_tim.o(.text.HAL_TIM_PWM_ConfigChannel)
    HAL_TIM_PWM_Init                         0x08005899   Thumb Code   156  stm32f1xx_hal_tim.o(.text.HAL_TIM_PWM_Init)
    HAL_TIM_PWM_MspInit                      0x08005935   Thumb Code     8  stm32f1xx_hal_tim.o(.text.HAL_TIM_PWM_MspInit)
    HAL_TIM_PWM_Start                        0x0800593d   Thumb Code   426  stm32f1xx_hal_tim.o(.text.HAL_TIM_PWM_Start)
    HAL_UARTEx_RxEventCallback               0x08005ae9   Thumb Code    12  stm32f1xx_hal_uart.o(.text.HAL_UARTEx_RxEventCallback)
    HAL_UART_ErrorCallback                   0x08005af5   Thumb Code     8  stm32f1xx_hal_uart.o(.text.HAL_UART_ErrorCallback)
    HAL_UART_Init                            0x08005afd   Thumb Code   154  stm32f1xx_hal_uart.o(.text.HAL_UART_Init)
    HAL_UART_MspInit                         0x08005b99   Thumb Code   552  stm32f1xx_hal_msp.o(.text.HAL_UART_MspInit)
    HAL_UART_Receive_DMA                     0x08005dc1   Thumb Code   120  stm32f1xx_hal_uart.o(.text.HAL_UART_Receive_DMA)
    HAL_UART_RxCpltCallback                  0x08005e39   Thumb Code     8  stm32f1xx_hal_uart.o(.text.HAL_UART_RxCpltCallback)
    HAL_UART_RxHalfCpltCallback              0x08005e41   Thumb Code     8  stm32f1xx_hal_uart.o(.text.HAL_UART_RxHalfCpltCallback)
    HardFault_Handler                        0x08005e49   Thumb Code     4  stm32f1xx_it.o(.text.HardFault_Handler)
    InitCommBuffer                           0x08005e4d   Thumb Code    24  display_comm.o(.text.InitCommBuffer)
    Log_Task                                 0x08005f85   Thumb Code   376  log.o(.text.Log_Task)
    MX_ADC1_Init                             0x0800621d   Thumb Code   176  get_maf.o(.text.MX_ADC1_Init)
    MX_DAC_Init                              0x080062cd   Thumb Code   246  flex.o(.text.MX_DAC_Init)
    MX_TIM2_Init                             0x0800649d   Thumb Code   300  pump.o(.text.MX_TIM2_Init)
    MX_USART2_UART_Init                      0x080065c9   Thumb Code   126  display_comm.o(.text.MX_USART2_UART_Init)
    MX_USART3_UART_Init                      0x08006649   Thumb Code   126  main.o(.text.MX_USART3_UART_Init)
    MemManage_Handler                        0x080066c9   Thumb Code     4  stm32f1xx_it.o(.text.MemManage_Handler)
    NMI_Handler                              0x0800688d   Thumb Code     2  stm32f1xx_it.o(.text.NMI_Handler)
    PA1_Sample                               0x080068fd   Thumb Code   538  flex.o(.text.PA1_Sample)
    PendSV_Handler                           0x08006c9d   Thumb Code     2  stm32f1xx_it.o(.text.PendSV_Handler)
    Refresh_Setting                          0x08006cdd   Thumb Code   542  display_show.o(.text.Refresh_Setting)
    STMFLASH_Read                            0x08006efd   Thumb Code    74  flash.o(.text.STMFLASH_Read)
    STMFLASH_ReadHalfWord                    0x08006f49   Thumb Code    12  flash.o(.text.STMFLASH_ReadHalfWord)
    STMFLASH_Write                           0x08006f55   Thumb Code   478  flash.o(.text.STMFLASH_Write)
    STMFLASH_Write_NoCheck                   0x08007135   Thumb Code    78  flash.o(.text.STMFLASH_Write_NoCheck)
    SVC_Handler                              0x08007185   Thumb Code     2  stm32f1xx_it.o(.text.SVC_Handler)
    SetMode                                  0x08007189   Thumb Code    24  display_show.o(.text.SetMode)
    Set_DAC1                                 0x080071a1   Thumb Code    54  flex.o(.text.Set_DAC1)
    Set_DAC2                                 0x080071d9   Thumb Code    54  flex.o(.text.Set_DAC2)
    Spray_Init                               0x08007211   Thumb Code    84  spray.o(.text.Spray_Init)
    Spray_Task                               0x08007265   Thumb Code   380  spray.o(.text.Spray_Task)
    SysTick_Handler                          0x08007435   Thumb Code    88  stm32f1xx_it.o(.text.SysTick_Handler)
    SystemClock_Config                       0x0800748d   Thumb Code   148  main.o(.text.SystemClock_Config)
    SystemInit                               0x08007521   Thumb Code     2  system_stm32f1xx.o(.text.SystemInit)
    TIM_Base_SetConfig                       0x08007525   Thumb Code   320  stm32f1xx_hal_tim.o(.text.TIM_Base_SetConfig)
    TIM_CCxChannelCmd                        0x08007665   Thumb Code    54  stm32f1xx_hal_tim.o(.text.TIM_CCxChannelCmd)
    TIM_ETR_SetConfig                        0x0800769d   Thumb Code    52  stm32f1xx_hal_tim.o(.text.TIM_ETR_SetConfig)
    TIM_OC2_SetConfig                        0x080077ed   Thumb Code   248  stm32f1xx_hal_tim.o(.text.TIM_OC2_SetConfig)
    UART_Start_Receive_DMA                   0x08007fa5   Thumb Code   192  stm32f1xx_hal_uart.o(.text.UART_Start_Receive_DMA)
    USART2_IRQHandler                        0x08008065   Thumb Code     2  stm32f1xx_it.o(.text.USART2_IRQHandler)
    USER_FlashReadProtection                 0x08008069   Thumb Code    80  flash.o(.text.USER_FlashReadProtection)
    UsageFault_Handler                       0x080080b9   Thumb Code     4  stm32f1xx_it.o(.text.UsageFault_Handler)
    fputc                                    0x08008239   Thumb Code    84  main.o(.text.fputc)
    main                                     0x0800828d   Thumb Code   356  main.o(.text.main)
    __0printf                                0x080083f1   Thumb Code    22  printfa.o(i.__0printf)
    __1printf                                0x080083f1   Thumb Code     0  printfa.o(i.__0printf)
    __2printf                                0x080083f1   Thumb Code     0  printfa.o(i.__0printf)
    __c89printf                              0x080083f1   Thumb Code     0  printfa.o(i.__0printf)
    printf                                   0x080083f1   Thumb Code     0  printfa.o(i.__0printf)
    __0snprintf                              0x08008411   Thumb Code    48  printfa.o(i.__0snprintf)
    __1snprintf                              0x08008411   Thumb Code     0  printfa.o(i.__0snprintf)
    __2snprintf                              0x08008411   Thumb Code     0  printfa.o(i.__0snprintf)
    __c89snprintf                            0x08008411   Thumb Code     0  printfa.o(i.__0snprintf)
    snprintf                                 0x08008411   Thumb Code     0  printfa.o(i.__0snprintf)
    __scatterload_copy                       0x08008445   Thumb Code    14  handlers.o(i.__scatterload_copy)
    __scatterload_null                       0x08008453   Thumb Code     2  handlers.o(i.__scatterload_null)
    __scatterload_zeroinit                   0x08008455   Thumb Code    14  handlers.o(i.__scatterload_zeroinit)
    AHBPrescTable                            0x08008d2c   Data          16  system_stm32f1xx.o(.rodata.AHBPrescTable)
    APBPrescTable                            0x08008d3c   Data           8  system_stm32f1xx.o(.rodata.APBPrescTable)
    Region$$Table$$Base                      0x08009314   Number         0  anon$$obj.o(Region$$Table)
    Region$$Table$$Limit                     0x08009334   Number         0  anon$$obj.o(Region$$Table)
    __stdout                                 0x20000000   Data           4  stdout.o(.data)
    SystemCoreClock                          0x20000004   Data           4  system_stm32f1xx.o(.data.SystemCoreClock)
    uwTickFreq                               0x20000028   Data           1  stm32f1xx_hal.o(.data.uwTickFreq)
    uwTickPrio                               0x2000002c   Data           4  stm32f1xx_hal.o(.data.uwTickPrio)
    ADvalue                                  0x20000038   Data          20  main.o(.bss.ADvalue)
    DataPacket_Type                          0x200000b2   Data          64  display_comm.o(.bss.DataPacket_Type)
    Esp_Rxbuffer                             0x200000fc   Data         100  main.o(.bss.Esp_Rxbuffer)
    Rxbuffer                                 0x200001c6   Data         100  main.o(.bss.Rxbuffer)
    STMFLASH_BUF                             0x2000022a   Data        2048  flash.o(.bss.STMFLASH_BUF)
    Show_DataPacketType                      0x20000a2a   Data          64  display_show.o(.bss.Show_DataPacketType)
    hadc1                                    0x20000b50   Data          48  main.o(.bss.hadc1)
    hdac                                     0x20000b80   Data          20  flex.o(.bss.hdac)
    hdma_adc1                                0x20000b94   Data          68  main.o(.bss.hdma_adc1)
    hdma_uart1                               0x20000bd8   Data          68  main.o(.bss.hdma_uart1)
    hdma_usart3_rx                           0x20000c1c   Data          68  main.o(.bss.hdma_usart3_rx)
    htim2                                    0x20000c60   Data          72  main.o(.bss.htim2)
    huart2                                   0x20000ca8   Data          68  main.o(.bss.huart2)
    huart3                                   0x20000cec   Data          68  main.o(.bss.huart3)
    log_en                                   0x20001327   Data           1  display_comm.o(.bss.log_en)
    pFlash                                   0x20001340   Data          32  stm32f1xx_hal_flash.o(.bss.pFlash)
    test_en                                  0x20001384   Data           1  display_comm.o(.bss.test_en)
    uwTick                                   0x20001388   Data           4  stm32f1xx_hal.o(.bss.uwTick)
    __initial_sp                             0x20001798   Data           0  startup_stm32f103xe.o(STACK)



==============================================================================

Memory Map of the image

  Image Entry point : 0x08000131

  Load Region LR_IROM1 (Base: 0x08000000, Size: 0x00009370, Max: 0x00040000, ABSOLUTE)

    Execution Region ER_IROM1 (Exec base: 0x08000000, Load base: 0x08000000, Size: 0x00009334, Max: 0x00040000, ABSOLUTE)

    Exec Addr    Load Addr    Size         Type   Attr      Idx    E Section Name        Object

    0x08000000   0x08000000   0x00000130   Data   RO            3    RESET               startup_stm32f103xe.o
    0x08000130   0x08000130   0x00000000   Code   RO         1398  * .ARM.Collect$$$$00000000  mc_w.l(entry.o)
    0x08000130   0x08000130   0x00000004   Code   RO         1441    .ARM.Collect$$$$00000001  mc_w.l(entry2.o)
    0x08000134   0x08000134   0x00000004   Code   RO         1444    .ARM.Collect$$$$00000004  mc_w.l(entry5.o)
    0x08000138   0x08000138   0x00000000   Code   RO         1446    .ARM.Collect$$$$00000008  mc_w.l(entry7b.o)
    0x08000138   0x08000138   0x00000000   Code   RO         1448    .ARM.Collect$$$$0000000A  mc_w.l(entry8b.o)
    0x08000138   0x08000138   0x00000008   Code   RO         1449    .ARM.Collect$$$$0000000B  mc_w.l(entry9a.o)
    0x08000140   0x08000140   0x00000000   Code   RO         1451    .ARM.Collect$$$$0000000D  mc_w.l(entry10a.o)
    0x08000140   0x08000140   0x00000000   Code   RO         1453    .ARM.Collect$$$$0000000F  mc_w.l(entry11a.o)
    0x08000140   0x08000140   0x00000004   Code   RO         1442    .ARM.Collect$$$$00002712  mc_w.l(entry2.o)
    0x08000144   0x08000144   0x00000024   Code   RO            4    .text               startup_stm32f103xe.o
    0x08000168   0x08000168   0x00000062   Code   RO         1401    .text               mc_w.l(uldiv.o)
    0x080001ca   0x080001ca   0x00000062   Code   RO         1403    .text               mc_w.l(ldiv.o)
    0x0800022c   0x0800022c   0x00000024   Code   RO         1405    .text               mc_w.l(memcpya.o)
    0x08000250   0x08000250   0x00000024   Code   RO         1407    .text               mc_w.l(memseta.o)
    0x08000274   0x08000274   0x0000001a   Code   RO         1409    .text               mc_w.l(memcmp.o)
    0x0800028e   0x0800028e   0x0000002c   Code   RO         1465    .text               mc_w.l(uidiv.o)
    0x080002ba   0x080002ba   0x0000001e   Code   RO         1467    .text               mc_w.l(llshl.o)
    0x080002d8   0x080002d8   0x00000020   Code   RO         1469    .text               mc_w.l(llushr.o)
    0x080002f8   0x080002f8   0x00000000   Code   RO         1471    .text               mc_w.l(iusefp.o)
    0x080002f8   0x080002f8   0x0000014e   Code   RO         1472    .text               mf_w.l(dadd.o)
    0x08000446   0x08000446   0x000000e4   Code   RO         1474    .text               mf_w.l(dmul.o)
    0x0800052a   0x0800052a   0x000000de   Code   RO         1476    .text               mf_w.l(ddiv.o)
    0x08000608   0x08000608   0x00000030   Code   RO         1478    .text               mf_w.l(dfixul.o)
    0x08000638   0x08000638   0x00000030   Code   RO         1480    .text               mf_w.l(cdrcmple.o)
    0x08000668   0x08000668   0x00000030   Code   RO         1482    .text               mc_w.l(init.o)
    0x08000698   0x08000698   0x00000024   Code   RO         1484    .text               mc_w.l(llsshr.o)
    0x080006bc   0x080006bc   0x000000ba   Code   RO         1486    .text               mf_w.l(depilogue.o)
    0x08000776   0x08000776   0x00000002   PAD
    0x08000778   0x08000778   0x00000082   Code   RO          370    .text.ADC_ConversionStop_Disable  stm32f1xx_hal_adc.o
    0x080007fa   0x080007fa   0x00000002   PAD
    0x080007fc   0x080007fc   0x00000078   Code   RO          392    .text.ADC_DMAConvCplt  stm32f1xx_hal_adc.o
    0x08000874   0x08000874   0x0000002a   Code   RO          396    .text.ADC_DMAError  stm32f1xx_hal_adc.o
    0x0800089e   0x0800089e   0x00000002   PAD
    0x080008a0   0x080008a0   0x00000016   Code   RO          394    .text.ADC_DMAHalfConvCplt  stm32f1xx_hal_adc.o
    0x080008b6   0x080008b6   0x00000002   PAD
    0x080008b8   0x080008b8   0x000000bc   Code   RO          378    .text.ADC_Enable    stm32f1xx_hal_adc.o
    0x08000974   0x08000974   0x0000005c   Code   RO          215    .text.A_MotorPump_Task  pump.o
    0x080009d0   0x080009d0   0x0000005c   Code   RO          221    .text.B_MotorPump_Task  pump.o
    0x08000a2c   0x08000a2c   0x00000004   Code   RO           47    .text.BusFault_Handler  stm32f1xx_it.o
    0x08000a30   0x08000a30   0x0000007c   Code   RO          217    .text.Cal_PumpProgress  pump.o
    0x08000aac   0x08000aac   0x000000ee   Code   RO          130    .text.CommUsart_RecvData  display_comm.o
    0x08000b9a   0x08000b9a   0x00000002   PAD
    0x08000b9c   0x08000b9c   0x00000210   Code   RO          128    .text.Comm_unpack   display_comm.o
    0x08000dac   0x08000dac   0x00000114   Code   RO          196    .text.DAC_AutoCal   display_show.o
    0x08000ec0   0x08000ec0   0x00000010   Code   RO           59    .text.DMA1_Channel1_IRQHandler  stm32f1xx_it.o
    0x08000ed0   0x08000ed0   0x00000002   Code   RO           67    .text.DMA1_Channel6_IRQHandler  stm32f1xx_it.o
    0x08000ed2   0x08000ed2   0x00000002   PAD
    0x08000ed4   0x08000ed4   0x00000050   Code   RO         1068    .text.DMA_SetConfig  stm32f1xx_hal_dma.o
    0x08000f24   0x08000f24   0x00000002   Code   RO           53    .text.DebugMon_Handler  stm32f1xx_it.o
    0x08000f26   0x08000f26   0x00000002   PAD
    0x08000f28   0x08000f28   0x00000094   Code   RO          186    .text.Display_BackgroundSetting  display_show.o
    0x08000fbc   0x08000fbc   0x0000013c   Code   RO          184    .text.Display_FactoryPage  display_show.o
    0x080010f8   0x080010f8   0x0000035a   Code   RO          180    .text.Display_SettingPage  display_show.o
    0x08001452   0x08001452   0x00000002   PAD
    0x08001454   0x08001454   0x000002fc   Code   RO          174    .text.Display_StartPage  display_show.o
    0x08001750   0x08001750   0x00000184   Code   RO          188    .text.Display_Warning  display_show.o
    0x080018d4   0x080018d4   0x00000030   Code   RO           61    .text.EXTI9_5_IRQHandler  stm32f1xx_it.o
    0x08001904   0x08001904   0x00000002   Code   RO           21    .text.Error_Handler  main.o
    0x08001906   0x08001906   0x00000002   PAD
    0x08001908   0x08001908   0x000000ee   Code   RO          140    .text.EspUsart_RecvData  display_comm.o
    0x080019f6   0x080019f6   0x00000002   PAD
    0x080019f8   0x080019f8   0x00000210   Code   RO          138    .text.Esp_unpack    display_comm.o
    0x08001c08   0x08001c08   0x00000056   Code   RO          302    .text.Ex_WritePin   exhaust.o
    0x08001c5e   0x08001c5e   0x00000002   PAD
    0x08001c60   0x08001c60   0x0000000c   Code   RO          298    .text.ExhaustValve_GetState  exhaust.o
    0x08001c6c   0x08001c6c   0x00000130   Code   RO          304    .text.ExhaustValve_Task  exhaust.o
    0x08001d9c   0x08001d9c   0x0000004c   Code   RO          300    .text.Exhaust_Init  exhaust.o
    0x08001de8   0x08001de8   0x0000016c   Code   RO         1257    .text.FLASH_OB_DisableWRP  stm32f1xx_hal_flash_ex.o
    0x08001f54   0x08001f54   0x00000172   Code   RO         1255    .text.FLASH_OB_EnableWRP  stm32f1xx_hal_flash_ex.o
    0x080020c6   0x080020c6   0x00000002   PAD
    0x080020c8   0x080020c8   0x00000034   Code   RO         1249    .text.FLASH_OB_GetRDP  stm32f1xx_hal_flash_ex.o
    0x080020fc   0x080020fc   0x00000010   Code   RO         1267    .text.FLASH_OB_GetUser  stm32f1xx_hal_flash_ex.o
    0x0800210c   0x0800210c   0x0000000c   Code   RO         1265    .text.FLASH_OB_GetWRP  stm32f1xx_hal_flash_ex.o
    0x08002118   0x08002118   0x0000006a   Code   RO         1261    .text.FLASH_OB_ProgramData  stm32f1xx_hal_flash_ex.o
    0x08002182   0x08002182   0x00000002   PAD
    0x08002184   0x08002184   0x000000aa   Code   RO         1251    .text.FLASH_OB_RDP_LevelConfig  stm32f1xx_hal_flash_ex.o
    0x0800222e   0x0800222e   0x00000002   PAD
    0x08002230   0x08002230   0x00000072   Code   RO         1259    .text.FLASH_OB_UserConfig  stm32f1xx_hal_flash_ex.o
    0x080022a2   0x080022a2   0x00000002   PAD
    0x080022a4   0x080022a4   0x00000038   Code   RO         1243    .text.FLASH_PageErase  stm32f1xx_hal_flash_ex.o
    0x080022dc   0x080022dc   0x00000030   Code   RO         1207    .text.FLASH_Program_HalfWord  stm32f1xx_hal_flash.o
    0x0800230c   0x0800230c   0x0000010e   Code   RO         1213    .text.FLASH_SetErrorCode  stm32f1xx_hal_flash.o
    0x0800241a   0x0800241a   0x00000002   PAD
    0x0800241c   0x0800241c   0x00000118   Code   RO         1205    .text.FLASH_WaitForLastOperation  stm32f1xx_hal_flash.o
    0x08002534   0x08002534   0x00000030   Code   RO          170    .text.Flash_Init    display_show.o
    0x08002564   0x08002564   0x00000020   Code   RO          246    .text.Flash_ReadSetting  flash.o
    0x08002584   0x08002584   0x00000020   Code   RO          244    .text.Flash_WriteSetting  flash.o
    0x080025a4   0x080025a4   0x0000019c   Code   RO          274    .text.Flex_DAC_Out  flex.o
    0x08002740   0x08002740   0x00000046   Code   RO          126    .text.GetDisplay_Cmd  display_comm.o
    0x08002786   0x08002786   0x00000002   PAD
    0x08002788   0x08002788   0x00000074   Code   RO          108    .text.GetFreqHz_Task  get_maf.o
    0x080027fc   0x080027fc   0x0000000c   Code   RO          110    .text.GetFreqShow   get_maf.o
    0x08002808   0x08002808   0x0000000c   Code   RO          176    .text.GetMode       display_show.o
    0x08002814   0x08002814   0x0000000c   Code   RO          178    .text.GetTestData   display_show.o
    0x08002820   0x08002820   0x0000000c   Code   RO          264    .text.Get_Flex_Ethanol  flex.o
    0x0800282c   0x0800282c   0x0000000e   Code   RO          266    .text.Get_Flex_Temp_x10  flex.o
    0x0800283a   0x0800283a   0x00000002   PAD
    0x0800283c   0x0800283c   0x0000000c   Code   RO           63    .text.Get_FreqHz    stm32f1xx_it.o
    0x08002848   0x08002848   0x00000012   Code   RO          106    .text.Get_Mv_Maf    get_maf.o
    0x0800285a   0x0800285a   0x00000002   PAD
    0x0800285c   0x0800285c   0x00000038   Code   RO          104    .text.Get_Mv_Maf_FromAdc  get_maf.o
    0x08002894   0x08002894   0x00000186   Code   RO          427    .text.HAL_ADCEx_Calibration_Start  stm32f1xx_hal_adc_ex.o
    0x08002a1a   0x08002a1a   0x00000002   PAD
    0x08002a1c   0x08002a1c   0x000001b4   Code   RO          412    .text.HAL_ADC_ConfigChannel  stm32f1xx_hal_adc.o
    0x08002bd0   0x08002bd0   0x00000008   Code   RO          404    .text.HAL_ADC_ConvCpltCallback  stm32f1xx_hal_adc.o
    0x08002bd8   0x08002bd8   0x00000008   Code   RO          408    .text.HAL_ADC_ConvHalfCpltCallback  stm32f1xx_hal_adc.o
    0x08002be0   0x08002be0   0x00000008   Code   RO          410    .text.HAL_ADC_ErrorCallback  stm32f1xx_hal_adc.o
    0x08002be8   0x08002be8   0x00000252   Code   RO          366    .text.HAL_ADC_Init  stm32f1xx_hal_adc.o
    0x08002e3a   0x08002e3a   0x00000002   PAD
    0x08002e3c   0x08002e3c   0x00000152   Code   RO           81    .text.HAL_ADC_MspInit  stm32f1xx_hal_msp.o
    0x08002f8e   0x08002f8e   0x00000002   PAD
    0x08002f90   0x08002f90   0x00000226   Code   RO          390    .text.HAL_ADC_Start_DMA  stm32f1xx_hal_adc.o
    0x080031b6   0x080031b6   0x00000002   PAD
    0x080031b8   0x080031b8   0x000000a2   Code   RO         1339    .text.HAL_DAC_ConfigChannel  stm32f1xx_hal_dac.o
    0x0800325a   0x0800325a   0x00000002   PAD
    0x0800325c   0x0800325c   0x0000004a   Code   RO         1303    .text.HAL_DAC_Init  stm32f1xx_hal_dac.o
    0x080032a6   0x080032a6   0x00000002   PAD
    0x080032a8   0x080032a8   0x0000007a   Code   RO           95    .text.HAL_DAC_MspInit  stm32f1xx_hal_msp.o
    0x08003322   0x08003322   0x00000002   PAD
    0x08003324   0x08003324   0x0000003e   Code   RO         1327    .text.HAL_DAC_SetValue  stm32f1xx_hal_dac.o
    0x08003362   0x08003362   0x00000002   PAD
    0x08003364   0x08003364   0x000000b0   Code   RO         1311    .text.HAL_DAC_Start  stm32f1xx_hal_dac.o
    0x08003414   0x08003414   0x00000684   Code   RO         1078    .text.HAL_DMA_IRQHandler  stm32f1xx_hal_dma.o
    0x08003a98   0x08003a98   0x000000f4   Code   RO         1062    .text.HAL_DMA_Init  stm32f1xx_hal_dma.o
    0x08003b8c   0x08003b8c   0x000000ca   Code   RO         1070    .text.HAL_DMA_Start_IT  stm32f1xx_hal_dma.o
    0x08003c56   0x08003c56   0x00000002   PAD
    0x08003c58   0x08003c58   0x00000042   Code   RO          945    .text.HAL_Delay     stm32f1xx_hal.o
    0x08003c9a   0x08003c9a   0x00000002   PAD
    0x08003c9c   0x08003c9c   0x00000088   Code   RO         1247    .text.HAL_FLASHEx_OBErase  stm32f1xx_hal_flash_ex.o
    0x08003d24   0x08003d24   0x00000028   Code   RO         1263    .text.HAL_FLASHEx_OBGetConfig  stm32f1xx_hal_flash_ex.o
    0x08003d4c   0x08003d4c   0x00000162   Code   RO         1253    .text.HAL_FLASHEx_OBProgram  stm32f1xx_hal_flash_ex.o
    0x08003eae   0x08003eae   0x00000002   PAD
    0x08003eb0   0x08003eb0   0x00000014   Code   RO         1221    .text.HAL_FLASH_Lock  stm32f1xx_hal_flash.o
    0x08003ec4   0x08003ec4   0x00000008   Code   RO         1227    .text.HAL_FLASH_OB_Launch  stm32f1xx_hal_flash.o
    0x08003ecc   0x08003ecc   0x0000004a   Code   RO         1223    .text.HAL_FLASH_OB_Unlock  stm32f1xx_hal_flash.o
    0x08003f16   0x08003f16   0x00000002   PAD
    0x08003f18   0x08003f18   0x0000012c   Code   RO         1203    .text.HAL_FLASH_Program  stm32f1xx_hal_flash.o
    0x08004044   0x08004044   0x0000005a   Code   RO         1219    .text.HAL_FLASH_Unlock  stm32f1xx_hal_flash.o
    0x0800409e   0x0800409e   0x00000002   PAD
    0x080040a0   0x080040a0   0x00000356   Code   RO         1039    .text.HAL_GPIO_Init  stm32f1xx_hal_gpio.o
    0x080043f6   0x080043f6   0x00000002   PAD
    0x080043f8   0x080043f8   0x0000002e   Code   RO         1043    .text.HAL_GPIO_ReadPin  stm32f1xx_hal_gpio.o
    0x08004426   0x08004426   0x00000002   PAD
    0x08004428   0x08004428   0x0000002e   Code   RO         1045    .text.HAL_GPIO_WritePin  stm32f1xx_hal_gpio.o
    0x08004456   0x08004456   0x00000002   PAD
    0x08004458   0x08004458   0x0000000c   Code   RO          937    .text.HAL_GetTick   stm32f1xx_hal.o
    0x08004464   0x08004464   0x0000001a   Code   RO          935    .text.HAL_IncTick   stm32f1xx_hal.o
    0x0800447e   0x0800447e   0x00000002   PAD
    0x08004480   0x08004480   0x0000002c   Code   RO          925    .text.HAL_Init      stm32f1xx_hal.o
    0x080044ac   0x080044ac   0x00000070   Code   RO          927    .text.HAL_InitTick  stm32f1xx_hal.o
    0x0800451c   0x0800451c   0x00000064   Code   RO           79    .text.HAL_MspInit   stm32f1xx_hal_msp.o
    0x08004580   0x08004580   0x00000014   Code   RO         1107    .text.HAL_NVIC_EnableIRQ  stm32f1xx_hal_cortex.o
    0x08004594   0x08004594   0x00000032   Code   RO         1099    .text.HAL_NVIC_SetPriority  stm32f1xx_hal_cortex.o
    0x080045c6   0x080045c6   0x00000002   PAD
    0x080045c8   0x080045c8   0x00000010   Code   RO         1095    .text.HAL_NVIC_SetPriorityGrouping  stm32f1xx_hal_cortex.o
    0x080045d8   0x080045d8   0x00000004   Code   RO         1115    .text.HAL_NVIC_SystemReset  stm32f1xx_hal_cortex.o
    0x080045dc   0x080045dc   0x000001d6   Code   RO         1028    .text.HAL_RCCEx_GetPeriphCLKFreq  stm32f1xx_hal_rcc_ex.o
    0x080047b2   0x080047b2   0x00000002   PAD
    0x080047b4   0x080047b4   0x000001c8   Code   RO         1024    .text.HAL_RCCEx_PeriphCLKConfig  stm32f1xx_hal_rcc_ex.o
    0x0800497c   0x0800497c   0x00000256   Code   RO          991    .text.HAL_RCC_ClockConfig  stm32f1xx_hal_rcc.o
    0x08004bd2   0x08004bd2   0x00000002   PAD
    0x08004bd4   0x08004bd4   0x0000000c   Code   RO         1001    .text.HAL_RCC_GetHCLKFreq  stm32f1xx_hal_rcc.o
    0x08004be0   0x08004be0   0x00000022   Code   RO         1003    .text.HAL_RCC_GetPCLK1Freq  stm32f1xx_hal_rcc.o
    0x08004c02   0x08004c02   0x00000002   PAD
    0x08004c04   0x08004c04   0x00000022   Code   RO         1005    .text.HAL_RCC_GetPCLK2Freq  stm32f1xx_hal_rcc.o
    0x08004c26   0x08004c26   0x00000002   PAD
    0x08004c28   0x08004c28   0x000000e4   Code   RO          993    .text.HAL_RCC_GetSysClockFreq  stm32f1xx_hal_rcc.o
    0x08004d0c   0x08004d0c   0x0000067a   Code   RO          987    .text.HAL_RCC_OscConfig  stm32f1xx_hal_rcc.o
    0x08005386   0x08005386   0x00000002   PAD
    0x08005388   0x08005388   0x00000010   Code   RO         1119    .text.HAL_SYSTICK_Config  stm32f1xx_hal_cortex.o
    0x08005398   0x08005398   0x00000100   Code   RO          773    .text.HAL_TIMEx_MasterConfigSynchronization  stm32f1xx_hal_tim_ex.o
    0x08005498   0x08005498   0x0000009c   Code   RO          460    .text.HAL_TIM_Base_Init  stm32f1xx_hal_tim.o
    0x08005534   0x08005534   0x00000034   Code   RO           85    .text.HAL_TIM_Base_MspInit  stm32f1xx_hal_msp.o
    0x08005568   0x08005568   0x00000176   Code   RO          652    .text.HAL_TIM_ConfigClockSource  stm32f1xx_hal_tim.o
    0x080056de   0x080056de   0x00000002   PAD
    0x080056e0   0x080056e0   0x00000084   Code   RO           87    .text.HAL_TIM_MspPostInit  stm32f1xx_hal_msp.o
    0x08005764   0x08005764   0x00000134   Code   RO          626    .text.HAL_TIM_PWM_ConfigChannel  stm32f1xx_hal_tim.o
    0x08005898   0x08005898   0x0000009c   Code   RO          514    .text.HAL_TIM_PWM_Init  stm32f1xx_hal_tim.o
    0x08005934   0x08005934   0x00000008   Code   RO          516    .text.HAL_TIM_PWM_MspInit  stm32f1xx_hal_tim.o
    0x0800593c   0x0800593c   0x000001aa   Code   RO          522    .text.HAL_TIM_PWM_Start  stm32f1xx_hal_tim.o
    0x08005ae6   0x08005ae6   0x00000002   PAD
    0x08005ae8   0x08005ae8   0x0000000c   Code   RO          886    .text.HAL_UARTEx_RxEventCallback  stm32f1xx_hal_uart.o
    0x08005af4   0x08005af4   0x00000008   Code   RO          884    .text.HAL_UART_ErrorCallback  stm32f1xx_hal_uart.o
    0x08005afc   0x08005afc   0x0000009a   Code   RO          796    .text.HAL_UART_Init  stm32f1xx_hal_uart.o
    0x08005b96   0x08005b96   0x00000002   PAD
    0x08005b98   0x08005b98   0x00000228   Code   RO           91    .text.HAL_UART_MspInit  stm32f1xx_hal_msp.o
    0x08005dc0   0x08005dc0   0x00000078   Code   RO          832    .text.HAL_UART_Receive_DMA  stm32f1xx_hal_uart.o
    0x08005e38   0x08005e38   0x00000008   Code   RO          896    .text.HAL_UART_RxCpltCallback  stm32f1xx_hal_uart.o
    0x08005e40   0x08005e40   0x00000008   Code   RO          898    .text.HAL_UART_RxHalfCpltCallback  stm32f1xx_hal_uart.o
    0x08005e48   0x08005e48   0x00000004   Code   RO           43    .text.HardFault_Handler  stm32f1xx_it.o
    0x08005e4c   0x08005e4c   0x00000018   Code   RO          124    .text.InitCommBuffer  display_comm.o
    0x08005e64   0x08005e64   0x00000120   Code   RO          336    .text.Log_AddLine   log.o
    0x08005f84   0x08005f84   0x00000178   Code   RO          334    .text.Log_Task      log.o
    0x080060fc   0x080060fc   0x00000120   Code   RO          194    .text.MAF_AutoCal   display_show.o
    0x0800621c   0x0800621c   0x000000b0   Code   RO          112    .text.MX_ADC1_Init  get_maf.o
    0x080062cc   0x080062cc   0x000000f6   Code   RO          268    .text.MX_DAC_Init   flex.o
    0x080063c2   0x080063c2   0x00000002   PAD
    0x080063c4   0x080063c4   0x000000d6   Code   RO           17    .text.MX_GPIO_Init  main.o
    0x0800649a   0x0800649a   0x00000002   PAD
    0x0800649c   0x0800649c   0x0000012c   Code   RO          223    .text.MX_TIM2_Init  pump.o
    0x080065c8   0x080065c8   0x0000007e   Code   RO          142    .text.MX_USART2_UART_Init  display_comm.o
    0x08006646   0x08006646   0x00000002   PAD
    0x08006648   0x08006648   0x0000007e   Code   RO           19    .text.MX_USART3_UART_Init  main.o
    0x080066c6   0x080066c6   0x00000002   PAD
    0x080066c8   0x080066c8   0x00000004   Code   RO           45    .text.MemManage_Handler  stm32f1xx_it.o
    0x080066cc   0x080066cc   0x0000009e   Code   RO          144    .text.Modbus_crc16  display_comm.o
    0x0800676a   0x0800676a   0x00000002   PAD
    0x0800676c   0x0800676c   0x00000120   Code   RO          219    .text.MotorPump_Update  pump.o
    0x0800688c   0x0800688c   0x00000002   Code   RO           41    .text.NMI_Handler   stm32f1xx_it.o
    0x0800688e   0x0800688e   0x00000002   PAD
    0x08006890   0x08006890   0x0000006c   Code   RO         1105    .text.NVIC_EncodePriority  stm32f1xx_hal_cortex.o
    0x080068fc   0x080068fc   0x0000021a   Code   RO          258    .text.PA1_Sample    flex.o
    0x08006b16   0x08006b16   0x00000002   PAD
    0x08006b18   0x08006b18   0x00000072   Code   RO          136    .text.Parse_FactorySave  display_comm.o
    0x08006b8a   0x08006b8a   0x00000002   PAD
    0x08006b8c   0x08006b8c   0x0000010e   Code   RO          134    .text.Parse_Save    display_comm.o
    0x08006c9a   0x08006c9a   0x00000002   PAD
    0x08006c9c   0x08006c9c   0x00000002   Code   RO           55    .text.PendSV_Handler  stm32f1xx_it.o
    0x08006c9e   0x08006c9e   0x00000002   PAD
    0x08006ca0   0x08006ca0   0x0000003a   Code   RO          989    .text.RCC_Delay     stm32f1xx_hal_rcc.o
    0x08006cda   0x08006cda   0x00000002   PAD
    0x08006cdc   0x08006cdc   0x0000021e   Code   RO          190    .text.Refresh_Setting  display_show.o
    0x08006efa   0x08006efa   0x00000002   PAD
    0x08006efc   0x08006efc   0x0000004a   Code   RO          242    .text.STMFLASH_Read  flash.o
    0x08006f46   0x08006f46   0x00000002   PAD
    0x08006f48   0x08006f48   0x0000000c   Code   RO          236    .text.STMFLASH_ReadHalfWord  flash.o
    0x08006f54   0x08006f54   0x000001de   Code   RO          240    .text.STMFLASH_Write  flash.o
    0x08007132   0x08007132   0x00000002   PAD
    0x08007134   0x08007134   0x0000004e   Code   RO          238    .text.STMFLASH_Write_NoCheck  flash.o
    0x08007182   0x08007182   0x00000002   PAD
    0x08007184   0x08007184   0x00000002   Code   RO           51    .text.SVC_Handler   stm32f1xx_it.o
    0x08007186   0x08007186   0x00000002   PAD
    0x08007188   0x08007188   0x00000018   Code   RO          182    .text.SetMode       display_show.o
    0x080071a0   0x080071a0   0x00000036   Code   RO          270    .text.Set_DAC1      flex.o
    0x080071d6   0x080071d6   0x00000002   PAD
    0x080071d8   0x080071d8   0x00000036   Code   RO          272    .text.Set_DAC2      flex.o
    0x0800720e   0x0800720e   0x00000002   PAD
    0x08007210   0x08007210   0x00000054   Code   RO          317    .text.Spray_Init    spray.o
    0x08007264   0x08007264   0x0000017c   Code   RO          319    .text.Spray_Task    spray.o
    0x080073e0   0x080073e0   0x00000052   Code   RO         1121    .text.SysTick_Config  stm32f1xx_hal_cortex.o
    0x08007432   0x08007432   0x00000002   PAD
    0x08007434   0x08007434   0x00000058   Code   RO           57    .text.SysTick_Handler  stm32f1xx_it.o
    0x0800748c   0x0800748c   0x00000094   Code   RO           15    .text.SystemClock_Config  main.o
    0x08007520   0x08007520   0x00000002   Code   RO         1385    .text.SystemInit    system_stm32f1xx.o
    0x08007522   0x08007522   0x00000002   PAD
    0x08007524   0x08007524   0x00000140   Code   RO          464    .text.TIM_Base_SetConfig  stm32f1xx_hal_tim.o
    0x08007664   0x08007664   0x00000036   Code   RO          498    .text.TIM_CCxChannelCmd  stm32f1xx_hal_tim.o
    0x0800769a   0x0800769a   0x00000002   PAD
    0x0800769c   0x0800769c   0x00000034   Code   RO          650    .text.TIM_ETR_SetConfig  stm32f1xx_hal_tim.o
    0x080076d0   0x080076d0   0x0000002a   Code   RO          656    .text.TIM_ITRx_SetConfig  stm32f1xx_hal_tim.o
    0x080076fa   0x080076fa   0x00000002   PAD
    0x080076fc   0x080076fc   0x000000ee   Code   RO          608    .text.TIM_OC1_SetConfig  stm32f1xx_hal_tim.o
    0x080077ea   0x080077ea   0x00000002   PAD
    0x080077ec   0x080077ec   0x000000f8   Code   RO          610    .text.TIM_OC2_SetConfig  stm32f1xx_hal_tim.o
    0x080078e4   0x080078e4   0x000000f6   Code   RO          612    .text.TIM_OC3_SetConfig  stm32f1xx_hal_tim.o
    0x080079da   0x080079da   0x00000002   PAD
    0x080079dc   0x080079dc   0x000000a6   Code   RO          614    .text.TIM_OC4_SetConfig  stm32f1xx_hal_tim.o
    0x08007a82   0x08007a82   0x00000002   PAD
    0x08007a84   0x08007a84   0x00000050   Code   RO          654    .text.TIM_TI1_ConfigInputStage  stm32f1xx_hal_tim.o
    0x08007ad4   0x08007ad4   0x00000052   Code   RO          658    .text.TIM_TI2_ConfigInputStage  stm32f1xx_hal_tim.o
    0x08007b26   0x08007b26   0x00000002   PAD
    0x08007b28   0x08007b28   0x00000048   Code   RO          192    .text.TestPumpOutput  display_show.o
    0x08007b70   0x08007b70   0x000000c8   Code   RO          198    .text.TestPump_SetDuty  display_show.o
    0x08007c38   0x08007c38   0x00000116   Code   RO          132    .text.TransportUnpacking  display_comm.o
    0x08007d4e   0x08007d4e   0x00000002   PAD
    0x08007d50   0x08007d50   0x0000007c   Code   RO          830    .text.UART_DMAError  stm32f1xx_hal_uart.o
    0x08007dcc   0x08007dcc   0x00000086   Code   RO          914    .text.UART_DMAReceiveCplt  stm32f1xx_hal_uart.o
    0x08007e52   0x08007e52   0x00000002   PAD
    0x08007e54   0x08007e54   0x0000002e   Code   RO          916    .text.UART_DMARxHalfCplt  stm32f1xx_hal_uart.o
    0x08007e82   0x08007e82   0x00000002   PAD
    0x08007e84   0x08007e84   0x00000046   Code   RO          844    .text.UART_EndRxTransfer  stm32f1xx_hal_uart.o
    0x08007eca   0x08007eca   0x00000002   PAD
    0x08007ecc   0x08007ecc   0x0000001c   Code   RO          842    .text.UART_EndTxTransfer  stm32f1xx_hal_uart.o
    0x08007ee8   0x08007ee8   0x000000ba   Code   RO          800    .text.UART_SetConfig  stm32f1xx_hal_uart.o
    0x08007fa2   0x08007fa2   0x00000002   PAD
    0x08007fa4   0x08007fa4   0x000000c0   Code   RO          834    .text.UART_Start_Receive_DMA  stm32f1xx_hal_uart.o
    0x08008064   0x08008064   0x00000002   Code   RO           65    .text.USART2_IRQHandler  stm32f1xx_it.o
    0x08008066   0x08008066   0x00000002   PAD
    0x08008068   0x08008068   0x00000050   Code   RO          248    .text.USER_FlashReadProtection  flash.o
    0x080080b8   0x080080b8   0x00000004   Code   RO           49    .text.UsageFault_Handler  stm32f1xx_it.o
    0x080080bc   0x080080bc   0x00000030   Code   RO         1109    .text.__NVIC_EnableIRQ  stm32f1xx_hal_cortex.o
    0x080080ec   0x080080ec   0x00000010   Code   RO         1101    .text.__NVIC_GetPriorityGrouping  stm32f1xx_hal_cortex.o
    0x080080fc   0x080080fc   0x00000042   Code   RO         1103    .text.__NVIC_SetPriority  stm32f1xx_hal_cortex.o
    0x0800813e   0x0800813e   0x00000002   PAD
    0x08008140   0x08008140   0x0000003c   Code   RO         1097    .text.__NVIC_SetPriorityGrouping  stm32f1xx_hal_cortex.o
    0x0800817c   0x0800817c   0x00000026   Code   RO         1117    .text.__NVIC_SystemReset  stm32f1xx_hal_cortex.o
    0x080081a2   0x080081a2   0x00000002   PAD
    0x080081a4   0x080081a4   0x00000080   Code   RO          172    .text.apply_adj_defaults  display_show.o
    0x08008224   0x08008224   0x00000014   Code   RO          146    .text.buf_u16_le    display_comm.o
    0x08008238   0x08008238   0x00000054   Code   RO           11    .text.fputc         main.o
    0x0800828c   0x0800828c   0x00000164   Code   RO           13    .text.main          main.o
    0x080083f0   0x080083f0   0x00000020   Code   RO         1414    i.__0printf         mc_w.l(printfa.o)
    0x08008410   0x08008410   0x00000034   Code   RO         1415    i.__0snprintf       mc_w.l(printfa.o)
    0x08008444   0x08008444   0x0000000e   Code   RO         1490    i.__scatterload_copy  mc_w.l(handlers.o)
    0x08008452   0x08008452   0x00000002   Code   RO         1491    i.__scatterload_null  mc_w.l(handlers.o)
    0x08008454   0x08008454   0x0000000e   Code   RO         1492    i.__scatterload_zeroinit  mc_w.l(handlers.o)
    0x08008462   0x08008462   0x00000002   PAD
    0x08008464   0x08008464   0x00000184   Code   RO         1421    i._fp_digits        mc_w.l(printfa.o)
    0x080085e8   0x080085e8   0x000006dc   Code   RO         1422    i._printf_core      mc_w.l(printfa.o)
    0x08008cc4   0x08008cc4   0x00000024   Code   RO         1423    i._printf_post_padding  mc_w.l(printfa.o)
    0x08008ce8   0x08008ce8   0x0000002e   Code   RO         1424    i._printf_pre_padding  mc_w.l(printfa.o)
    0x08008d16   0x08008d16   0x00000016   Code   RO         1425    i._snputc           mc_w.l(printfa.o)
    0x08008d2c   0x08008d2c   0x00000010   Data   RO         1390    .rodata.AHBPrescTable  system_stm32f1xx.o
    0x08008d3c   0x08008d3c   0x00000008   Data   RO         1391    .rodata.APBPrescTable  system_stm32f1xx.o
    0x08008d44   0x08008d44   0x00000050   Data   RO          116    .rodata.adc_map     get_maf.o
    0x08008d94   0x08008d94   0x00000019   Data   RO          115    .rodata.str1.1      get_maf.o
    0x08008dad   0x08008dad   0x00000480   Data   RO          201    .rodata.str1.1      display_show.o
    0x0800922d   0x0800922d   0x00000025   Data   RO          226    .rodata.str1.1      pump.o
    0x08009252   0x08009252   0x0000007b   Data   RO          290    .rodata.str1.1      flex.o
    0x080092cd   0x080092cd   0x0000002b   Data   RO          345    .rodata.str1.1      log.o
    0x080092f8   0x080092f8   0x00000010   Data   RO          228    .rodata.tim2_channels  pump.o
    0x08009308   0x08009308   0x0000000c   Data   RO          206    .rodata.warn_icons  display_show.o
    0x08009314   0x08009314   0x00000020   Data   RO         1489    Region$$Table       anon$$obj.o


    Execution Region RW_IRAM1 (Exec base: 0x20000000, Load base: 0x08009338, Size: 0x00001798, Max: 0x0000c000, ABSOLUTE)

    Exec Addr    Load Addr    Size         Type   Attr      Idx    E Section Name        Object

    0x20000000   0x08009338   0x00000004   Data   RW         1455    .data               mc_w.l(stdout.o)
    0x20000004   0x0800933c   0x00000004   Data   RW         1389    .data.SystemCoreClock  system_stm32f1xx.o
    0x20000008   0x08009340   0x00000010   Data   RW          225    .data.pump_a        pump.o
    0x20000018   0x08009350   0x00000010   Data   RW          227    .data.pump_b        pump.o
    0x20000028   0x08009360   0x00000001   Data   RW          976    .data.uwTickFreq    stm32f1xx_hal.o
    0x20000029   0x08009361   0x00000003   PAD
    0x2000002c   0x08009364   0x00000004   Data   RW          975    .data.uwTickPrio    stm32f1xx_hal.o
    0x20000030   0x08009368   0x00000001   Data   RW          205    .data.warn_shown    display_show.o
    0x20000031   0x08009369   0x00000007   PAD
    0x20000038        -       0x00000014   Zero   RW           23    .bss.ADvalue        main.o
    0x2000004c        -       0x00000001   Zero   RW          154    .bss.Comm_unpack.lens  display_comm.o
    0x2000004d        -       0x00000064   Zero   RW          153    .bss.Comm_unpack.temp  display_comm.o
    0x200000b1   0x08009369   0x00000001   PAD
    0x200000b2        -       0x00000040   Zero   RW          157    .bss.DataPacket_Type  display_comm.o
    0x200000f2        -       0x0000000a   Zero   RW          160    .bss.EspFrame_Type  display_comm.o
    0x200000fc        -       0x00000064   Zero   RW           25    .bss.Esp_Rxbuffer   main.o
    0x20000160        -       0x00000001   Zero   RW          159    .bss.Esp_unpack.lens  display_comm.o
    0x20000161        -       0x00000064   Zero   RW          158    .bss.Esp_unpack.temp  display_comm.o
    0x200001c5        -       0x00000001   Zero   RW          202    .bss.Mode           display_show.o
    0x200001c6        -       0x00000064   Zero   RW           32    .bss.Rxbuffer       main.o
    0x2000022a        -       0x00000800   Zero   RW          250    .bss.STMFLASH_BUF   flash.o
    0x20000a2a        -       0x00000040   Zero   RW          200    .bss.Show_DataPacketType  display_show.o
    0x20000a6a        -       0x0000000a   Zero   RW          155    .bss.TransportFrame_Type  display_comm.o
    0x20000a74        -       0x00000001   Zero   RW          307    .bss.close_delay_active  exhaust.o
    0x20000a75   0x08009369   0x00000003   PAD
    0x20000a78        -       0x00000004   Zero   RW          308    .bss.close_delay_start  exhaust.o
    0x20000a7c        -       0x00000064   Zero   RW          156    .bss.comm_buffer    display_comm.o
    0x20000ae0        -       0x00000002   Zero   RW          151    .bss.display_cmd    display_comm.o
    0x20000ae2        -       0x00000064   Zero   RW          161    .bss.esp_buffer     display_comm.o
    0x20000b46        -       0x00000002   Zero   RW          152    .bss.esp_cmd        display_comm.o
    0x20000b48        -       0x00000001   Zero   RW          162    .bss.esp_recv_offset  display_comm.o
    0x20000b49   0x08009369   0x00000001   PAD
    0x20000b4a        -       0x00000002   Zero   RW           70    .bss.exit_cnt       stm32f1xx_it.o
    0x20000b4c        -       0x00000002   Zero   RW           71    .bss.freq_hz        stm32f1xx_it.o
    0x20000b4e        -       0x00000002   Zero   RW          114    .bss.freq_show      get_maf.o
    0x20000b50        -       0x00000030   Zero   RW           26    .bss.hadc1          main.o
    0x20000b80        -       0x00000014   Zero   RW          289    .bss.hdac           flex.o
    0x20000b94        -       0x00000044   Zero   RW           27    .bss.hdma_adc1      main.o
    0x20000bd8        -       0x00000044   Zero   RW           28    .bss.hdma_uart1     main.o
    0x20000c1c        -       0x00000044   Zero   RW           29    .bss.hdma_usart3_rx  main.o
    0x20000c60        -       0x00000048   Zero   RW           30    .bss.htim2          main.o
    0x20000ca8        -       0x00000044   Zero   RW           31    .bss.huart2         main.o
    0x20000cec        -       0x00000044   Zero   RW           24    .bss.huart3         main.o
    0x20000d30        -       0x00000001   Zero   RW          203    .bss.last_dim       display_show.o
    0x20000d31        -       0x00000001   Zero   RW          322    .bss.last_main      spray.o
    0x20000d32        -       0x000005ee   Zero   RW          344    .bss.log_buf        log.o
    0x20001320        -       0x00000006   Zero   RW          342    .bss.log_count      log.o
    0x20001326        -       0x00000001   Zero   RW          339    .bss.log_cur        log.o
    0x20001327        -       0x00000001   Zero   RW          149    .bss.log_en         display_comm.o
    0x20001328        -       0x00000001   Zero   RW          341    .bss.log_flush_cnt  log.o
    0x20001329   0x08009369   0x00000001   PAD
    0x2000132a        -       0x0000000c   Zero   RW          343    .bss.log_len        log.o
    0x20001336        -       0x00000002   Zero   RW          340    .bss.log_seq        log.o
    0x20001338        -       0x00000001   Zero   RW          338    .bss.log_started    log.o
    0x20001339   0x08009369   0x00000003   PAD
    0x2000133c        -       0x00000004   Zero   RW          283    .bss.low_cnt        flex.o
    0x20001340        -       0x00000020   Zero   RW         1231    .bss.pFlash         stm32f1xx_hal_flash.o
    0x20001360        -       0x00000001   Zero   RW          280    .bss.pa1_duty       flex.o
    0x20001361   0x08009369   0x00000001   PAD
    0x20001362        -       0x00000002   Zero   RW          286    .bss.pa1_ethanol    flex.o
    0x20001364        -       0x00000004   Zero   RW          285    .bss.pa1_ethanol_sum  flex.o
    0x20001368        -       0x00000002   Zero   RW          281    .bss.pa1_freq       flex.o
    0x2000136a        -       0x00000002   Zero   RW          276    .bss.pa1_high_cnt   flex.o
    0x2000136c        -       0x00000001   Zero   RW          277    .bss.pa1_last_state  flex.o
    0x2000136d   0x08009369   0x00000001   PAD
    0x2000136e        -       0x00000002   Zero   RW          278    .bss.pa1_rising_cnt  flex.o
    0x20001370        -       0x00000004   Zero   RW          287    .bss.pa1_temp_sum   flex.o
    0x20001374        -       0x00000002   Zero   RW          288    .bss.pa1_temp_x10   flex.o
    0x20001376        -       0x00000002   Zero   RW          279    .bss.pa1_window_cnt  flex.o
    0x20001378        -       0x00000002   Zero   RW          282    .bss.raw_eth        flex.o
    0x2000137a        -       0x00000002   Zero   RW          284    .bss.raw_temp       flex.o
    0x2000137c        -       0x00000001   Zero   RW          150    .bss.recv_offset    display_comm.o
    0x2000137d        -       0x00000001   Zero   RW          321    .bss.spray_on       spray.o
    0x2000137e   0x08009369   0x00000002   PAD
    0x20001380        -       0x00000004   Zero   RW          324    .bss.state_start    spray.o
    0x20001384        -       0x00000001   Zero   RW          148    .bss.test_en        display_comm.o
    0x20001385   0x08009369   0x00000001   PAD
    0x20001386        -       0x00000002   Zero   RW           69    .bss.time           stm32f1xx_it.o
    0x20001388        -       0x00000004   Zero   RW          977    .bss.uwTick         stm32f1xx_hal.o
    0x2000138c        -       0x00000001   Zero   RW          306    .bss.valve_open     exhaust.o
    0x2000138d        -       0x00000001   Zero   RW          207    .bss.warn_slot      display_show.o
    0x2000138e   0x08009369   0x00000002   PAD
    0x20001390        -       0x00000004   Zero   RW          204    .bss.warn_tick      display_show.o
    0x20001394   0x08009369   0x00000004   PAD
    0x20001398        -       0x00000400   Zero   RW            1    STACK               startup_stm32f103xe.o


==============================================================================

Image component sizes


      Code (inc. data)   RO Data    RW Data    ZI Data      Debug   Object Name

      2592          0          0          0        494       5837   display_comm.o
      4076          0       1164          1         71       6823   display_show.o
       478          0          0          0          6       2003   exhaust.o
       786          0          0          0       2048       2883   flash.o
      1330          0        123          0         50       5429   flex.o
       378          0        105          0          2       2346   get_maf.o
       664          0         43          0       1541       1592   log.o
       930          0          0          0        680       9761   main.o
       896          0         53         32          0       3534   pump.o
       464          0          0          0          6       1645   spray.o
        36          8        304          0       1024        752   startup_stm32f103xe.o
       260          0          0          5          4       5848   stm32f1xx_hal.o
      2106          0          0          0          0       9310   stm32f1xx_hal_adc.o
       390          0          0          0          0       7397   stm32f1xx_hal_adc_ex.o
       524          0          0          0          0       7830   stm32f1xx_hal_cortex.o
       474          0          0          0          0       6315   stm32f1xx_hal_dac.o
      2194          0          0          0          0       7284   stm32f1xx_hal_dma.o
      1090          0          0          0         32       4790   stm32f1xx_hal_flash.o
      1790          0          0          0          0       5806   stm32f1xx_hal_flash_ex.o
       946          0          0          0          0       4214   stm32f1xx_hal_gpio.o
      1296          0          0          0          0       8902   stm32f1xx_hal_msp.o
      2622          0          0          0          0       7363   stm32f1xx_hal_rcc.o
       926         16          0          0          0       3184   stm32f1xx_hal_rcc_ex.o
      2956         14          0          0          0      34782   stm32f1xx_hal_tim.o
       256          0          0          0          0      14762   stm32f1xx_hal_tim_ex.o
      1090          0          0          0          0      17803   stm32f1xx_hal_uart.o
       192          0          0          0          6       2082   stm32f1xx_it.o
         2          0         24          4          0       1511   system_stm32f1xx.o

    ----------------------------------------------------------------------
     31900         38       1848         48       5988     191788   Object Totals
         0          0         32          0          0          0   (incl. Generated)
       156          0          0          6         24          0   (incl. Padding)

    ----------------------------------------------------------------------

      Code (inc. data)   RO Data    RW Data    ZI Data      Debug   Library Member Name

         0          0          0          0          0          0   entry.o
         0          0          0          0          0          0   entry10a.o
         0          0          0          0          0          0   entry11a.o
         8          4          0          0          0          0   entry2.o
         4          0          0          0          0          0   entry5.o
         0          0          0          0          0          0   entry7b.o
         0          0          0          0          0          0   entry8b.o
         8          4          0          0          0          0   entry9a.o
        30          0          0          0          0          0   handlers.o
        48         10          0          0          0         68   init.o
         0          0          0          0          0          0   iusefp.o
        98          0          0          0          0         84   ldiv.o
        30          0          0          0          0         68   llshl.o
        36          0          0          0          0         68   llsshr.o
        32          0          0          0          0         68   llushr.o
        26          0          0          0          0         80   memcmp.o
        36          0          0          0          0         68   memcpya.o
        36          0          0          0          0        108   memseta.o
      2332         94          0          0          0        608   printfa.o
         0          0          0          4          0          0   stdout.o
        44          0          0          0          0         80   uidiv.o
        98          0          0          0          0         92   uldiv.o
        48          0          0          0          0         68   cdrcmple.o
       334          0          0          0          0        148   dadd.o
       222          0          0          0          0        100   ddiv.o
       186          0          0          0          0        176   depilogue.o
        48          0          0          0          0         68   dfixul.o
       228          0          0          0          0         96   dmul.o

    ----------------------------------------------------------------------
      3936        112          0          4          0       2048   Library Totals
         4          0          0          0          0          0   (incl. Padding)

    ----------------------------------------------------------------------

      Code (inc. data)   RO Data    RW Data    ZI Data      Debug   Library Name

      2866        112          0          4          0       1392   mc_w.l
      1066          0          0          0          0        656   mf_w.l

    ----------------------------------------------------------------------
      3936        112          0          4          0       2048   Library Totals

    ----------------------------------------------------------------------

==============================================================================


      Code (inc. data)   RO Data    RW Data    ZI Data      Debug   

     35836        150       1848         52       5988     192376   Grand Totals
     35836        150       1848         52       5988     192376   ELF Image Totals
     35836        150       1848         52          0          0   ROM Totals

==============================================================================

    Total RO  Size (Code + RO Data)                37684 (  36.80kB)
    Total RW  Size (RW Data + ZI Data)              6040 (   5.90kB)
    Total ROM Size (Code + RO Data + RW Data)      37736 (  36.85kB)

==============================================================================

