Component: Arm Compiler for Embedded 6.24 Tool: armlink [5d895400]

==============================================================================

Section Cross References

    startup_stm32f103xe.o(RESET) refers to startup_stm32f103xe.o(STACK) for __initial_sp
    startup_stm32f103xe.o(RESET) refers to startup_stm32f103xe.o(.text) for Reset_Handler
    startup_stm32f103xe.o(RESET) refers to stm32f1xx_it.o(.text.NMI_Handler) for NMI_Handler
    startup_stm32f103xe.o(RESET) refers to stm32f1xx_it.o(.text.HardFault_Handler) for HardFault_Handler
    startup_stm32f103xe.o(RESET) refers to stm32f1xx_it.o(.text.MemManage_Handler) for MemManage_Handler
    startup_stm32f103xe.o(RESET) refers to stm32f1xx_it.o(.text.BusFault_Handler) for BusFault_Handler
    startup_stm32f103xe.o(RESET) refers to stm32f1xx_it.o(.text.UsageFault_Handler) for UsageFault_Handler
    startup_stm32f103xe.o(RESET) refers to stm32f1xx_it.o(.text.SVC_Handler) for SVC_Handler
    startup_stm32f103xe.o(RESET) refers to stm32f1xx_it.o(.text.DebugMon_Handler) for DebugMon_Handler
    startup_stm32f103xe.o(RESET) refers to stm32f1xx_it.o(.text.PendSV_Handler) for PendSV_Handler
    startup_stm32f103xe.o(RESET) refers to stm32f1xx_it.o(.text.SysTick_Handler) for SysTick_Handler
    startup_stm32f103xe.o(RESET) refers to stm32f1xx_it.o(.text.DMA1_Channel1_IRQHandler) for DMA1_Channel1_IRQHandler
    startup_stm32f103xe.o(RESET) refers to stm32f1xx_it.o(.text.DMA1_Channel6_IRQHandler) for DMA1_Channel6_IRQHandler
    startup_stm32f103xe.o(RESET) refers to stm32f1xx_it.o(.text.EXTI9_5_IRQHandler) for EXTI9_5_IRQHandler
    startup_stm32f103xe.o(RESET) refers to stm32f1xx_it.o(.text.USART2_IRQHandler) for USART2_IRQHandler
    startup_stm32f103xe.o(.text) refers to system_stm32f1xx.o(.text.SystemInit) for SystemInit
    startup_stm32f103xe.o(.text) refers to entry.o(.ARM.Collect$$$$00000000) for __main
    main.o(.ARM.exidx.text.fputc) refers to main.o(.text.fputc) for [Anonymous Symbol]
    main.o(.text.main) refers to flash.o(.text.USER_FlashReadProtection) for USER_FlashReadProtection
    main.o(.text.main) refers to stm32f1xx_hal.o(.text.HAL_Init) for HAL_Init
    main.o(.text.main) refers to main.o(.text.SystemClock_Config) for SystemClock_Config
    main.o(.text.main) refers to main.o(.text.MX_GPIO_Init) for MX_GPIO_Init
    main.o(.text.main) refers to get_maf.o(.text.MX_ADC1_Init) for MX_ADC1_Init
    main.o(.text.main) refers to pump.o(.text.MX_TIM2_Init) for MX_TIM2_Init
    main.o(.text.main) refers to display_comm.o(.text.MX_USART2_UART_Init) for MX_USART2_UART_Init
    main.o(.text.main) refers to flex.o(.text.MX_DAC_Init) for MX_DAC_Init
    main.o(.text.main) refers to display_show.o(.text.Flash_Init) for Flash_Init
    main.o(.text.main) refers to exhaust.o(.text.Exhaust_Init) for Exhaust_Init
    main.o(.text.main) refers to spray.o(.text.Spray_Init) for Spray_Init
    main.o(.text.main) refers to display_comm.o(.text.InitCommBuffer) for InitCommBuffer
    main.o(.text.main) refers to display_show.o(.text.Display_StartPage) for Display_StartPage
    main.o(.text.main) refers to display_show.o(.text.GetMode) for GetMode
    main.o(.text.main) refers to stm32f1xx_hal.o(.text.HAL_GetTick) for HAL_GetTick
    main.o(.text.main) refers to get_maf.o(.text.GetFreqHz_Task) for GetFreqHz_Task
    main.o(.text.main) refers to log.o(.text.Log_Task) for Log_Task
    main.o(.text.main) refers to pump.o(.text.A_MotorPump_Task) for A_MotorPump_Task
    main.o(.text.main) refers to pump.o(.text.B_MotorPump_Task) for B_MotorPump_Task
    main.o(.text.main) refers to exhaust.o(.text.ExhaustValve_Task) for ExhaustValve_Task
    main.o(.text.main) refers to spray.o(.text.Spray_Task) for Spray_Task
    main.o(.text.main) refers to display_show.o(.text.Display_Warning) for Display_Warning
    main.o(.text.main) refers to display_show.o(.text.Display_FactoryPage) for Display_FactoryPage
    main.o(.text.main) refers to display_show.o(.text.Display_BackgroundSetting) for Display_BackgroundSetting
    main.o(.text.main) refers to display_show.o(.text.Refresh_Setting) for Refresh_Setting
    main.o(.text.main) refers to display_comm.o(.text.Comm_unpack) for Comm_unpack
    main.o(.ARM.exidx.text.main) refers to main.o(.text.main) for [Anonymous Symbol]
    main.o(.text.SystemClock_Config) refers to memseta.o(.text) for __aeabi_memclr4
    main.o(.text.SystemClock_Config) refers to stm32f1xx_hal_rcc.o(.text.HAL_RCC_OscConfig) for HAL_RCC_OscConfig
    main.o(.text.SystemClock_Config) refers to main.o(.text.Error_Handler) for Error_Handler
    main.o(.text.SystemClock_Config) refers to stm32f1xx_hal_rcc.o(.text.HAL_RCC_ClockConfig) for HAL_RCC_ClockConfig
    main.o(.text.SystemClock_Config) refers to stm32f1xx_hal_rcc_ex.o(.text.HAL_RCCEx_PeriphCLKConfig) for HAL_RCCEx_PeriphCLKConfig
    main.o(.ARM.exidx.text.SystemClock_Config) refers to main.o(.text.SystemClock_Config) for [Anonymous Symbol]
[...]
    [Anonymous Symbol]                       0x08007818   Section        0  stm32f1xx_hal_uart.o(.text.UART_DMARxHalfCplt)
    UART_EndRxTransfer                       0x08007849   Thumb Code    70  stm32f1xx_hal_uart.o(.text.UART_EndRxTransfer)
    [Anonymous Symbol]                       0x08007848   Section        0  stm32f1xx_hal_uart.o(.text.UART_EndRxTransfer)
    UART_EndTxTransfer                       0x08007891   Thumb Code    28  stm32f1xx_hal_uart.o(.text.UART_EndTxTransfer)
    [Anonymous Symbol]                       0x08007890   Section        0  stm32f1xx_hal_uart.o(.text.UART_EndTxTransfer)
    UART_SetConfig                           0x080078ad   Thumb Code   194  stm32f1xx_hal_uart.o(.text.UART_SetConfig)
    [Anonymous Symbol]                       0x080078ac   Section        0  stm32f1xx_hal_uart.o(.text.UART_SetConfig)
    [Anonymous Symbol]                       0x08007970   Section        0  stm32f1xx_hal_uart.o(.text.UART_Start_Receive_DMA)
    [Anonymous Symbol]                       0x08007a38   Section        0  stm32f1xx_it.o(.text.USART2_IRQHandler)
    [Anonymous Symbol]                       0x08007a3c   Section        0  flash.o(.text.USER_FlashReadProtection)
    [Anonymous Symbol]                       0x08007a9c   Section        0  stm32f1xx_it.o(.text.UsageFault_Handler)
    __NVIC_EnableIRQ                         0x08007aa1   Thumb Code    52  stm32f1xx_hal_cortex.o(.text.__NVIC_EnableIRQ)
    [Anonymous Symbol]                       0x08007aa0   Section        0  stm32f1xx_hal_cortex.o(.text.__NVIC_EnableIRQ)
    __NVIC_GetPriorityGrouping               0x08007ad5   Thumb Code    16  stm32f1xx_hal_cortex.o(.text.__NVIC_GetPriorityGrouping)
    [Anonymous Symbol]                       0x08007ad4   Section        0  stm32f1xx_hal_cortex.o(.text.__NVIC_GetPriorityGrouping)
    __NVIC_SetPriority                       0x08007ae5   Thumb Code    68  stm32f1xx_hal_cortex.o(.text.__NVIC_SetPriority)
    [Anonymous Symbol]                       0x08007ae4   Section        0  stm32f1xx_hal_cortex.o(.text.__NVIC_SetPriority)
    __NVIC_SetPriorityGrouping               0x08007b29   Thumb Code    60  stm32f1xx_hal_cortex.o(.text.__NVIC_SetPriorityGrouping)
    [Anonymous Symbol]                       0x08007b28   Section        0  stm32f1xx_hal_cortex.o(.text.__NVIC_SetPriorityGrouping)
    __NVIC_SystemReset                       0x08007b65   Thumb Code    38  stm32f1xx_hal_cortex.o(.text.__NVIC_SystemReset)
    [Anonymous Symbol]                       0x08007b64   Section        0  stm32f1xx_hal_cortex.o(.text.__NVIC_SystemReset)
    apply_adj_defaults                       0x08007b8d   Thumb Code   128  display_show.o(.text.apply_adj_defaults)
    [Anonymous Symbol]                       0x08007b8c   Section        0  display_show.o(.text.apply_adj_defaults)
    buf_u16_le                               0x08007c0d   Thumb Code    30  display_comm.o(.text.buf_u16_le)
    [Anonymous Symbol]                       0x08007c0c   Section        0  display_comm.o(.text.buf_u16_le)
    [Anonymous Symbol]                       0x08007c2c   Section        0  main.o(.text.fputc)
    [Anonymous Symbol]                       0x08007c5c   Section        0  main.o(.text.main)
    i.__0printf                              0x08007d84   Section        0  printfa.o(i.__0printf)
    i.__0snprintf                            0x08007da4   Section        0  printfa.o(i.__0snprintf)
    i.__scatterload_copy                     0x08007dd8   Section       14  handlers.o(i.__scatterload_copy)
    i.__scatterload_null                     0x08007de6   Section        2  handlers.o(i.__scatterload_null)
    i.__scatterload_zeroinit                 0x08007de8   Section       14  handlers.o(i.__scatterload_zeroinit)
    _fp_digits                               0x08007df9   Thumb Code   366  printfa.o(i._fp_digits)
    i._fp_digits                             0x08007df8   Section        0  printfa.o(i._fp_digits)
    _printf_core                             0x08007f7d   Thumb Code  1744  printfa.o(i._printf_core)
    i._printf_core                           0x08007f7c   Section        0  printfa.o(i._printf_core)
    _printf_post_padding                     0x08008659   Thumb Code    36  printfa.o(i._printf_post_padding)
    i._printf_post_padding                   0x08008658   Section        0  printfa.o(i._printf_post_padding)
    _printf_pre_padding                      0x0800867d   Thumb Code    46  printfa.o(i._printf_pre_padding)
    i._printf_pre_padding                    0x0800867c   Section        0  printfa.o(i._printf_pre_padding)
    _snputc                                  0x080086ab   Thumb Code    22  printfa.o(i._snputc)
    i._snputc                                0x080086aa   Section        0  printfa.o(i._snputc)
    adc_map                                  0x080086d8   Data          80  get_maf.o(.rodata.adc_map)
    [Anonymous Symbol]                       0x080086d8   Section        0  get_maf.o(.rodata.adc_map)
    .L.str                                   0x08008728   Data          25  get_maf.o(.rodata.str1.1)
    .L.str.20                                0x08008728   Data          25  get_maf.o(.rodata.str1.1)
    [Anonymous Symbol]                       0x08008728   Section        0  get_maf.o(.rodata.str1.1)
    .L.str.12                                0x08008741   Data           3  display_show.o(.rodata.str1.1)
    [Anonymous Symbol]                       0x08008741   Section        0  display_show.o(.rodata.str1.1)
    .L.str.13                                0x08008744   Data           3  display_show.o(.rodata.str1.1)
    .L.str.15                                0x08008747   Data           3  display_show.o(.rodata.str1.1)
    .L.str.64                                0x0800874a   Data           9  display_show.o(.rodata.str1.1)
    .L.str.65                                0x08008753   Data           6  display_show.o(.rodata.str1.1)
    .L.str.66                                0x08008759   Data           7  display_show.o(.rodata.str1.1)
    .L.str.16                                0x08008760   Data           3  display_show.o(.rodata.str1.1)
    .L.str.3                                 0x08008763   Data          26  display_show.o(.rodata.str1.1)
    .L.str.4                                 0x0800877d   Data          27  display_show.o(.rodata.str1.1)
    .L.str.6                                 0x08008798   Data          22  display_show.o(.rodata.str1.1)
    .L.str.5                                 0x080087ae   Data          20  display_show.o(.rodata.str1.1)
    .L.str.2                                 0x080087c2   Data          26  display_show.o(.rodata.str1.1)
    .L.str.1                                 0x080087dc   Data          27  display_show.o(.rodata.str1.1)
    .L.str.11                                0x080087f7   Data          23  display_show.o(.rodata.str1.1)
    .L.str.14                                0x0800880e   Data          17  display_show.o(.rodata.str1.1)
    .L.str.62                                0x0800881f   Data          12  display_show.o(.rodata.str1.1)
    .L.str.49                                0x0800882b   Data          17  display_show.o(.rodata.str1.1)
    .L.str                                   0x0800883c   Data          14  display_show.o(.rodata.str1.1)
    .L.str.63                                0x0800884a   Data          12  display_show.o(.rodata.str1.1)
    .L.str.48                                0x08008856   Data          17  display_show.o(.rodata.str1.1)
    .L.str.24                                0x08008867   Data          14  display_show.o(.rodata.str1.1)
    .L.str.21                                0x08008875   Data          19  display_show.o(.rodata.str1.1)
    .L.str.22                                0x08008888   Data          16  display_show.o(.rodata.str1.1)
    .L.str.19                                0x08008898   Data          18  display_show.o(.rodata.str1.1)
    .L.str.23                                0x080088aa   Data          17  display_show.o(.rodata.str1.1)
    .L.str.7                                 0x080088bb   Data          20  display_show.o(.rodata.str1.1)
    .L.str.8                                 0x080088cf   Data          20  display_show.o(.rodata.str1.1)
    .L.str                                   0x080088e3   Data          19  display_show.o(.rodata.str1.1)
    .L.str.9                                 0x080088e3   Data          19  display_show.o(.rodata.str1.1)
    .L.str                                   0x080088f6   Data          17  display_show.o(.rodata.str1.1)
    .L.str.10                                0x080088f6   Data          17  display_show.o(.rodata.str1.1)
    .L.str.42                                0x08008907   Data          18  display_show.o(.rodata.str1.1)
    .L.str.41                                0x08008919   Data          16  display_show.o(.rodata.str1.1)
    .L.str.25                                0x08008929   Data          15  display_show.o(.rodata.str1.1)
    .L.str.26                                0x08008938   Data          16  display_show.o(.rodata.str1.1)
    .L.str.27                                0x08008948   Data          22  display_show.o(.rodata.str1.1)
    .L.str.54                                0x0800895e   Data          17  display_show.o(.rodata.str1.1)
    .L.str.17                                0x0800896f   Data          16  display_show.o(.rodata.str1.1)
    .L.str.28                                0x0800897f   Data          15  display_show.o(.rodata.str1.1)
    .L.str.29                                0x0800898e   Data          16  display_show.o(.rodata.str1.1)
    .L.str.30                                0x0800899e   Data          22  display_show.o(.rodata.str1.1)
    .L.str.55                                0x080089b4   Data          17  display_show.o(.rodata.str1.1)
    .L.str.18                                0x080089c5   Data          16  display_show.o(.rodata.str1.1)
    .L.str.56                                0x080089d5   Data          17  display_show.o(.rodata.str1.1)
    .L.str.35                                0x080089e6   Data          17  display_show.o(.rodata.str1.1)
    .L.str.33                                0x080089f7   Data          22  display_show.o(.rodata.str1.1)
    .L.str.32                                0x08008a0d   Data          21  display_show.o(.rodata.str1.1)
    .L.str.47                                0x08008a22   Data          18  display_show.o(.rodata.str1.1)
    .L.str.50                                0x08008a34   Data          18  display_show.o(.rodata.str1.1)
    .L.str.57                                0x08008a46   Data          19  display_show.o(.rodata.str1.1)
    .L.str.58                                0x08008a59   Data          19  display_show.o(.rodata.str1.1)
    .L.str.51                                0x08008a6c   Data          18  display_show.o(.rodata.str1.1)
    .L.str.52                                0x08008a7e   Data          18  display_show.o(.rodata.str1.1)
    .L.str.53                                0x08008a90   Data          18  display_show.o(.rodata.str1.1)
    .L.str.39                                0x08008aa2   Data          19  display_show.o(.rodata.str1.1)
    .L.str.43                                0x08008ab5   Data          20  display_show.o(.rodata.str1.1)
    .L.str.31                                0x08008ac9   Data          20  display_show.o(.rodata.str1.1)
    .L.str.59                                0x08008add   Data          18  display_show.o(.rodata.str1.1)
    .L.str.34                                0x08008aef   Data          20  display_show.o(.rodata.str1.1)
    .L.str.60                                0x08008b03   Data          22  display_show.o(.rodata.str1.1)
    .L.str.45                                0x08008b19   Data          22  display_show.o(.rodata.str1.1)
    .L.str.38                                0x08008b2f   Data          24  display_show.o(.rodata.str1.1)
    .L.str.40                                0x08008b47   Data          17  display_show.o(.rodata.str1.1)
    .L.str.46                                0x08008b58   Data          24  display_show.o(.rodata.str1.1)
    .L.str.44                                0x08008b70   Data          17  display_show.o(.rodata.str1.1)
    .L.str.36                                0x08008b81   Data          18  display_show.o(.rodata.str1.1)
    .L.str.37                                0x08008b93   Data          22  display_show.o(.rodata.str1.1)
    .L.str.61                                0x08008ba9   Data          10  display_show.o(.rodata.str1.1)
    .L.str                                   0x08008bb3   Data           6  pump.o(.rodata.str1.1)
    [Anonymous Symbol]                       0x08008bb3   Section        0  pump.o(.rodata.str1.1)
    .L.str.1                                 0x08008bb9   Data           6  pump.o(.rodata.str1.1)
    .L.str.2                                 0x08008bbf   Data          12  pump.o(.rodata.str1.1)
    .L.str.3                                 0x08008bcb   Data          13  pump.o(.rodata.str1.1)
    .L.str                                   0x08008bd8   Data           9  log.o(.rodata.str1.1)
    [Anonymous Symbol]                       0x08008bd8   Section        0  log.o(.rodata.str1.1)
    .L.str.2                                 0x08008be1   Data          16  log.o(.rodata.str1.1)
    .L.str.1                                 0x08008bf1   Data          18  log.o(.rodata.str1.1)
    tim2_channels                            0x08008c04   Data          16  pump.o(.rodata.tim2_channels)
    [Anonymous Symbol]                       0x08008c04   Section        0  pump.o(.rodata.tim2_channels)
    warn_icons                               0x08008c14   Data          12  display_show.o(.rodata.warn_icons)
    [Anonymous Symbol]                       0x08008c14   Section        0  display_show.o(.rodata.warn_icons)
    .data                                    0x20000000   Section        4  stdout.o(.data)
    pump_a                                   0x20000008   Data          16  pump.o(.data.pump_a)
    [Anonymous Symbol]                       0x20000008   Section        0  pump.o(.data.pump_a)
    pump_b                                   0x20000018   Data          16  pump.o(.data.pump_b)
    [Anonymous Symbol]                       0x20000018   Section        0  pump.o(.data.pump_b)
    warn_shown                               0x20000030   Data           1  display_show.o(.data.warn_shown)
    [Anonymous Symbol]                       0x20000030   Section        0  display_show.o(.data.warn_shown)
    Comm_unpack.lens                         0x2000004c   Data           1  display_comm.o(.bss.Comm_unpack.lens)
    [Anonymous Symbol]                       0x2000004c   Section        0  display_comm.o(.bss.Comm_unpack.lens)
    Comm_unpack.temp                         0x2000004d   Data         100  display_comm.o(.bss.Comm_unpack.temp)
    [Anonymous Symbol]                       0x2000004d   Section        0  display_comm.o(.bss.Comm_unpack.temp)
    Mode                                     0x200000f2   Data           1  display_show.o(.bss.Mode)
    [Anonymous Symbol]                       0x200000f2   Section        0  display_show.o(.bss.Mode)
    TransportFrame_Type                      0x20000998   Data          10  display_comm.o(.bss.TransportFrame_Type)
    [Anonymous Symbol]                       0x20000998   Section        0  display_comm.o(.bss.TransportFrame_Type)
    close_delay_active                       0x200009a2   Data           1  exhaust.o(.bss.close_delay_active)
    [Anonymous Symbol]                       0x200009a2   Section        0  exhaust.o(.bss.close_delay_active)
    close_delay_start                        0x200009a4   Data           4  exhaust.o(.bss.close_delay_start)
    [Anonymous Symbol]                       0x200009a4   Section        0  exhaust.o(.bss.close_delay_start)
    comm_buffer                              0x200009a8   Data         100  display_comm.o(.bss.comm_buffer)
    [Anonymous Symbol]                       0x200009a8   Section        0  display_comm.o(.bss.comm_buffer)
    display_cmd                              0x20000a0c   Data           2  display_comm.o(.bss.display_cmd)
    [Anonymous Symbol]                       0x20000a0c   Section        0  display_comm.o(.bss.display_cmd)
    exit_cnt                                 0x20000a0e   Data           2  stm32f1xx_it.o(.bss.exit_cnt)
    [Anonymous Symbol]                       0x20000a0e   Section        0  stm32f1xx_it.o(.bss.exit_cnt)
    factory_cal_tick                         0x20000a10   Data           4  display_show.o(.bss.factory_cal_tick)
    [Anonymous Symbol]                       0x20000a10   Section        0  display_show.o(.bss.factory_cal_tick)
    freq_hz                                  0x20000a14   Data           2  stm32f1xx_it.o(.bss.freq_hz)
    [Anonymous Symbol]                       0x20000a14   Section        0  stm32f1xx_it.o(.bss.freq_hz)
    freq_show                                0x20000a16   Data           2  get_maf.o(.bss.freq_show)
    [Anonymous Symbol]                       0x20000a16   Section        0  get_maf.o(.bss.freq_show)
    last_dim                                 0x20000b70   Data           1  display_show.o(.bss.last_dim)
    [Anonymous Symbol]                       0x20000b70   Section        0  display_show.o(.bss.last_dim)
    last_main                                0x20000b71   Data           1  spray.o(.bss.last_main)
    [Anonymous Symbol]                       0x20000b71   Section        0  spray.o(.bss.last_main)
    log_buf                                  0x20000b72   Data        1518  log.o(.bss.log_buf)
    [Anonymous Symbol]                       0x20000b72   Section        0  log.o(.bss.log_buf)
    log_count                                0x20001160   Data           6  log.o(.bss.log_count)
    [Anonymous Symbol]                       0x20001160   Section        0  log.o(.bss.log_count)
    log_cur                                  0x20001166   Data           1  log.o(.bss.log_cur)
    [Anonymous Symbol]                       0x20001166   Section        0  log.o(.bss.log_cur)
    log_flush_cnt                            0x20001168   Data           1  log.o(.bss.log_flush_cnt)
    [Anonymous Symbol]                       0x20001168   Section        0  log.o(.bss.log_flush_cnt)
    log_len                                  0x2000116a   Data          12  log.o(.bss.log_len)
    [Anonymous Symbol]                       0x2000116a   Section        0  log.o(.bss.log_len)
    log_seq                                  0x20001176   Data           2  log.o(.bss.log_seq)
    [Anonymous Symbol]                       0x20001176   Section        0  log.o(.bss.log_seq)
    log_started                              0x20001178   Data           1  log.o(.bss.log_started)
    [Anonymous Symbol]                       0x20001178   Section        0  log.o(.bss.log_started)
    pa1_duty                                 0x200011a0   Data           1  flex.o(.bss.pa1_duty)
    [Anonymous Symbol]                       0x200011a0   Section        0  flex.o(.bss.pa1_duty)
    pa1_ethanol                              0x200011a2   Data           2  flex.o(.bss.pa1_ethanol)
    [Anonymous Symbol]                       0x200011a2   Section        0  flex.o(.bss.pa1_ethanol)
    pa1_freq                                 0x200011a4   Data           2  flex.o(.bss.pa1_freq)
    [Anonymous Symbol]                       0x200011a4   Section        0  flex.o(.bss.pa1_freq)
    pa1_high_cnt                             0x200011a6   Data           2  flex.o(.bss.pa1_high_cnt)
    [Anonymous Symbol]                       0x200011a6   Section        0  flex.o(.bss.pa1_high_cnt)
    pa1_last_state                           0x200011a8   Data           1  flex.o(.bss.pa1_last_state)
    [Anonymous Symbol]                       0x200011a8   Section        0  flex.o(.bss.pa1_last_state)
    pa1_rising_cnt                           0x200011aa   Data           2  flex.o(.bss.pa1_rising_cnt)
    [Anonymous Symbol]                       0x200011aa   Section        0  flex.o(.bss.pa1_rising_cnt)
    pa1_temp_x10                             0x200011ac   Data           2  flex.o(.bss.pa1_temp_x10)
    [Anonymous Symbol]                       0x200011ac   Section        0  flex.o(.bss.pa1_temp_x10)
    pa1_window_cnt                           0x200011ae   Data           2  flex.o(.bss.pa1_window_cnt)
    [Anonymous Symbol]                       0x200011ae   Section        0  flex.o(.bss.pa1_window_cnt)
    recv_offset                              0x200011b0   Data           1  display_comm.o(.bss.recv_offset)
    [Anonymous Symbol]                       0x200011b0   Section        0  display_comm.o(.bss.recv_offset)
    spray_on                                 0x200011b1   Data           1  spray.o(.bss.spray_on)
    [Anonymous Symbol]                       0x200011b1   Section        0  spray.o(.bss.spray_on)
    state_start                              0x200011b4   Data           4  spray.o(.bss.state_start)
    [Anonymous Symbol]                       0x200011b4   Section        0  spray.o(.bss.state_start)
    time                                     0x200011ba   Data           2  stm32f1xx_it.o(.bss.time)
    [Anonymous Symbol]                       0x200011ba   Section        0  stm32f1xx_it.o(.bss.time)
    valve_open                               0x200011c0   Data           1  exhaust.o(.bss.valve_open)
    [Anonymous Symbol]                       0x200011c0   Section        0  exhaust.o(.bss.valve_open)
    warn_slot                                0x200011c1   Data           1  display_show.o(.bss.warn_slot)
    [Anonymous Symbol]                       0x200011c1   Section        0  display_show.o(.bss.warn_slot)
    warn_tick                                0x200011c4   Data           4  display_show.o(.bss.warn_tick)
    [Anonymous Symbol]                       0x200011c4   Section        0  display_show.o(.bss.warn_tick)
    STACK                                    0x200011c8   Section     1024  startup_stm32f103xe.o(STACK)

    Global Symbols

    Symbol Name                              Value     Ov Type        Size  Object(Section)

    BuildAttributes$$THM_ISAv4$P$D$K$B$S$PE$A:L22UL41UL21$X:L11$S22US41US21$IEEE1$IW$~IW$USESV6$~STKCKD$USESV7$~SHL$OSPACE$ROPI$EBA8$MICROLIB$REQ8$PRES8$EABIv2 0x00000000   Number         0  anon$$obj.o ABSOLUTE
    __cpp_initialize__aeabi_                  - Undefined Weak Reference
    __cxa_finalize                            - Undefined Weak Reference
    __decompress                              - Undefined Weak Reference
    _clock_init                               - Undefined Weak Reference
    _microlib_exit                            - Undefined Weak Reference
    __Vectors_Size                           0x00000130   Number         0  startup_stm32f103xe.o ABSOLUTE
    __Vectors                                0x08000000   Data           4  startup_stm32f103xe.o(RESET)
    __Vectors_End                            0x08000130   Data           0  startup_stm32f103xe.o(RESET)
    __main                                   0x08000131   Thumb Code     0  entry.o(.ARM.Collect$$$$00000000)
    _main_stk                                0x08000131   Thumb Code     0  entry2.o(.ARM.Collect$$$$00000001)
    _main_scatterload                        0x08000135   Thumb Code     0  entry5.o(.ARM.Collect$$$$00000004)
    __main_after_scatterload                 0x08000139   Thumb Code     0  entry5.o(.ARM.Collect$$$$00000004)
    _main_clock                              0x08000139   Thumb Code     0  entry7b.o(.ARM.Collect$$$$00000008)
    _main_cpp_init                           0x08000139   Thumb Code     0  entry8b.o(.ARM.Collect$$$$0000000A)
    _main_init                               0x08000139   Thumb Code     0  entry9a.o(.ARM.Collect$$$$0000000B)
    __rt_final_cpp                           0x08000141   Thumb Code     0  entry10a.o(.ARM.Collect$$$$0000000D)
    __rt_final_exit                          0x08000141   Thumb Code     0  entry11a.o(.ARM.Collect$$$$0000000F)
    Reset_Handler                            0x08000145   Thumb Code     8  startup_stm32f103xe.o(.text)
    ADC1_2_IRQHandler                        0x0800015f   Thumb Code     0  startup_stm32f103xe.o(.text)
    ADC3_IRQHandler                          0x0800015f   Thumb Code     0  startup_stm32f103xe.o(.text)
    CAN1_RX1_IRQHandler                      0x0800015f   Thumb Code     0  startup_stm32f103xe.o(.text)
    CAN1_SCE_IRQHandler                      0x0800015f   Thumb Code     0  startup_stm32f103xe.o(.text)
    DMA1_Channel2_IRQHandler                 0x0800015f   Thumb Code     0  startup_stm32f103xe.o(.text)
    DMA1_Channel3_IRQHandler                 0x0800015f   Thumb Code     0  startup_stm32f103xe.o(.text)
    DMA1_Channel4_IRQHandler                 0x0800015f   Thumb Code     0  startup_stm32f103xe.o(.text)
    DMA1_Channel5_IRQHandler                 0x0800015f   Thumb Code     0  startup_stm32f103xe.o(.text)
    DMA1_Channel7_IRQHandler                 0x0800015f   Thumb Code     0  startup_stm32f103xe.o(.text)
    DMA2_Channel1_IRQHandler                 0x0800015f   Thumb Code     0  startup_stm32f103xe.o(.text)
    DMA2_Channel2_IRQHandler                 0x0800015f   Thumb Code     0  startup_stm32f103xe.o(.text)
    DMA2_Channel3_IRQHandler                 0x0800015f   Thumb Code     0  startup_stm32f103xe.o(.text)
    DMA2_Channel4_5_IRQHandler               0x0800015f   Thumb Code     0  startup_stm32f103xe.o(.text)
    EXTI0_IRQHandler                         0x0800015f   Thumb Code     0  startup_stm32f103xe.o(.text)
    EXTI15_10_IRQHandler                     0x0800015f   Thumb Code     0  startup_stm32f103xe.o(.text)
    EXTI1_IRQHandler                         0x0800015f   Thumb Code     0  startup_stm32f103xe.o(.text)
    EXTI2_IRQHandler                         0x0800015f   Thumb Code     0  startup_stm32f103xe.o(.text)
    EXTI3_IRQHandler                         0x0800015f   Thumb Code     0  startup_stm32f103xe.o(.text)
    EXTI4_IRQHandler                         0x0800015f   Thumb Code     0  startup_stm32f103xe.o(.text)
    FLASH_IRQHandler                         0x0800015f   Thumb Code     0  startup_stm32f103xe.o(.text)
    FSMC_IRQHandler                          0x0800015f   Thumb Code     0  startup_stm32f103xe.o(.text)
    I2C1_ER_IRQHandler                       0x0800015f   Thumb Code     0  startup_stm32f103xe.o(.text)
    I2C1_EV_IRQHandler                       0x0800015f   Thumb Code     0  startup_stm32f103xe.o(.text)
    I2C2_ER_IRQHandler                       0x0800015f   Thumb Code     0  startup_stm32f103xe.o(.text)
    I2C2_EV_IRQHandler                       0x0800015f   Thumb Code     0  startup_stm32f103xe.o(.text)
    PVD_IRQHandler                           0x0800015f   Thumb Code     0  startup_stm32f103xe.o(.text)
    RCC_IRQHandler                           0x0800015f   Thumb Code     0  startup_stm32f103xe.o(.text)
    RTC_Alarm_IRQHandler                     0x0800015f   Thumb Code     0  startup_stm32f103xe.o(.text)
    RTC_IRQHandler                           0x0800015f   Thumb Code     0  startup_stm32f103xe.o(.text)
    SDIO_IRQHandler                          0x0800015f   Thumb Code     0  startup_stm32f103xe.o(.text)
    SPI1_IRQHandler                          0x0800015f   Thumb Code     0  startup_stm32f103xe.o(.text)
    SPI2_IRQHandler                          0x0800015f   Thumb Code     0  startup_stm32f103xe.o(.text)
    SPI3_IRQHandler                          0x0800015f   Thumb Code     0  startup_stm32f103xe.o(.text)
    TAMPER_IRQHandler                        0x0800015f   Thumb Code     0  startup_stm32f103xe.o(.text)
    TIM1_BRK_IRQHandler                      0x0800015f   Thumb Code     0  startup_stm32f103xe.o(.text)
    TIM1_CC_IRQHandler                       0x0800015f   Thumb Code     0  startup_stm32f103xe.o(.text)
    TIM1_TRG_COM_IRQHandler                  0x0800015f   Thumb Code     0  startup_stm32f103xe.o(.text)
    TIM1_UP_IRQHandler                       0x0800015f   Thumb Code     0  startup_stm32f103xe.o(.text)
    TIM2_IRQHandler                          0x0800015f   Thumb Code     0  startup_stm32f103xe.o(.text)
    TIM3_IRQHandler                          0x0800015f   Thumb Code     0  startup_stm32f103xe.o(.text)
    TIM4_IRQHandler                          0x0800015f   Thumb Code     0  startup_stm32f103xe.o(.text)
    TIM5_IRQHandler                          0x0800015f   Thumb Code     0  startup_stm32f103xe.o(.text)
    TIM6_IRQHandler                          0x0800015f   Thumb Code     0  startup_stm32f103xe.o(.text)
    TIM7_IRQHandler                          0x0800015f   Thumb Code     0  startup_stm32f103xe.o(.text)
    TIM8_BRK_IRQHandler                      0x0800015f   Thumb Code     0  startup_stm32f103xe.o(.text)
    TIM8_CC_IRQHandler                       0x0800015f   Thumb Code     0  startup_stm32f103xe.o(.text)
    TIM8_TRG_COM_IRQHandler                  0x0800015f   Thumb Code     0  startup_stm32f103xe.o(.text)
    TIM8_UP_IRQHandler                       0x0800015f   Thumb Code     0  startup_stm32f103xe.o(.text)
    UART4_IRQHandler                         0x0800015f   Thumb Code     0  startup_stm32f103xe.o(.text)
    UART5_IRQHandler                         0x0800015f   Thumb Code     0  startup_stm32f103xe.o(.text)
    USART1_IRQHandler                        0x0800015f   Thumb Code     0  startup_stm32f103xe.o(.text)
    USART3_IRQHandler                        0x0800015f   Thumb Code     0  startup_stm32f103xe.o(.text)
    USBWakeUp_IRQHandler                     0x0800015f   Thumb Code     0  startup_stm32f103xe.o(.text)
    USB_HP_CAN1_TX_IRQHandler                0x0800015f   Thumb Code     0  startup_stm32f103xe.o(.text)
    USB_LP_CAN1_RX0_IRQHandler               0x0800015f   Thumb Code     0  startup_stm32f103xe.o(.text)
    WWDG_IRQHandler                          0x0800015f   Thumb Code     0  startup_stm32f103xe.o(.text)
    __aeabi_uldivmod                         0x08000169   Thumb Code    98  uldiv.o(.text)
    __aeabi_memcpy                           0x080001cb   Thumb Code    36  memcpya.o(.text)
    __aeabi_memcpy4                          0x080001cb   Thumb Code     0  memcpya.o(.text)
    __aeabi_memcpy8                          0x080001cb   Thumb Code     0  memcpya.o(.text)
    __aeabi_memset                           0x080001ef   Thumb Code    14  memseta.o(.text)
    __aeabi_memset4                          0x080001ef   Thumb Code     0  memseta.o(.text)
    __aeabi_memset8                          0x080001ef   Thumb Code     0  memseta.o(.text)
    __aeabi_memclr                           0x080001fd   Thumb Code     4  memseta.o(.text)
    __aeabi_memclr4                          0x080001fd   Thumb Code     0  memseta.o(.text)
    __aeabi_memclr8                          0x080001fd   Thumb Code     0  memseta.o(.text)
    _memset$wrapper                          0x08000201   Thumb Code    18  memseta.o(.text)
    memcmp                                   0x08000213   Thumb Code    26  memcmp.o(.text)
    __aeabi_uidiv                            0x0800022d   Thumb Code     0  uidiv.o(.text)
    __aeabi_uidivmod                         0x0800022d   Thumb Code    44  uidiv.o(.text)
    __aeabi_llsl                             0x08000259   Thumb Code    30  llshl.o(.text)
    _ll_shift_l                              0x08000259   Thumb Code     0  llshl.o(.text)
    __aeabi_llsr                             0x08000277   Thumb Code    32  llushr.o(.text)
    _ll_ushift_r                             0x08000277   Thumb Code     0  llushr.o(.text)
    __I$use$fp                               0x08000297   Thumb Code     0  iusefp.o(.text)
    __aeabi_dadd                             0x08000297   Thumb Code   322  dadd.o(.text)
    __aeabi_dsub                             0x080003d9   Thumb Code     6  dadd.o(.text)
    __aeabi_drsub                            0x080003df   Thumb Code     6  dadd.o(.text)
    __aeabi_dmul                             0x080003e5   Thumb Code   228  dmul.o(.text)
    __aeabi_ddiv                             0x080004c9   Thumb Code   222  ddiv.o(.text)
    __aeabi_d2ulz                            0x080005a7   Thumb Code    48  dfixul.o(.text)
    __aeabi_cdrcmple                         0x080005d9   Thumb Code    48  cdrcmple.o(.text)
    __scatterload                            0x08000609   Thumb Code    38  init.o(.text)
    __scatterload_rt2                        0x08000609   Thumb Code     0  init.o(.text)
    __aeabi_lasr                             0x08000639   Thumb Code    36  llsshr.o(.text)
    _ll_sshift_r                             0x08000639   Thumb Code     0  llsshr.o(.text)
    _double_round                            0x0800065d   Thumb Code    30  depilogue.o(.text)
    _double_epilogue                         0x0800067b   Thumb Code   156  depilogue.o(.text)
    ADC_ConversionStop_Disable               0x08000719   Thumb Code   136  stm32f1xx_hal_adc.o(.text.ADC_ConversionStop_Disable)
    ADC_DMAConvCplt                          0x080007a1   Thumb Code   128  stm32f1xx_hal_adc.o(.text.ADC_DMAConvCplt)
    ADC_DMAError                             0x08000821   Thumb Code    42  stm32f1xx_hal_adc.o(.text.ADC_DMAError)
    ADC_DMAHalfConvCplt                      0x0800084d   Thumb Code    22  stm32f1xx_hal_adc.o(.text.ADC_DMAHalfConvCplt)
    ADC_Enable                               0x08000865   Thumb Code   194  stm32f1xx_hal_adc.o(.text.ADC_Enable)
    A_MotorPump_Task                         0x08000929   Thumb Code   100  pump.o(.text.A_MotorPump_Task)
    B_MotorPump_Task                         0x0800098d   Thumb Code   100  pump.o(.text.B_MotorPump_Task)
    BusFault_Handler                         0x080009f1   Thumb Code     4  stm32f1xx_it.o(.text.BusFault_Handler)
    Comm_unpack                              0x08000bbd   Thumb Code   442  display_comm.o(.text.Comm_unpack)
    DMA1_Channel1_IRQHandler                 0x08000d79   Thumb Code    16  stm32f1xx_it.o(.text.DMA1_Channel1_IRQHandler)
    DMA1_Channel6_IRQHandler                 0x08000d89   Thumb Code     2  stm32f1xx_it.o(.text.DMA1_Channel6_IRQHandler)
    DebugMon_Handler                         0x08000de1   Thumb Code     2  stm32f1xx_it.o(.text.DebugMon_Handler)
    Display_BackgroundSetting                0x08000de5   Thumb Code   160  display_show.o(.text.Display_BackgroundSetting)
    Display_FactoryPage                      0x08000e85   Thumb Code   540  display_show.o(.text.Display_FactoryPage)
    Display_SettingPage                      0x080010a1   Thumb Code   996  display_show.o(.text.Display_SettingPage)
    Display_StartPage                        0x08001485   Thumb Code   862  display_show.o(.text.Display_StartPage)
    Display_Warning                          0x080017e5   Thumb Code   390  display_show.o(.text.Display_Warning)
    EXTI9_5_IRQHandler                       0x0800196d   Thumb Code    48  stm32f1xx_it.o(.text.EXTI9_5_IRQHandler)
    Error_Handler                            0x0800199d   Thumb Code     2  main.o(.text.Error_Handler)
    ExhaustValve_Task                        0x080019fd   Thumb Code   340  exhaust.o(.text.ExhaustValve_Task)
    Exhaust_Init                             0x08001b51   Thumb Code    82  exhaust.o(.text.Exhaust_Init)
    FLASH_PageErase                          0x08002085   Thumb Code    56  stm32f1xx_hal_flash_ex.o(.text.FLASH_PageErase)
    FLASH_WaitForLastOperation               0x0800220d   Thumb Code   302  stm32f1xx_hal_flash.o(.text.FLASH_WaitForLastOperation)
    Flash_Init                               0x0800233d   Thumb Code    48  display_show.o(.text.Flash_Init)
    Flash_ReadSetting                        0x0800236d   Thumb Code    44  flash.o(.text.Flash_ReadSetting)
    Flash_WriteSetting                       0x08002399   Thumb Code    44  flash.o(.text.Flash_WriteSetting)
    GetDisplay_Cmd                           0x080023c5   Thumb Code    12  display_comm.o(.text.GetDisplay_Cmd)
    GetFreqHz_Task                           0x080023d1   Thumb Code   124  get_maf.o(.text.GetFreqHz_Task)
    GetFreqShow                              0x0800244d   Thumb Code    12  get_maf.o(.text.GetFreqShow)
    GetMode                                  0x08002459   Thumb Code    12  display_show.o(.text.GetMode)
    GetTestData                              0x08002465   Thumb Code    12  display_show.o(.text.GetTestData)
    Get_FreqHz                               0x08002471   Thumb Code    30  stm32f1xx_it.o(.text.Get_FreqHz)
    HAL_ADCEx_Calibration_Start              0x080024c9   Thumb Code   394  stm32f1xx_hal_adc_ex.o(.text.HAL_ADCEx_Calibration_Start)
    HAL_ADC_ConfigChannel                    0x08002655   Thumb Code   444  stm32f1xx_hal_adc.o(.text.HAL_ADC_ConfigChannel)
    HAL_ADC_ConvCpltCallback                 0x08002811   Thumb Code     8  stm32f1xx_hal_adc.o(.text.HAL_ADC_ConvCpltCallback)
    HAL_ADC_ConvHalfCpltCallback             0x08002819   Thumb Code     8  stm32f1xx_hal_adc.o(.text.HAL_ADC_ConvHalfCpltCallback)
    HAL_ADC_ErrorCallback                    0x08002821   Thumb Code     8  stm32f1xx_hal_adc.o(.text.HAL_ADC_ErrorCallback)
    HAL_ADC_Init                             0x08002829   Thumb Code   604  stm32f1xx_hal_adc.o(.text.HAL_ADC_Init)
    HAL_ADC_MspInit                          0x08002a85   Thumb Code   342  stm32f1xx_hal_msp.o(.text.HAL_ADC_MspInit)
    HAL_ADC_Start_DMA                        0x08002bdd   Thumb Code   554  stm32f1xx_hal_adc.o(.text.HAL_ADC_Start_DMA)
    HAL_DAC_ConfigChannel                    0x08002e09   Thumb Code   164  stm32f1xx_hal_dac.o(.text.HAL_DAC_ConfigChannel)
    HAL_DAC_Init                             0x08002ead   Thumb Code    78  stm32f1xx_hal_dac.o(.text.HAL_DAC_Init)
    HAL_DAC_MspInit                          0x08002efd   Thumb Code   122  stm32f1xx_hal_msp.o(.text.HAL_DAC_MspInit)
    HAL_DAC_SetValue                         0x08002f79   Thumb Code    64  stm32f1xx_hal_dac.o(.text.HAL_DAC_SetValue)
    HAL_DAC_Start                            0x08002fb9   Thumb Code   180  stm32f1xx_hal_dac.o(.text.HAL_DAC_Start)
    HAL_DMA_IRQHandler                       0x0800306d   Thumb Code  1674  stm32f1xx_hal_dma.o(.text.HAL_DMA_IRQHandler)
    HAL_DMA_Init                             0x080036f9   Thumb Code   246  stm32f1xx_hal_dma.o(.text.HAL_DMA_Init)
    HAL_DMA_Start_IT                         0x080037f1   Thumb Code   204  stm32f1xx_hal_dma.o(.text.HAL_DMA_Start_IT)
    HAL_Delay                                0x080038bd   Thumb Code    68  stm32f1xx_hal.o(.text.HAL_Delay)
    HAL_FLASHEx_OBErase                      0x08003901   Thumb Code   142  stm32f1xx_hal_flash_ex.o(.text.HAL_FLASHEx_OBErase)
    HAL_FLASHEx_OBGetConfig                  0x08003991   Thumb Code    40  stm32f1xx_hal_flash_ex.o(.text.HAL_FLASHEx_OBGetConfig)
    HAL_FLASHEx_OBProgram                    0x080039b9   Thumb Code   370  stm32f1xx_hal_flash_ex.o(.text.HAL_FLASHEx_OBProgram)
    HAL_FLASH_Lock                           0x08003b2d   Thumb Code    20  stm32f1xx_hal_flash.o(.text.HAL_FLASH_Lock)
    HAL_FLASH_OB_Launch                      0x08003b41   Thumb Code     8  stm32f1xx_hal_flash.o(.text.HAL_FLASH_OB_Launch)
    HAL_FLASH_OB_Unlock                      0x08003b49   Thumb Code    74  stm32f1xx_hal_flash.o(.text.HAL_FLASH_OB_Unlock)
    HAL_FLASH_Program                        0x08003b95   Thumb Code   310  stm32f1xx_hal_flash.o(.text.HAL_FLASH_Program)
    HAL_FLASH_Unlock                         0x08003ccd   Thumb Code    90  stm32f1xx_hal_flash.o(.text.HAL_FLASH_Unlock)
    HAL_GPIO_Init                            0x08003d29   Thumb Code   870  stm32f1xx_hal_gpio.o(.text.HAL_GPIO_Init)
    HAL_GPIO_ReadPin                         0x08004091   Thumb Code    48  stm32f1xx_hal_gpio.o(.text.HAL_GPIO_ReadPin)
    HAL_GPIO_WritePin                        0x080040c1   Thumb Code    52  stm32f1xx_hal_gpio.o(.text.HAL_GPIO_WritePin)
    HAL_GetTick                              0x080040f5   Thumb Code    12  stm32f1xx_hal.o(.text.HAL_GetTick)
    HAL_IncTick                              0x08004101   Thumb Code    26  stm32f1xx_hal.o(.text.HAL_IncTick)
    HAL_Init                                 0x0800411d   Thumb Code    46  stm32f1xx_hal.o(.text.HAL_Init)
    HAL_InitTick                             0x0800414d   Thumb Code   114  stm32f1xx_hal.o(.text.HAL_InitTick)
    HAL_MspInit                              0x080041c1   Thumb Code   100  stm32f1xx_hal_msp.o(.text.HAL_MspInit)
    HAL_NVIC_EnableIRQ                       0x08004225   Thumb Code    24  stm32f1xx_hal_cortex.o(.text.HAL_NVIC_EnableIRQ)
    HAL_NVIC_SetPriority                     0x0800423d   Thumb Code    64  stm32f1xx_hal_cortex.o(.text.HAL_NVIC_SetPriority)
    HAL_NVIC_SetPriorityGrouping             0x0800427d   Thumb Code    16  stm32f1xx_hal_cortex.o(.text.HAL_NVIC_SetPriorityGrouping)
    HAL_NVIC_SystemReset                     0x0800428d   Thumb Code     4  stm32f1xx_hal_cortex.o(.text.HAL_NVIC_SystemReset)
    HAL_RCCEx_GetPeriphCLKFreq               0x08004291   Thumb Code   474  stm32f1xx_hal_rcc_ex.o(.text.HAL_RCCEx_GetPeriphCLKFreq)
    HAL_RCCEx_PeriphCLKConfig                0x0800446d   Thumb Code   460  stm32f1xx_hal_rcc_ex.o(.text.HAL_RCCEx_PeriphCLKConfig)
    HAL_RCC_ClockConfig                      0x08004639   Thumb Code   600  stm32f1xx_hal_rcc.o(.text.HAL_RCC_ClockConfig)
    HAL_RCC_GetHCLKFreq                      0x08004891   Thumb Code    12  stm32f1xx_hal_rcc.o(.text.HAL_RCC_GetHCLKFreq)
    HAL_RCC_GetPCLK1Freq                     0x0800489d   Thumb Code    34  stm32f1xx_hal_rcc.o(.text.HAL_RCC_GetPCLK1Freq)
    HAL_RCC_GetPCLK2Freq                     0x080048c1   Thumb Code    34  stm32f1xx_hal_rcc.o(.text.HAL_RCC_GetPCLK2Freq)
    HAL_RCC_GetSysClockFreq                  0x080048e5   Thumb Code   232  stm32f1xx_hal_rcc.o(.text.HAL_RCC_GetSysClockFreq)
    HAL_RCC_OscConfig                        0x080049cd   Thumb Code  1674  stm32f1xx_hal_rcc.o(.text.HAL_RCC_OscConfig)
    HAL_SYSTICK_Config                       0x08005059   Thumb Code    16  stm32f1xx_hal_cortex.o(.text.HAL_SYSTICK_Config)
    HAL_TIMEx_MasterConfigSynchronization    0x08005069   Thumb Code   256  stm32f1xx_hal_tim_ex.o(.text.HAL_TIMEx_MasterConfigSynchronization)
    HAL_TIM_Base_Init                        0x08005169   Thumb Code   166  stm32f1xx_hal_tim.o(.text.HAL_TIM_Base_Init)
    HAL_TIM_Base_MspInit                     0x08005211   Thumb Code    52  stm32f1xx_hal_msp.o(.text.HAL_TIM_Base_MspInit)
    HAL_TIM_ConfigClockSource                0x08005245   Thumb Code   406  stm32f1xx_hal_tim.o(.text.HAL_TIM_ConfigClockSource)
    HAL_TIM_MspPostInit                      0x080053dd   Thumb Code   132  stm32f1xx_hal_msp.o(.text.HAL_TIM_MspPostInit)
    HAL_TIM_PWM_ConfigChannel                0x08005461   Thumb Code   308  stm32f1xx_hal_tim.o(.text.HAL_TIM_PWM_ConfigChannel)
    HAL_TIM_PWM_Init                         0x08005595   Thumb Code   166  stm32f1xx_hal_tim.o(.text.HAL_TIM_PWM_Init)
    HAL_TIM_PWM_MspInit                      0x0800563d   Thumb Code     8  stm32f1xx_hal_tim.o(.text.HAL_TIM_PWM_MspInit)
    HAL_TIM_PWM_Start                        0x08005645   Thumb Code   432  stm32f1xx_hal_tim.o(.text.HAL_TIM_PWM_Start)
    HAL_UARTEx_RxEventCallback               0x080057f5   Thumb Code    14  stm32f1xx_hal_uart.o(.text.HAL_UARTEx_RxEventCallback)
    HAL_UART_ErrorCallback                   0x08005805   Thumb Code     8  stm32f1xx_hal_uart.o(.text.HAL_UART_ErrorCallback)
    HAL_UART_Init                            0x0800580d   Thumb Code   160  stm32f1xx_hal_uart.o(.text.HAL_UART_Init)
    HAL_UART_MspInit                         0x080058ad   Thumb Code   250  stm32f1xx_hal_msp.o(.text.HAL_UART_MspInit)
    HAL_UART_Receive_DMA                     0x080059a9   Thumb Code   126  stm32f1xx_hal_uart.o(.text.HAL_UART_Receive_DMA)
    HAL_UART_RxCpltCallback                  0x08005a29   Thumb Code     8  stm32f1xx_hal_uart.o(.text.HAL_UART_RxCpltCallback)
    HAL_UART_RxHalfCpltCallback              0x08005a31   Thumb Code     8  stm32f1xx_hal_uart.o(.text.HAL_UART_RxHalfCpltCallback)
    HardFault_Handler                        0x08005a39   Thumb Code     4  stm32f1xx_it.o(.text.HardFault_Handler)
    InitCommBuffer                           0x08005a3d   Thumb Code    24  display_comm.o(.text.InitCommBuffer)
    Log_Task                                 0x08005b8d   Thumb Code   388  log.o(.text.Log_Task)
    MX_ADC1_Init                             0x08005d11   Thumb Code   176  get_maf.o(.text.MX_ADC1_Init)
    MX_DAC_Init                              0x08005dc1   Thumb Code   272  flex.o(.text.MX_DAC_Init)
    MX_TIM2_Init                             0x08005fad   Thumb Code   310  pump.o(.text.MX_TIM2_Init)
    MX_USART2_UART_Init                      0x080060e5   Thumb Code   128  display_comm.o(.text.MX_USART2_UART_Init)
    MemManage_Handler                        0x08006165   Thumb Code     4  stm32f1xx_it.o(.text.MemManage_Handler)
    NMI_Handler                              0x0800633d   Thumb Code     2  stm32f1xx_it.o(.text.NMI_Handler)
    PA1_Sample                               0x080063b1   Thumb Code   426  flex.o(.text.PA1_Sample)
    PendSV_Handler                           0x080066e1   Thumb Code     2  stm32f1xx_it.o(.text.PendSV_Handler)
    Refresh_Setting                          0x08006721   Thumb Code   302  display_show.o(.text.Refresh_Setting)
    STMFLASH_Read                            0x08006851   Thumb Code    76  flash.o(.text.STMFLASH_Read)
    STMFLASH_ReadHalfWord                    0x0800689d   Thumb Code    12  flash.o(.text.STMFLASH_ReadHalfWord)
    STMFLASH_Write                           0x080068a9   Thumb Code   488  flash.o(.text.STMFLASH_Write)
    STMFLASH_Write_NoCheck                   0x08006a91   Thumb Code    80  flash.o(.text.STMFLASH_Write_NoCheck)
    SVC_Handler                              0x08006ae1   Thumb Code     2  stm32f1xx_it.o(.text.SVC_Handler)
    SetMode                                  0x08006ae5   Thumb Code    26  display_show.o(.text.SetMode)
    Set_DAC1                                 0x08006b01   Thumb Code    58  flex.o(.text.Set_DAC1)
    Set_DAC2                                 0x08006b3d   Thumb Code    56  flex.o(.text.Set_DAC2)
    Spray_Init                               0x08006b75   Thumb Code    90  spray.o(.text.Spray_Init)
    Spray_Task                               0x08006bd1   Thumb Code   422  spray.o(.text.Spray_Task)
    SysTick_Handler                          0x08006dcd   Thumb Code    90  stm32f1xx_it.o(.text.SysTick_Handler)
    SystemClock_Config                       0x08006e29   Thumb Code   158  main.o(.text.SystemClock_Config)
    SystemInit                               0x08006ec9   Thumb Code     2  system_stm32f1xx.o(.text.SystemInit)
    TIM_Base_SetConfig                       0x08006ecd   Thumb Code   320  stm32f1xx_hal_tim.o(.text.TIM_Base_SetConfig)
    TIM_CCxChannelCmd                        0x0800700d   Thumb Code    56  stm32f1xx_hal_tim.o(.text.TIM_CCxChannelCmd)
    TIM_ETR_SetConfig                        0x08007045   Thumb Code    52  stm32f1xx_hal_tim.o(.text.TIM_ETR_SetConfig)
    TIM_OC2_SetConfig                        0x08007195   Thumb Code   248  stm32f1xx_hal_tim.o(.text.TIM_OC2_SetConfig)
    UART_Start_Receive_DMA                   0x08007971   Thumb Code   198  stm32f1xx_hal_uart.o(.text.UART_Start_Receive_DMA)
    USART2_IRQHandler                        0x08007a39   Thumb Code     2  stm32f1xx_it.o(.text.USART2_IRQHandler)
    USER_FlashReadProtection                 0x08007a3d   Thumb Code    94  flash.o(.text.USER_FlashReadProtection)
    UsageFault_Handler                       0x08007a9d   Thumb Code     4  stm32f1xx_it.o(.text.UsageFault_Handler)
    fputc                                    0x08007c2d   Thumb Code    48  main.o(.text.fputc)
    main                                     0x08007c5d   Thumb Code   296  main.o(.text.main)
    __0printf                                0x08007d85   Thumb Code    22  printfa.o(i.__0printf)
    __1printf                                0x08007d85   Thumb Code     0  printfa.o(i.__0printf)
    __2printf                                0x08007d85   Thumb Code     0  printfa.o(i.__0printf)
    __c89printf                              0x08007d85   Thumb Code     0  printfa.o(i.__0printf)
    printf                                   0x08007d85   Thumb Code     0  printfa.o(i.__0printf)
    __0snprintf                              0x08007da5   Thumb Code    48  printfa.o(i.__0snprintf)
    __1snprintf                              0x08007da5   Thumb Code     0  printfa.o(i.__0snprintf)
    __2snprintf                              0x08007da5   Thumb Code     0  printfa.o(i.__0snprintf)
    __c89snprintf                            0x08007da5   Thumb Code     0  printfa.o(i.__0snprintf)
    snprintf                                 0x08007da5   Thumb Code     0  printfa.o(i.__0snprintf)
    __scatterload_copy                       0x08007dd9   Thumb Code    14  handlers.o(i.__scatterload_copy)
    __scatterload_null                       0x08007de7   Thumb Code     2  handlers.o(i.__scatterload_null)
    __scatterload_zeroinit                   0x08007de9   Thumb Code    14  handlers.o(i.__scatterload_zeroinit)
    AHBPrescTable                            0x080086c0   Data          16  system_stm32f1xx.o(.rodata.AHBPrescTable)
    APBPrescTable                            0x080086d0   Data           8  system_stm32f1xx.o(.rodata.APBPrescTable)
    Region$$Table$$Base                      0x08008c20   Number         0  anon$$obj.o(Region$$Table)
    Region$$Table$$Limit                     0x08008c40   Number         0  anon$$obj.o(Region$$Table)
    __stdout                                 0x20000000   Data           4  stdout.o(.data)
    SystemCoreClock                          0x20000004   Data           4  system_stm32f1xx.o(.data.SystemCoreClock)
    uwTickFreq                               0x20000028   Data           1  stm32f1xx_hal.o(.data.uwTickFreq)
    uwTickPrio                               0x2000002c   Data           4  stm32f1xx_hal.o(.data.uwTickPrio)
    ADvalue                                  0x20000038   Data          20  main.o(.bss.ADvalue)
    DataPacket_Type                          0x200000b2   Data          64  display_comm.o(.bss.DataPacket_Type)
    Rxbuffer                                 0x200000f3   Data         100  main.o(.bss.Rxbuffer)
    STMFLASH_BUF                             0x20000158   Data        2048  flash.o(.bss.STMFLASH_BUF)
    Show_DataPacketType                      0x20000958   Data          64  display_show.o(.bss.Show_DataPacketType)
    hadc1                                    0x20000a18   Data          48  main.o(.bss.hadc1)
    hdac                                     0x20000a48   Data          20  flex.o(.bss.hdac)
    hdma_adc1                                0x20000a5c   Data          68  main.o(.bss.hdma_adc1)
    hdma_uart1                               0x20000aa0   Data          68  main.o(.bss.hdma_uart1)
    htim2                                    0x20000ae4   Data          72  main.o(.bss.htim2)
    huart2                                   0x20000b2c   Data          68  main.o(.bss.huart2)
    log_en                                   0x20001167   Data           1  display_comm.o(.bss.log_en)
    pFlash                                   0x20001180   Data          32  stm32f1xx_hal_flash.o(.bss.pFlash)
    test_en                                  0x200011b8   Data           1  display_comm.o(.bss.test_en)
    uwTick                                   0x200011bc   Data           4  stm32f1xx_hal.o(.bss.uwTick)
    __initial_sp                             0x200015c8   Data           0  startup_stm32f103xe.o(STACK)



==============================================================================

Memory Map of the image

  Image Entry point : 0x08000131

  Load Region LR_IROM1 (Base: 0x08000000, Size: 0x00008c78, Max: 0x00040000, ABSOLUTE)

    Execution Region ER_IROM1 (Exec base: 0x08000000, Load base: 0x08000000, Size: 0x00008c40, Max: 0x00040000, ABSOLUTE)

    Exec Addr    Load Addr    Size         Type   Attr      Idx    E Section Name        Object

    0x08000000   0x08000000   0x00000130   Data   RO            3    RESET               startup_stm32f103xe.o
    0x08000130   0x08000130   0x00000000   Code   RO         1403  * .ARM.Collect$$$$00000000  mc_w.l(entry.o)
    0x08000130   0x08000130   0x00000004   Code   RO         1446    .ARM.Collect$$$$00000001  mc_w.l(entry2.o)
    0x08000134   0x08000134   0x00000004   Code   RO         1449    .ARM.Collect$$$$00000004  mc_w.l(entry5.o)
    0x08000138   0x08000138   0x00000000   Code   RO         1451    .ARM.Collect$$$$00000008  mc_w.l(entry7b.o)
    0x08000138   0x08000138   0x00000000   Code   RO         1453    .ARM.Collect$$$$0000000A  mc_w.l(entry8b.o)
    0x08000138   0x08000138   0x00000008   Code   RO         1454    .ARM.Collect$$$$0000000B  mc_w.l(entry9a.o)
    0x08000140   0x08000140   0x00000000   Code   RO         1456    .ARM.Collect$$$$0000000D  mc_w.l(entry10a.o)
    0x08000140   0x08000140   0x00000000   Code   RO         1458    .ARM.Collect$$$$0000000F  mc_w.l(entry11a.o)
    0x08000140   0x08000140   0x00000004   Code   RO         1447    .ARM.Collect$$$$00002712  mc_w.l(entry2.o)
    0x08000144   0x08000144   0x00000024   Code   RO            4    .text               startup_stm32f103xe.o
    0x08000168   0x08000168   0x00000062   Code   RO         1406    .text               mc_w.l(uldiv.o)
    0x080001ca   0x080001ca   0x00000024   Code   RO         1410    .text               mc_w.l(memcpya.o)
    0x080001ee   0x080001ee   0x00000024   Code   RO         1412    .text               mc_w.l(memseta.o)
    0x08000212   0x08000212   0x0000001a   Code   RO         1414    .text               mc_w.l(memcmp.o)
    0x0800022c   0x0800022c   0x0000002c   Code   RO         1470    .text               mc_w.l(uidiv.o)
    0x08000258   0x08000258   0x0000001e   Code   RO         1472    .text               mc_w.l(llshl.o)
    0x08000276   0x08000276   0x00000020   Code   RO         1474    .text               mc_w.l(llushr.o)
    0x08000296   0x08000296   0x00000000   Code   RO         1476    .text               mc_w.l(iusefp.o)
    0x08000296   0x08000296   0x0000014e   Code   RO         1477    .text               mf_w.l(dadd.o)
    0x080003e4   0x080003e4   0x000000e4   Code   RO         1479    .text               mf_w.l(dmul.o)
    0x080004c8   0x080004c8   0x000000de   Code   RO         1481    .text               mf_w.l(ddiv.o)
    0x080005a6   0x080005a6   0x00000030   Code   RO         1483    .text               mf_w.l(dfixul.o)
    0x080005d6   0x080005d6   0x00000002   PAD
    0x080005d8   0x080005d8   0x00000030   Code   RO         1485    .text               mf_w.l(cdrcmple.o)
    0x08000608   0x08000608   0x00000030   Code   RO         1487    .text               mc_w.l(init.o)
    0x08000638   0x08000638   0x00000024   Code   RO         1489    .text               mc_w.l(llsshr.o)
    0x0800065c   0x0800065c   0x000000ba   Code   RO         1491    .text               mf_w.l(depilogue.o)
    0x08000716   0x08000716   0x00000002   PAD
    0x08000718   0x08000718   0x00000088   Code   RO          357    .text.ADC_ConversionStop_Disable  stm32f1xx_hal_adc.o
    0x080007a0   0x080007a0   0x00000080   Code   RO          379    .text.ADC_DMAConvCplt  stm32f1xx_hal_adc.o
    0x08000820   0x08000820   0x0000002a   Code   RO          383    .text.ADC_DMAError  stm32f1xx_hal_adc.o
    0x0800084a   0x0800084a   0x00000002   PAD
    0x0800084c   0x0800084c   0x00000016   Code   RO          381    .text.ADC_DMAHalfConvCplt  stm32f1xx_hal_adc.o
    0x08000862   0x08000862   0x00000002   PAD
    0x08000864   0x08000864   0x000000c2   Code   RO          365    .text.ADC_Enable    stm32f1xx_hal_adc.o
    0x08000926   0x08000926   0x00000002   PAD
    0x08000928   0x08000928   0x00000064   Code   RO          202    .text.A_MotorPump_Task  pump.o
    0x0800098c   0x0800098c   0x00000064   Code   RO          208    .text.B_MotorPump_Task  pump.o
    0x080009f0   0x080009f0   0x00000004   Code   RO           42    .text.BusFault_Handler  stm32f1xx_it.o
    0x080009f4   0x080009f4   0x00000044   Code   RO          173    .text.Cal_Coeff     display_show.o
    0x08000a38   0x08000a38   0x00000086   Code   RO          204    .text.Cal_PumpProgress  pump.o
    0x08000abe   0x08000abe   0x00000002   PAD
    0x08000ac0   0x08000ac0   0x000000fa   Code   RO          126    .text.CommUsart_RecvData  display_comm.o
    0x08000bba   0x08000bba   0x00000002   PAD
    0x08000bbc   0x08000bbc   0x000001ba   Code   RO          124    .text.Comm_unpack   display_comm.o
    0x08000d76   0x08000d76   0x00000002   PAD
    0x08000d78   0x08000d78   0x00000010   Code   RO           54    .text.DMA1_Channel1_IRQHandler  stm32f1xx_it.o
    0x08000d88   0x08000d88   0x00000002   Code   RO           62    .text.DMA1_Channel6_IRQHandler  stm32f1xx_it.o
    0x08000d8a   0x08000d8a   0x00000002   PAD
    0x08000d8c   0x08000d8c   0x00000052   Code   RO         1064    .text.DMA_SetConfig  stm32f1xx_hal_dma.o
    0x08000dde   0x08000dde   0x00000002   PAD
    0x08000de0   0x08000de0   0x00000002   Code   RO           48    .text.DebugMon_Handler  stm32f1xx_it.o
    0x08000de2   0x08000de2   0x00000002   PAD
    0x08000de4   0x08000de4   0x000000a0   Code   RO          175    .text.Display_BackgroundSetting  display_show.o
    0x08000e84   0x08000e84   0x0000021c   Code   RO          171    .text.Display_FactoryPage  display_show.o
    0x080010a0   0x080010a0   0x000003e4   Code   RO          167    .text.Display_SettingPage  display_show.o
    0x08001484   0x08001484   0x0000035e   Code   RO          161    .text.Display_StartPage  display_show.o
    0x080017e2   0x080017e2   0x00000002   PAD
    0x080017e4   0x080017e4   0x00000186   Code   RO          177    .text.Display_Warning  display_show.o
    0x0800196a   0x0800196a   0x00000002   PAD
    0x0800196c   0x0800196c   0x00000030   Code   RO           56    .text.EXTI9_5_IRQHandler  stm32f1xx_it.o
    0x0800199c   0x0800199c   0x00000002   Code   RO           19    .text.Error_Handler  main.o
    0x0800199e   0x0800199e   0x00000002   PAD
    0x080019a0   0x080019a0   0x0000005a   Code   RO          285    .text.Ex_WritePin   exhaust.o
    0x080019fa   0x080019fa   0x00000002   PAD
    0x080019fc   0x080019fc   0x00000154   Code   RO          287    .text.ExhaustValve_Task  exhaust.o
    0x08001b50   0x08001b50   0x00000052   Code   RO          283    .text.Exhaust_Init  exhaust.o
    0x08001ba2   0x08001ba2   0x00000002   PAD
    0x08001ba4   0x08001ba4   0x00000172   Code   RO         1257    .text.FLASH_OB_DisableWRP  stm32f1xx_hal_flash_ex.o
    0x08001d16   0x08001d16   0x00000002   PAD
    0x08001d18   0x08001d18   0x00000176   Code   RO         1255    .text.FLASH_OB_EnableWRP  stm32f1xx_hal_flash_ex.o
    0x08001e8e   0x08001e8e   0x00000002   PAD
    0x08001e90   0x08001e90   0x00000034   Code   RO         1249    .text.FLASH_OB_GetRDP  stm32f1xx_hal_flash_ex.o
    0x08001ec4   0x08001ec4   0x00000010   Code   RO         1267    .text.FLASH_OB_GetUser  stm32f1xx_hal_flash_ex.o
    0x08001ed4   0x08001ed4   0x0000000c   Code   RO         1265    .text.FLASH_OB_GetWRP  stm32f1xx_hal_flash_ex.o
    0x08001ee0   0x08001ee0   0x00000072   Code   RO         1261    .text.FLASH_OB_ProgramData  stm32f1xx_hal_flash_ex.o
    0x08001f52   0x08001f52   0x00000002   PAD
    0x08001f54   0x08001f54   0x000000b4   Code   RO         1251    .text.FLASH_OB_RDP_LevelConfig  stm32f1xx_hal_flash_ex.o
    0x08002008   0x08002008   0x0000007a   Code   RO         1259    .text.FLASH_OB_UserConfig  stm32f1xx_hal_flash_ex.o
    0x08002082   0x08002082   0x00000002   PAD
    0x08002084   0x08002084   0x00000038   Code   RO         1243    .text.FLASH_PageErase  stm32f1xx_hal_flash_ex.o
    0x080020bc   0x080020bc   0x00000032   Code   RO         1206    .text.FLASH_Program_HalfWord  stm32f1xx_hal_flash.o
    0x080020ee   0x080020ee   0x00000002   PAD
    0x080020f0   0x080020f0   0x0000011a   Code   RO         1212    .text.FLASH_SetErrorCode  stm32f1xx_hal_flash.o
    0x0800220a   0x0800220a   0x00000002   PAD
    0x0800220c   0x0800220c   0x0000012e   Code   RO         1204    .text.FLASH_WaitForLastOperation  stm32f1xx_hal_flash.o
    0x0800233a   0x0800233a   0x00000002   PAD
    0x0800233c   0x0800233c   0x00000030   Code   RO          157    .text.Flash_Init    display_show.o
    0x0800236c   0x0800236c   0x0000002c   Code   RO          234    .text.Flash_ReadSetting  flash.o
    0x08002398   0x08002398   0x0000002c   Code   RO          232    .text.Flash_WriteSetting  flash.o
    0x080023c4   0x080023c4   0x0000000c   Code   RO          122    .text.GetDisplay_Cmd  display_comm.o
    0x080023d0   0x080023d0   0x0000007c   Code   RO          101    .text.GetFreqHz_Task  get_maf.o
    0x0800244c   0x0800244c   0x0000000c   Code   RO          105    .text.GetFreqShow   get_maf.o
    0x08002458   0x08002458   0x0000000c   Code   RO          163    .text.GetMode       display_show.o
    0x08002464   0x08002464   0x0000000c   Code   RO          165    .text.GetTestData   display_show.o
    0x08002470   0x08002470   0x0000001e   Code   RO           58    .text.Get_FreqHz    stm32f1xx_it.o
    0x0800248e   0x0800248e   0x00000002   PAD
    0x08002490   0x08002490   0x00000036   Code   RO          103    .text.Get_Mv_Maf    get_maf.o
    0x080024c6   0x080024c6   0x00000002   PAD
    0x080024c8   0x080024c8   0x0000018a   Code   RO          415    .text.HAL_ADCEx_Calibration_Start  stm32f1xx_hal_adc_ex.o
    0x08002652   0x08002652   0x00000002   PAD
    0x08002654   0x08002654   0x000001bc   Code   RO          399    .text.HAL_ADC_ConfigChannel  stm32f1xx_hal_adc.o
    0x08002810   0x08002810   0x00000008   Code   RO          391    .text.HAL_ADC_ConvCpltCallback  stm32f1xx_hal_adc.o
    0x08002818   0x08002818   0x00000008   Code   RO          395    .text.HAL_ADC_ConvHalfCpltCallback  stm32f1xx_hal_adc.o
    0x08002820   0x08002820   0x00000008   Code   RO          397    .text.HAL_ADC_ErrorCallback  stm32f1xx_hal_adc.o
    0x08002828   0x08002828   0x0000025c   Code   RO          353    .text.HAL_ADC_Init  stm32f1xx_hal_adc.o
    0x08002a84   0x08002a84   0x00000156   Code   RO           77    .text.HAL_ADC_MspInit  stm32f1xx_hal_msp.o
    0x08002bda   0x08002bda   0x00000002   PAD
    0x08002bdc   0x08002bdc   0x0000022a   Code   RO          377    .text.HAL_ADC_Start_DMA  stm32f1xx_hal_adc.o
    0x08002e06   0x08002e06   0x00000002   PAD
    0x08002e08   0x08002e08   0x000000a4   Code   RO         1341    .text.HAL_DAC_ConfigChannel  stm32f1xx_hal_dac.o
    0x08002eac   0x08002eac   0x0000004e   Code   RO         1305    .text.HAL_DAC_Init  stm32f1xx_hal_dac.o
    0x08002efa   0x08002efa   0x00000002   PAD
    0x08002efc   0x08002efc   0x0000007a   Code   RO           91    .text.HAL_DAC_MspInit  stm32f1xx_hal_msp.o
    0x08002f76   0x08002f76   0x00000002   PAD
    0x08002f78   0x08002f78   0x00000040   Code   RO         1329    .text.HAL_DAC_SetValue  stm32f1xx_hal_dac.o
    0x08002fb8   0x08002fb8   0x000000b4   Code   RO         1313    .text.HAL_DAC_Start  stm32f1xx_hal_dac.o
    0x0800306c   0x0800306c   0x0000068a   Code   RO         1074    .text.HAL_DMA_IRQHandler  stm32f1xx_hal_dma.o
    0x080036f6   0x080036f6   0x00000002   PAD
    0x080036f8   0x080036f8   0x000000f6   Code   RO         1058    .text.HAL_DMA_Init  stm32f1xx_hal_dma.o
    0x080037ee   0x080037ee   0x00000002   PAD
    0x080037f0   0x080037f0   0x000000cc   Code   RO         1066    .text.HAL_DMA_Start_IT  stm32f1xx_hal_dma.o
    0x080038bc   0x080038bc   0x00000044   Code   RO          937    .text.HAL_Delay     stm32f1xx_hal.o
    0x08003900   0x08003900   0x0000008e   Code   RO         1247    .text.HAL_FLASHEx_OBErase  stm32f1xx_hal_flash_ex.o
    0x0800398e   0x0800398e   0x00000002   PAD
    0x08003990   0x08003990   0x00000028   Code   RO         1263    .text.HAL_FLASHEx_OBGetConfig  stm32f1xx_hal_flash_ex.o
    0x080039b8   0x080039b8   0x00000172   Code   RO         1253    .text.HAL_FLASHEx_OBProgram  stm32f1xx_hal_flash_ex.o
    0x08003b2a   0x08003b2a   0x00000002   PAD
    0x08003b2c   0x08003b2c   0x00000014   Code   RO         1220    .text.HAL_FLASH_Lock  stm32f1xx_hal_flash.o
    0x08003b40   0x08003b40   0x00000008   Code   RO         1226    .text.HAL_FLASH_OB_Launch  stm32f1xx_hal_flash.o
    0x08003b48   0x08003b48   0x0000004a   Code   RO         1222    .text.HAL_FLASH_OB_Unlock  stm32f1xx_hal_flash.o
    0x08003b92   0x08003b92   0x00000002   PAD
    0x08003b94   0x08003b94   0x00000136   Code   RO         1202    .text.HAL_FLASH_Program  stm32f1xx_hal_flash.o
    0x08003cca   0x08003cca   0x00000002   PAD
    0x08003ccc   0x08003ccc   0x0000005a   Code   RO         1218    .text.HAL_FLASH_Unlock  stm32f1xx_hal_flash.o
    0x08003d26   0x08003d26   0x00000002   PAD
    0x08003d28   0x08003d28   0x00000366   Code   RO         1034    .text.HAL_GPIO_Init  stm32f1xx_hal_gpio.o
    0x0800408e   0x0800408e   0x00000002   PAD
    0x08004090   0x08004090   0x00000030   Code   RO         1038    .text.HAL_GPIO_ReadPin  stm32f1xx_hal_gpio.o
    0x080040c0   0x080040c0   0x00000034   Code   RO         1040    .text.HAL_GPIO_WritePin  stm32f1xx_hal_gpio.o
    0x080040f4   0x080040f4   0x0000000c   Code   RO          929    .text.HAL_GetTick   stm32f1xx_hal.o
    0x08004100   0x08004100   0x0000001a   Code   RO          927    .text.HAL_IncTick   stm32f1xx_hal.o
    0x0800411a   0x0800411a   0x00000002   PAD
    0x0800411c   0x0800411c   0x0000002e   Code   RO          917    .text.HAL_Init      stm32f1xx_hal.o
    0x0800414a   0x0800414a   0x00000002   PAD
    0x0800414c   0x0800414c   0x00000072   Code   RO          919    .text.HAL_InitTick  stm32f1xx_hal.o
    0x080041be   0x080041be   0x00000002   PAD
    0x080041c0   0x080041c0   0x00000064   Code   RO           75    .text.HAL_MspInit   stm32f1xx_hal_msp.o
    0x08004224   0x08004224   0x00000018   Code   RO         1104    .text.HAL_NVIC_EnableIRQ  stm32f1xx_hal_cortex.o
    0x0800423c   0x0800423c   0x00000040   Code   RO         1096    .text.HAL_NVIC_SetPriority  stm32f1xx_hal_cortex.o
    0x0800427c   0x0800427c   0x00000010   Code   RO         1092    .text.HAL_NVIC_SetPriorityGrouping  stm32f1xx_hal_cortex.o
    0x0800428c   0x0800428c   0x00000004   Code   RO         1112    .text.HAL_NVIC_SystemReset  stm32f1xx_hal_cortex.o
    0x08004290   0x08004290   0x000001da   Code   RO         1022    .text.HAL_RCCEx_GetPeriphCLKFreq  stm32f1xx_hal_rcc_ex.o
    0x0800446a   0x0800446a   0x00000002   PAD
    0x0800446c   0x0800446c   0x000001cc   Code   RO         1018    .text.HAL_RCCEx_PeriphCLKConfig  stm32f1xx_hal_rcc_ex.o
    0x08004638   0x08004638   0x00000258   Code   RO          984    .text.HAL_RCC_ClockConfig  stm32f1xx_hal_rcc.o
    0x08004890   0x08004890   0x0000000c   Code   RO          994    .text.HAL_RCC_GetHCLKFreq  stm32f1xx_hal_rcc.o
    0x0800489c   0x0800489c   0x00000022   Code   RO          996    .text.HAL_RCC_GetPCLK1Freq  stm32f1xx_hal_rcc.o
    0x080048be   0x080048be   0x00000002   PAD
    0x080048c0   0x080048c0   0x00000022   Code   RO          998    .text.HAL_RCC_GetPCLK2Freq  stm32f1xx_hal_rcc.o
    0x080048e2   0x080048e2   0x00000002   PAD
    0x080048e4   0x080048e4   0x000000e8   Code   RO          986    .text.HAL_RCC_GetSysClockFreq  stm32f1xx_hal_rcc.o
    0x080049cc   0x080049cc   0x0000068a   Code   RO          980    .text.HAL_RCC_OscConfig  stm32f1xx_hal_rcc.o
    0x08005056   0x08005056   0x00000002   PAD
    0x08005058   0x08005058   0x00000010   Code   RO         1116    .text.HAL_SYSTICK_Config  stm32f1xx_hal_cortex.o
    0x08005068   0x08005068   0x00000100   Code   RO          763    .text.HAL_TIMEx_MasterConfigSynchronization  stm32f1xx_hal_tim_ex.o
    0x08005168   0x08005168   0x000000a6   Code   RO          449    .text.HAL_TIM_Base_Init  stm32f1xx_hal_tim.o
    0x0800520e   0x0800520e   0x00000002   PAD
    0x08005210   0x08005210   0x00000034   Code   RO           81    .text.HAL_TIM_Base_MspInit  stm32f1xx_hal_msp.o
    0x08005244   0x08005244   0x00000196   Code   RO          641    .text.HAL_TIM_ConfigClockSource  stm32f1xx_hal_tim.o
    0x080053da   0x080053da   0x00000002   PAD
    0x080053dc   0x080053dc   0x00000084   Code   RO           83    .text.HAL_TIM_MspPostInit  stm32f1xx_hal_msp.o
    0x08005460   0x08005460   0x00000134   Code   RO          615    .text.HAL_TIM_PWM_ConfigChannel  stm32f1xx_hal_tim.o
    0x08005594   0x08005594   0x000000a6   Code   RO          503    .text.HAL_TIM_PWM_Init  stm32f1xx_hal_tim.o
    0x0800563a   0x0800563a   0x00000002   PAD
    0x0800563c   0x0800563c   0x00000008   Code   RO          505    .text.HAL_TIM_PWM_MspInit  stm32f1xx_hal_tim.o
    0x08005644   0x08005644   0x000001b0   Code   RO          511    .text.HAL_TIM_PWM_Start  stm32f1xx_hal_tim.o
    0x080057f4   0x080057f4   0x0000000e   Code   RO          877    .text.HAL_UARTEx_RxEventCallback  stm32f1xx_hal_uart.o
    0x08005802   0x08005802   0x00000002   PAD
    0x08005804   0x08005804   0x00000008   Code   RO          875    .text.HAL_UART_ErrorCallback  stm32f1xx_hal_uart.o
    0x0800580c   0x0800580c   0x000000a0   Code   RO          787    .text.HAL_UART_Init  stm32f1xx_hal_uart.o
    0x080058ac   0x080058ac   0x000000fa   Code   RO           87    .text.HAL_UART_MspInit  stm32f1xx_hal_msp.o
    0x080059a6   0x080059a6   0x00000002   PAD
    0x080059a8   0x080059a8   0x0000007e   Code   RO          823    .text.HAL_UART_Receive_DMA  stm32f1xx_hal_uart.o
    0x08005a26   0x08005a26   0x00000002   PAD
    0x08005a28   0x08005a28   0x00000008   Code   RO          887    .text.HAL_UART_RxCpltCallback  stm32f1xx_hal_uart.o
    0x08005a30   0x08005a30   0x00000008   Code   RO          889    .text.HAL_UART_RxHalfCpltCallback  stm32f1xx_hal_uart.o
    0x08005a38   0x08005a38   0x00000004   Code   RO           38    .text.HardFault_Handler  stm32f1xx_it.o
    0x08005a3c   0x08005a3c   0x00000018   Code   RO          120    .text.InitCommBuffer  display_comm.o
    0x08005a54   0x08005a54   0x00000136   Code   RO          321    .text.Log_AddLine   log.o
    0x08005b8a   0x08005b8a   0x00000002   PAD
    0x08005b8c   0x08005b8c   0x00000184   Code   RO          319    .text.Log_Task      log.o
    0x08005d10   0x08005d10   0x000000b0   Code   RO          107    .text.MX_ADC1_Init  get_maf.o
    0x08005dc0   0x08005dc0   0x00000110   Code   RO          257    .text.MX_DAC_Init   flex.o
    0x08005ed0   0x08005ed0   0x000000da   Code   RO           17    .text.MX_GPIO_Init  main.o
    0x08005faa   0x08005faa   0x00000002   PAD
    0x08005fac   0x08005fac   0x00000136   Code   RO          210    .text.MX_TIM2_Init  pump.o
    0x080060e2   0x080060e2   0x00000002   PAD
    0x080060e4   0x080060e4   0x00000080   Code   RO          134    .text.MX_USART2_UART_Init  display_comm.o
    0x08006164   0x08006164   0x00000004   Code   RO           40    .text.MemManage_Handler  stm32f1xx_it.o
    0x08006168   0x08006168   0x000000a2   Code   RO          136    .text.Modbus_crc16  display_comm.o
    0x0800620a   0x0800620a   0x00000002   PAD
    0x0800620c   0x0800620c   0x00000130   Code   RO          206    .text.MotorPump_Update  pump.o
    0x0800633c   0x0800633c   0x00000002   Code   RO           36    .text.NMI_Handler   stm32f1xx_it.o
    0x0800633e   0x0800633e   0x00000002   PAD
    0x08006340   0x08006340   0x0000006e   Code   RO         1102    .text.NVIC_EncodePriority  stm32f1xx_hal_cortex.o
    0x080063ae   0x080063ae   0x00000002   PAD
    0x080063b0   0x080063b0   0x000001aa   Code   RO          247    .text.PA1_Sample    flex.o
    0x0800655a   0x0800655a   0x00000002   PAD
    0x0800655c   0x0800655c   0x00000074   Code   RO          132    .text.Parse_FactorySave  display_comm.o
    0x080065d0   0x080065d0   0x00000110   Code   RO          130    .text.Parse_Save    display_comm.o
    0x080066e0   0x080066e0   0x00000002   Code   RO           50    .text.PendSV_Handler  stm32f1xx_it.o
    0x080066e2   0x080066e2   0x00000002   PAD
    0x080066e4   0x080066e4   0x0000003a   Code   RO          982    .text.RCC_Delay     stm32f1xx_hal_rcc.o
    0x0800671e   0x0800671e   0x00000002   PAD
    0x08006720   0x08006720   0x0000012e   Code   RO          179    .text.Refresh_Setting  display_show.o
    0x0800684e   0x0800684e   0x00000002   PAD
    0x08006850   0x08006850   0x0000004c   Code   RO          230    .text.STMFLASH_Read  flash.o
    0x0800689c   0x0800689c   0x0000000c   Code   RO          224    .text.STMFLASH_ReadHalfWord  flash.o
    0x080068a8   0x080068a8   0x000001e8   Code   RO          228    .text.STMFLASH_Write  flash.o
    0x08006a90   0x08006a90   0x00000050   Code   RO          226    .text.STMFLASH_Write_NoCheck  flash.o
    0x08006ae0   0x08006ae0   0x00000002   Code   RO           46    .text.SVC_Handler   stm32f1xx_it.o
    0x08006ae2   0x08006ae2   0x00000002   PAD
    0x08006ae4   0x08006ae4   0x0000001a   Code   RO          169    .text.SetMode       display_show.o
    0x08006afe   0x08006afe   0x00000002   PAD
    0x08006b00   0x08006b00   0x0000003a   Code   RO          259    .text.Set_DAC1      flex.o
    0x08006b3a   0x08006b3a   0x00000002   PAD
    0x08006b3c   0x08006b3c   0x00000038   Code   RO          261    .text.Set_DAC2      flex.o
    0x08006b74   0x08006b74   0x0000005a   Code   RO          301    .text.Spray_Init    spray.o
    0x08006bce   0x08006bce   0x00000002   PAD
    0x08006bd0   0x08006bd0   0x000001a6   Code   RO          303    .text.Spray_Task    spray.o
    0x08006d76   0x08006d76   0x00000002   PAD
    0x08006d78   0x08006d78   0x00000052   Code   RO         1118    .text.SysTick_Config  stm32f1xx_hal_cortex.o
    0x08006dca   0x08006dca   0x00000002   PAD
    0x08006dcc   0x08006dcc   0x0000005a   Code   RO           52    .text.SysTick_Handler  stm32f1xx_it.o
    0x08006e26   0x08006e26   0x00000002   PAD
    0x08006e28   0x08006e28   0x0000009e   Code   RO           15    .text.SystemClock_Config  main.o
    0x08006ec6   0x08006ec6   0x00000002   PAD
    0x08006ec8   0x08006ec8   0x00000002   Code   RO         1389    .text.SystemInit    system_stm32f1xx.o
    0x08006eca   0x08006eca   0x00000002   PAD
    0x08006ecc   0x08006ecc   0x00000140   Code   RO          453    .text.TIM_Base_SetConfig  stm32f1xx_hal_tim.o
    0x0800700c   0x0800700c   0x00000038   Code   RO          487    .text.TIM_CCxChannelCmd  stm32f1xx_hal_tim.o
    0x08007044   0x08007044   0x00000034   Code   RO          639    .text.TIM_ETR_SetConfig  stm32f1xx_hal_tim.o
    0x08007078   0x08007078   0x0000002a   Code   RO          645    .text.TIM_ITRx_SetConfig  stm32f1xx_hal_tim.o
    0x080070a2   0x080070a2   0x00000002   PAD
    0x080070a4   0x080070a4   0x000000ee   Code   RO          597    .text.TIM_OC1_SetConfig  stm32f1xx_hal_tim.o
    0x08007192   0x08007192   0x00000002   PAD
    0x08007194   0x08007194   0x000000f8   Code   RO          599    .text.TIM_OC2_SetConfig  stm32f1xx_hal_tim.o
    0x0800728c   0x0800728c   0x000000f6   Code   RO          601    .text.TIM_OC3_SetConfig  stm32f1xx_hal_tim.o
    0x08007382   0x08007382   0x00000002   PAD
    0x08007384   0x08007384   0x000000a6   Code   RO          603    .text.TIM_OC4_SetConfig  stm32f1xx_hal_tim.o
    0x0800742a   0x0800742a   0x00000002   PAD
    0x0800742c   0x0800742c   0x00000050   Code   RO          643    .text.TIM_TI1_ConfigInputStage  stm32f1xx_hal_tim.o
    0x0800747c   0x0800747c   0x00000052   Code   RO          647    .text.TIM_TI2_ConfigInputStage  stm32f1xx_hal_tim.o
    0x080074ce   0x080074ce   0x00000002   PAD
    0x080074d0   0x080074d0   0x00000052   Code   RO          181    .text.TestPumpOutput  display_show.o
    0x08007522   0x08007522   0x00000002   PAD
    0x08007524   0x08007524   0x000000d2   Code   RO          183    .text.TestPump_SetDuty  display_show.o
    0x080075f6   0x080075f6   0x00000002   PAD
    0x080075f8   0x080075f8   0x00000118   Code   RO          128    .text.TransportUnpacking  display_comm.o
    0x08007710   0x08007710   0x00000080   Code   RO          821    .text.UART_DMAError  stm32f1xx_hal_uart.o
    0x08007790   0x08007790   0x00000086   Code   RO          905    .text.UART_DMAReceiveCplt  stm32f1xx_hal_uart.o
    0x08007816   0x08007816   0x00000002   PAD
    0x08007818   0x08007818   0x0000002e   Code   RO          907    .text.UART_DMARxHalfCplt  stm32f1xx_hal_uart.o
    0x08007846   0x08007846   0x00000002   PAD
    0x08007848   0x08007848   0x00000046   Code   RO          835    .text.UART_EndRxTransfer  stm32f1xx_hal_uart.o
    0x0800788e   0x0800788e   0x00000002   PAD
    0x08007890   0x08007890   0x0000001c   Code   RO          833    .text.UART_EndTxTransfer  stm32f1xx_hal_uart.o
    0x080078ac   0x080078ac   0x000000c2   Code   RO          791    .text.UART_SetConfig  stm32f1xx_hal_uart.o
    0x0800796e   0x0800796e   0x00000002   PAD
    0x08007970   0x08007970   0x000000c6   Code   RO          825    .text.UART_Start_Receive_DMA  stm32f1xx_hal_uart.o
    0x08007a36   0x08007a36   0x00000002   PAD
    0x08007a38   0x08007a38   0x00000002   Code   RO           60    .text.USART2_IRQHandler  stm32f1xx_it.o
    0x08007a3a   0x08007a3a   0x00000002   PAD
    0x08007a3c   0x08007a3c   0x0000005e   Code   RO          236    .text.USER_FlashReadProtection  flash.o
    0x08007a9a   0x08007a9a   0x00000002   PAD
    0x08007a9c   0x08007a9c   0x00000004   Code   RO           44    .text.UsageFault_Handler  stm32f1xx_it.o
    0x08007aa0   0x08007aa0   0x00000034   Code   RO         1106    .text.__NVIC_EnableIRQ  stm32f1xx_hal_cortex.o
    0x08007ad4   0x08007ad4   0x00000010   Code   RO         1098    .text.__NVIC_GetPriorityGrouping  stm32f1xx_hal_cortex.o
    0x08007ae4   0x08007ae4   0x00000044   Code   RO         1100    .text.__NVIC_SetPriority  stm32f1xx_hal_cortex.o
    0x08007b28   0x08007b28   0x0000003c   Code   RO         1094    .text.__NVIC_SetPriorityGrouping  stm32f1xx_hal_cortex.o
    0x08007b64   0x08007b64   0x00000026   Code   RO         1114    .text.__NVIC_SystemReset  stm32f1xx_hal_cortex.o
    0x08007b8a   0x08007b8a   0x00000002   PAD
    0x08007b8c   0x08007b8c   0x00000080   Code   RO          159    .text.apply_adj_defaults  display_show.o
    0x08007c0c   0x08007c0c   0x0000001e   Code   RO          138    .text.buf_u16_le    display_comm.o
    0x08007c2a   0x08007c2a   0x00000002   PAD
    0x08007c2c   0x08007c2c   0x00000030   Code   RO           11    .text.fputc         main.o
    0x08007c5c   0x08007c5c   0x00000128   Code   RO           13    .text.main          main.o
    0x08007d84   0x08007d84   0x00000020   Code   RO         1419    i.__0printf         mc_w.l(printfa.o)
    0x08007da4   0x08007da4   0x00000034   Code   RO         1420    i.__0snprintf       mc_w.l(printfa.o)
    0x08007dd8   0x08007dd8   0x0000000e   Code   RO         1495    i.__scatterload_copy  mc_w.l(handlers.o)
    0x08007de6   0x08007de6   0x00000002   Code   RO         1496    i.__scatterload_null  mc_w.l(handlers.o)
    0x08007de8   0x08007de8   0x0000000e   Code   RO         1497    i.__scatterload_zeroinit  mc_w.l(handlers.o)
    0x08007df6   0x08007df6   0x00000002   PAD
    0x08007df8   0x08007df8   0x00000184   Code   RO         1426    i._fp_digits        mc_w.l(printfa.o)
    0x08007f7c   0x08007f7c   0x000006dc   Code   RO         1427    i._printf_core      mc_w.l(printfa.o)
    0x08008658   0x08008658   0x00000024   Code   RO         1428    i._printf_post_padding  mc_w.l(printfa.o)
    0x0800867c   0x0800867c   0x0000002e   Code   RO         1429    i._printf_pre_padding  mc_w.l(printfa.o)
    0x080086aa   0x080086aa   0x00000016   Code   RO         1430    i._snputc           mc_w.l(printfa.o)
    0x080086c0   0x080086c0   0x00000010   Data   RO         1394    .rodata.AHBPrescTable  system_stm32f1xx.o
    0x080086d0   0x080086d0   0x00000008   Data   RO         1395    .rodata.APBPrescTable  system_stm32f1xx.o
    0x080086d8   0x080086d8   0x00000050   Data   RO          111    .rodata.adc_map     get_maf.o
    0x08008728   0x08008728   0x00000019   Data   RO          110    .rodata.str1.1      get_maf.o
    0x08008741   0x08008741   0x00000472   Data   RO          186    .rodata.str1.1      display_show.o
    0x08008bb3   0x08008bb3   0x00000025   Data   RO          213    .rodata.str1.1      pump.o
    0x08008bd8   0x08008bd8   0x0000002b   Data   RO          330    .rodata.str1.1      log.o
    0x08008c03   0x08008c03   0x00000001   PAD
    0x08008c04   0x08008c04   0x00000010   Data   RO          215    .rodata.tim2_channels  pump.o
    0x08008c14   0x08008c14   0x0000000c   Data   RO          192    .rodata.warn_icons  display_show.o
    0x08008c20   0x08008c20   0x00000020   Data   RO         1494    Region$$Table       anon$$obj.o


    Execution Region RW_IRAM1 (Exec base: 0x20000000, Load base: 0x08008c40, Size: 0x000015c8, Max: 0x0000c000, ABSOLUTE)

    Exec Addr    Load Addr    Size         Type   Attr      Idx    E Section Name        Object

    0x20000000   0x08008c40   0x00000004   Data   RW         1460    .data               mc_w.l(stdout.o)
    0x20000004   0x08008c44   0x00000004   Data   RW         1393    .data.SystemCoreClock  system_stm32f1xx.o
    0x20000008   0x08008c48   0x00000010   Data   RW          212    .data.pump_a        pump.o
    0x20000018   0x08008c58   0x00000010   Data   RW          214    .data.pump_b        pump.o
    0x20000028   0x08008c68   0x00000001   Data   RW          968    .data.uwTickFreq    stm32f1xx_hal.o
    0x20000029   0x08008c69   0x00000003   PAD
    0x2000002c   0x08008c6c   0x00000004   Data   RW          967    .data.uwTickPrio    stm32f1xx_hal.o
    0x20000030   0x08008c70   0x00000001   Data   RW          191    .data.warn_shown    display_show.o
    0x20000031   0x08008c71   0x00000007   PAD
    0x20000038        -       0x00000014   Zero   RW           21    .bss.ADvalue        main.o
    0x2000004c        -       0x00000001   Zero   RW          145    .bss.Comm_unpack.lens  display_comm.o
    0x2000004d        -       0x00000064   Zero   RW          144    .bss.Comm_unpack.temp  display_comm.o
    0x200000b1   0x08008c71   0x00000001   PAD
    0x200000b2        -       0x00000040   Zero   RW          148    .bss.DataPacket_Type  display_comm.o
    0x200000f2        -       0x00000001   Zero   RW          187    .bss.Mode           display_show.o
    0x200000f3        -       0x00000064   Zero   RW           27    .bss.Rxbuffer       main.o
    0x20000157   0x08008c71   0x00000001   PAD
    0x20000158        -       0x00000800   Zero   RW          238    .bss.STMFLASH_BUF   flash.o
    0x20000958        -       0x00000040   Zero   RW          185    .bss.Show_DataPacketType  display_show.o
    0x20000998        -       0x0000000a   Zero   RW          146    .bss.TransportFrame_Type  display_comm.o
    0x200009a2        -       0x00000001   Zero   RW          290    .bss.close_delay_active  exhaust.o
    0x200009a3   0x08008c71   0x00000001   PAD
    0x200009a4        -       0x00000004   Zero   RW          291    .bss.close_delay_start  exhaust.o
    0x200009a8        -       0x00000064   Zero   RW          147    .bss.comm_buffer    display_comm.o
    0x20000a0c        -       0x00000002   Zero   RW          143    .bss.display_cmd    display_comm.o
    0x20000a0e        -       0x00000002   Zero   RW           65    .bss.exit_cnt       stm32f1xx_it.o
    0x20000a10        -       0x00000004   Zero   RW          188    .bss.factory_cal_tick  display_show.o
    0x20000a14        -       0x00000002   Zero   RW           66    .bss.freq_hz        stm32f1xx_it.o
    0x20000a16        -       0x00000002   Zero   RW          109    .bss.freq_show      get_maf.o
    0x20000a18        -       0x00000030   Zero   RW           22    .bss.hadc1          main.o
    0x20000a48        -       0x00000014   Zero   RW          273    .bss.hdac           flex.o
    0x20000a5c        -       0x00000044   Zero   RW           23    .bss.hdma_adc1      main.o
    0x20000aa0        -       0x00000044   Zero   RW           24    .bss.hdma_uart1     main.o
    0x20000ae4        -       0x00000048   Zero   RW           25    .bss.htim2          main.o
    0x20000b2c        -       0x00000044   Zero   RW           26    .bss.huart2         main.o
    0x20000b70        -       0x00000001   Zero   RW          189    .bss.last_dim       display_show.o
    0x20000b71        -       0x00000001   Zero   RW          306    .bss.last_main      spray.o
    0x20000b72        -       0x000005ee   Zero   RW          329    .bss.log_buf        log.o
    0x20001160        -       0x00000006   Zero   RW          327    .bss.log_count      log.o
    0x20001166        -       0x00000001   Zero   RW          324    .bss.log_cur        log.o
    0x20001167        -       0x00000001   Zero   RW          141    .bss.log_en         display_comm.o
    0x20001168        -       0x00000001   Zero   RW          326    .bss.log_flush_cnt  log.o
    0x20001169   0x08008c71   0x00000001   PAD
    0x2000116a        -       0x0000000c   Zero   RW          328    .bss.log_len        log.o
    0x20001176        -       0x00000002   Zero   RW          325    .bss.log_seq        log.o
    0x20001178        -       0x00000001   Zero   RW          323    .bss.log_started    log.o
    0x20001179   0x08008c71   0x00000007   PAD
    0x20001180        -       0x00000020   Zero   RW         1230    .bss.pFlash         stm32f1xx_hal_flash.o
    0x200011a0        -       0x00000001   Zero   RW          269    .bss.pa1_duty       flex.o
    0x200011a1   0x08008c71   0x00000001   PAD
    0x200011a2        -       0x00000002   Zero   RW          271    .bss.pa1_ethanol    flex.o
    0x200011a4        -       0x00000002   Zero   RW          270    .bss.pa1_freq       flex.o
    0x200011a6        -       0x00000002   Zero   RW          265    .bss.pa1_high_cnt   flex.o
    0x200011a8        -       0x00000001   Zero   RW          266    .bss.pa1_last_state  flex.o
    0x200011a9   0x08008c71   0x00000001   PAD
    0x200011aa        -       0x00000002   Zero   RW          267    .bss.pa1_rising_cnt  flex.o
    0x200011ac        -       0x00000002   Zero   RW          272    .bss.pa1_temp_x10   flex.o
    0x200011ae        -       0x00000002   Zero   RW          268    .bss.pa1_window_cnt  flex.o
    0x200011b0        -       0x00000001   Zero   RW          142    .bss.recv_offset    display_comm.o
    0x200011b1        -       0x00000001   Zero   RW          305    .bss.spray_on       spray.o
    0x200011b2   0x08008c71   0x00000002   PAD
    0x200011b4        -       0x00000004   Zero   RW          308    .bss.state_start    spray.o
    0x200011b8        -       0x00000001   Zero   RW          140    .bss.test_en        display_comm.o
    0x200011b9   0x08008c71   0x00000001   PAD
    0x200011ba        -       0x00000002   Zero   RW           64    .bss.time           stm32f1xx_it.o
    0x200011bc        -       0x00000004   Zero   RW          969    .bss.uwTick         stm32f1xx_hal.o
    0x200011c0        -       0x00000001   Zero   RW          289    .bss.valve_open     exhaust.o
    0x200011c1        -       0x00000001   Zero   RW          193    .bss.warn_slot      display_show.o
    0x200011c2   0x08008c71   0x00000002   PAD
    0x200011c4        -       0x00000004   Zero   RW          190    .bss.warn_tick      display_show.o
    0x200011c8        -       0x00000400   Zero   RW            1    STACK               startup_stm32f103xe.o


==============================================================================

Image component sizes


      Code (inc. data)   RO Data    RW Data    ZI Data      Debug   Object Name

      1716          0          0          0        280       4792   display_comm.o
      3836          0       1150          1         75       5156   display_show.o
       512          0          0          0          6       1820   exhaust.o
       838          0          0          0       2048       2895   flash.o
       812          0          0          0         34       5096   flex.o
       366          0        105          0          2       2187   get_maf.o
       698          0         43          0       1541       1531   log.o
       722          0          0          0        444       9503   main.o
       948          0         53         32          0       3466   pump.o
       512          0          0          0          6       1564   spray.o
        36          8        304          0       1024        772   startup_stm32f103xe.o
       266          0          0          5          4       5868   stm32f1xx_hal.o
      2148          0          0          0          0       9275   stm32f1xx_hal_adc.o
       394          0          0          0          0       7376   stm32f1xx_hal_adc_ex.o
       550          0          0          0          0       7821   stm32f1xx_hal_cortex.o
       486          0          0          0          0       6305   stm32f1xx_hal_dac.o
      2206          0          0          0          0       7260   stm32f1xx_hal_dma.o
      1136          0          0          0         32       4799   stm32f1xx_hal_flash.o
      1848          0          0          0          0       5807   stm32f1xx_hal_flash_ex.o
       970          0          0          0          0       4236   stm32f1xx_hal_gpio.o
       998          0          0          0          0       8637   stm32f1xx_hal_msp.o
      2644          0          0          0          0       7369   stm32f1xx_hal_rcc.o
       934         16          0          0          0       3199   stm32f1xx_hal_rcc_ex.o
      3016         14          0          0          0      34648   stm32f1xx_hal_tim.o
       256          0          0          0          0      14709   stm32f1xx_hal_tim_ex.o
      1122          0          0          0          0      17707   stm32f1xx_hal_uart.o
       212          0          0          0          6       2123   stm32f1xx_it.o
         2          0         24          4          0       1534   system_stm32f1xx.o

    ----------------------------------------------------------------------
     30352         38       1712         48       5524     187455   Object Totals
         0          0         32          0          0          0   (incl. Generated)
       168          0          1          6         22          0   (incl. Padding)

    ----------------------------------------------------------------------

      Code (inc. data)   RO Data    RW Data    ZI Data      Debug   Library Member Name

         0          0          0          0          0          0   entry.o
         0          0          0          0          0          0   entry10a.o
         0          0          0          0          0          0   entry11a.o
         8          4          0          0          0          0   entry2.o
         4          0          0          0          0          0   entry5.o
         0          0          0          0          0          0   entry7b.o
         0          0          0          0          0          0   entry8b.o
         8          4          0          0          0          0   entry9a.o
        30          0          0          0          0          0   handlers.o
        48         10          0          0          0         68   init.o
         0          0          0          0          0          0   iusefp.o
        30          0          0          0          0         68   llshl.o
        36          0          0          0          0         68   llsshr.o
        32          0          0          0          0         68   llushr.o
        26          0          0          0          0         80   memcmp.o
        36          0          0          0          0         68   memcpya.o
        36          0          0          0          0        108   memseta.o
      2332         94          0          0          0        608   printfa.o
         0          0          0          4          0          0   stdout.o
        44          0          0          0          0         80   uidiv.o
        98          0          0          0          0         92   uldiv.o
        48          0          0          0          0         68   cdrcmple.o
       334          0          0          0          0        148   dadd.o
       222          0          0          0          0        100   ddiv.o
       186          0          0          0          0        176   depilogue.o
        48          0          0          0          0         68   dfixul.o
       228          0          0          0          0         96   dmul.o

    ----------------------------------------------------------------------
      3840        112          0          4          0       1964   Library Totals
         6          0          0          0          0          0   (incl. Padding)

    ----------------------------------------------------------------------

      Code (inc. data)   RO Data    RW Data    ZI Data      Debug   Library Name

      2768        112          0          4          0       1308   mc_w.l
      1066          0          0          0          0        656   mf_w.l

    ----------------------------------------------------------------------
      3840        112          0          4          0       1964   Library Totals

    ----------------------------------------------------------------------

==============================================================================


      Code (inc. data)   RO Data    RW Data    ZI Data      Debug   

     34192        150       1712         52       5524     188011   Grand Totals
     34192        150       1712         52       5524     188011   ELF Image Totals
     34192        150       1712         52          0          0   ROM Totals

==============================================================================

    Total RO  Size (Code + RO Data)                35904 (  35.06kB)
    Total RW  Size (RW Data + ZI Data)              5576 (   5.45kB)
    Total ROM Size (Code + RO Data + RW Data)      35956 (  35.11kB)

==============================================================================

